08-14 15:34:03.243  3092  3712 I ActivityManager: START u0 {act=android.intent.action.VIEW dat=content://media/external/images/media/44651 typ=image/jpeg flg=0x3000003 cmp=com.tcl.gallery/.view.externalPreview.ExternalPreviewActivity (has extras)} from uid 10127
08-14 15:34:03.268  3092  3338 I WindowManager: Focus moving from Window{87b7beb u0 android/com.android.internal.app.ResolverActivity} to null
08-14 15:34:03.269  3092  3419 I NetworkStatsRecorder: recordSnapshotLocked: ident[[{type=WIFI, subType=COMBINED, networkId="HG532e-ZSD2MB", metered=false}]]
08-14 15:34:03.269  3092  3419 W NetworkStatsRecorder: unknown interfaces [lo], ignoring those stats
08-14 15:34:03.269  3092  3419 I NetworkStatsRecorder: recordSnapshotLocked: ident[[{type=WIFI, subType=COMBINED, networkId="HG532e-ZSD2MB", metered=false}]]
08-14 15:34:03.269  3092  3419 W NetworkStatsRecorder: unknown interfaces [lo], ignoring those stats
08-14 15:34:03.270  3092  3419 I NetworkStatsRecorder: recordSnapshotLocked: ident[[{type=WIFI, subType=COMBINED, networkId="HG532e-ZSD2MB", metered=false}]]
08-14 15:34:03.270  3092  3419 I NetworkStatsRecorder: recordSnapshotLocked: ident[[{type=WIFI, subType=COMBINED, networkId="HG532e-ZSD2MB", metered=false}]]
08-14 15:34:03.270  3092  3419 W NetworkStatsRecorder: unknown interfaces [lo], ignoring those stats
08-14 15:34:03.270  3092  3419 I NetworkStatsRecorder: recordSnapshotLocked: ident[[{type=WIFI, subType=COMBINED, networkId="HG532e-ZSD2MB", metered=false}]]
08-14 15:34:03.270  3092  3419 W NetworkStatsRecorder: unknown interfaces [lo], ignoring those stats
08-14 15:34:03.295  3092  3419 I chatty  : uid=1000(system) DuraSpeedEventT identical 3 lines
08-14 15:34:03.296  3092  3419 W NetworkStatsRecorder: unknown interfaces [lo], ignoring those stats
08-14 15:34:03.303  2686  2686 I AttrNameManager: <<<<<<<<<mService = android.app.IAttrNameManager$Stub$Proxy@f3e77ce
08-14 15:34:03.369  3092 31850 I WindowManager: Relayout Window{d77ff45 u0 com.tcl.gallery/com.tcl.gallery.view.externalPreview.ExternalPreviewActivity}: oldVis=4 newVis=0 focusMayChange = true
08-14 15:34:03.379  3092  3338 I WindowManager: Focus moving from null to Window{d77ff45 u0 com.tcl.gallery/com.tcl.gallery.view.externalPreview.ExternalPreviewActivity}
08-14 15:34:05.612  3092  3338 I WindowManager: Focus moving from Window{d77ff45 u0 com.tcl.gallery/com.tcl.gallery.view.externalPreview.ExternalPreviewActivity} to null
08-14 15:34:05.615  3092  3419 I NetworkStatsRecorder: recordSnapshotLocked: ident[[{type=WIFI, subType=COMBINED, networkId="HG532e-ZSD2MB", metered=false}]]
08-14 15:34:05.616  3092  3419 W NetworkStatsRecorder: unknown interfaces [lo], ignoring those stats
08-14 15:34:05.616  3092  3419 I NetworkStatsRecorder: recordSnapshotLocked: ident[[{type=WIFI, subType=COMBINED, networkId="HG532e-ZSD2MB", metered=false}]]
08-14 15:34:05.616  3092  3419 W NetworkStatsRecorder: unknown interfaces [lo], ignoring those stats
08-14 15:34:05.616  3092  3419 I NetworkStatsRecorder: recordSnapshotLocked: ident[[{type=WIFI, subType=COMBINED, networkId="HG532e-ZSD2MB", metered=false}]]
08-14 15:34:05.616  3092  3419 I NetworkStatsRecorder: recordSnapshotLocked: ident[[{type=WIFI, subType=COMBINED, networkId="HG532e-ZSD2MB", metered=false}]]
08-14 15:34:05.617  3092  3419 W NetworkStatsRecorder: unknown interfaces [lo], ignoring those stats
08-14 15:34:05.617  3092  3419 I NetworkStatsRecorder: recordSnapshotLocked: ident[[{type=WIFI, subType=COMBINED, networkId="HG532e-ZSD2MB", metered=false}]]
08-14 15:34:05.617  3092  3419 W NetworkStatsRecorder: unknown interfaces [lo], ignoring those stats
08-14 15:34:05.634  3092  4481 I WindowManager: Relayout Window{fb7c508 u0 com.jrdcom.filemanager/com.jrdcom.filemanager.activity.FileBrowserActivity}: oldVis=4 newVis=0 focusMayChange = true
08-14 15:34:05.640  3092  3712 I WindowManager: Relayout Window{2364d2 u0 com.tct.launcher/com.tct.launcher.Launcher EXITING}: oldVis=4 newVis=0 focusMayChange = true
08-14 15:34:05.641  3092  3419 W NetworkStatsRecorder: unknown interfaces [lo], ignoring those stats
08-14 15:34:05.641  3092  3419 I chatty  : uid=1000(system) DuraSpeedEventT identical 2 lines
08-14 15:34:05.641  3092  3419 W NetworkStatsRecorder: unknown interfaces [lo], ignoring those stats
08-14 15:34:05.649  3092  3338 I WindowManager: Focus moving from null to Window{fb7c508 u0 com.jrdcom.filemanager/com.jrdcom.filemanager.activity.FileBrowserActivity}
08-14 15:34:06.972  3092  4264 I ActivityManager: START u0 {act=android.intent.action.VIEW dat=content://media/external/images/media/44651 typ=image/jpeg flg=0x3 cmp=android/com.android.internal.app.ResolverActivity (has extras)} from uid 10127
08-14 15:34:06.996  3092  3338 I WindowManager: Focus moving from Window{fb7c508 u0 com.jrdcom.filemanager/com.jrdcom.filemanager.activity.FileBrowserActivity} to null
08-14 15:34:06.997  3092  3419 I NetworkStatsRecorder: recordSnapshotLocked: ident[[{type=WIFI, subType=COMBINED, networkId="HG532e-ZSD2MB", metered=false}]]
08-14 15:34:06.998  3092  3419 W NetworkStatsRecorder: unknown interfaces [lo], ignoring those stats
08-14 15:34:06.998  3092  3419 I NetworkStatsRecorder: recordSnapshotLocked: ident[[{type=WIFI, subType=COMBINED, networkId="HG532e-ZSD2MB", metered=false}]]
08-14 15:34:06.998  3092  3419 W NetworkStatsRecorder: unknown interfaces [lo], ignoring those stats
08-14 15:34:06.998  3092  3419 I NetworkStatsRecorder: recordSnapshotLocked: ident[[{type=WIFI, subType=COMBINED, networkId="HG532e-ZSD2MB", metered=false}]]
08-14 15:34:06.998  3092  3419 I NetworkStatsRecorder: recordSnapshotLocked: ident[[{type=WIFI, subType=COMBINED, networkId="HG532e-ZSD2MB", metered=false}]]
08-14 15:34:06.998  3092  3419 W NetworkStatsRecorder: unknown interfaces [lo], ignoring those stats
08-14 15:34:06.999  3092  3419 I NetworkStatsRecorder: recordSnapshotLocked: ident[[{type=WIFI, subType=COMBINED, networkId="HG532e-ZSD2MB", metered=false}]]
08-14 15:34:06.999  3092  3419 W NetworkStatsRecorder: unknown interfaces [lo], ignoring those stats
08-14 15:34:07.017  3092  3419 I chatty  : uid=1000(system) DuraSpeedEventT identical 3 lines
08-14 15:34:07.017  3092  3419 W NetworkStatsRecorder: unknown interfaces [lo], ignoring those stats
08-14 15:34:07.028  3238  3238 I AttrNameManager: <<<<<<<<<mService = android.app.IAttrNameManager$Stub$Proxy@257f56f
08-14 15:34:07.059  3092  3712 I WindowManager: Relayout Window{47cc523 u0 android/com.android.internal.app.ResolverActivity}: oldVis=4 newVis=0 focusMayChange = true
08-14 15:34:07.068  3092  3338 I WindowManager: Focus moving from null to Window{47cc523 u0 android/com.android.internal.app.ResolverActivity}
08-14 15:34:07.908  3092  4264 I PackageManager: Setting last chosen activity com.tcl.gallery/.view.externalPreview.ExternalPreviewActivity for user 0:
08-14 15:34:07.909  3092  4481 I ActivityManager: START u0 {act=android.intent.action.VIEW dat=content://media/external/images/media/44651 typ=image/jpeg flg=0x3000003 cmp=com.tcl.gallery/.view.externalPreview.ExternalPreviewActivity (has extras)} from uid 10127
08-14 15:34:07.939  3092  3419 W NetworkStatsRecorder: unknown interfaces [lo], ignoring those stats
08-14 15:34:07.939  3092  3338 I WindowManager: Focus moving from Window{47cc523 u0 android/com.android.internal.app.ResolverActivity} to null
08-14 15:34:07.939  3092  3419 W NetworkStatsRecorder: unknown interfaces [lo], ignoring those stats
08-14 15:34:07.940  3092  3419 I chatty  : uid=1000(system) DuraSpeedEventT identical 1 line
08-14 15:34:07.940  3092  3419 W NetworkStatsRecorder: unknown interfaces [lo], ignoring those stats
08-14 15:34:07.967  2686  2686 I AttrNameManager: <<<<<<<<<mService = android.app.IAttrNameManager$Stub$Proxy@bd242cb
08-14 15:34:07.972  3092  3419 W NetworkStatsRecorder: unknown interfaces [lo], ignoring those stats
08-14 15:34:07.972  3092  3419 I chatty  : uid=1000(system) DuraSpeedEventT identical 2 lines
08-14 15:34:07.973  3092  3419 W NetworkStatsRecorder: unknown interfaces [lo], ignoring those stats
08-14 15:34:08.027  3092  4481 I WindowManager: Relayout Window{2da43bd u0 com.tcl.gallery/com.tcl.gallery.view.externalPreview.ExternalPreviewActivity}: oldVis=4 newVis=0 focusMayChange = true
08-14 15:34:08.037  3092  3338 I WindowManager: Focus moving from null to Window{2da43bd u0 com.tcl.gallery/com.tcl.gallery.view.externalPreview.ExternalPreviewActivity}
08-14 15:34:09.284  3092  3338 I WindowManager: Focus moving from Window{2da43bd u0 com.tcl.gallery/com.tcl.gallery.view.externalPreview.ExternalPreviewActivity} to null
08-14 15:34:09.286  3092  3419 I NetworkStatsRecorder: recordSnapshotLocked: ident[[{type=WIFI, subType=COMBINED, networkId="HG532e-ZSD2MB", metered=false}]]
08-14 15:34:09.286  3092  3419 W NetworkStatsRecorder: unknown interfaces [lo], ignoring those stats
08-14 15:34:09.287  3092  3419 I NetworkStatsRecorder: recordSnapshotLocked: ident[[{type=WIFI, subType=COMBINED, networkId="HG532e-ZSD2MB", metered=false}]]
08-14 15:34:09.287  3092  3419 W NetworkStatsRecorder: unknown interfaces [lo], ignoring those stats
08-14 15:34:09.287  3092  3419 I NetworkStatsRecorder: recordSnapshotLocked: ident[[{type=WIFI, subType=COMBINED, networkId="HG532e-ZSD2MB", metered=false}]]
08-14 15:34:09.287  3092  3419 W NetworkStatsRecorder: unknown interfaces [lo], ignoring those stats
08-14 15:34:09.287  3092  3419 I NetworkStatsRecorder: recordSnapshotLocked: ident[[{type=WIFI, subType=COMBINED, networkId="HG532e-ZSD2MB", metered=false}]]
08-14 15:34:09.288  3092  3419 I chatty  : uid=1000(system) DuraSpeedEventT identical 1 line
08-14 15:34:09.288  3092  3419 I NetworkStatsRecorder: recordSnapshotLocked: ident[[{type=WIFI, subType=COMBINED, networkId="HG532e-ZSD2MB", metered=false}]]
08-14 15:34:09.288  3092  3419 W NetworkStatsRecorder: unknown interfaces [lo], ignoring those stats
08-14 15:34:09.303  3092  3419 I chatty  : uid=1000(system) DuraSpeedEventT identical 3 lines
08-14 15:34:09.303  3092  3419 W NetworkStatsRecorder: unknown interfaces [lo], ignoring those stats
08-14 15:34:09.305  3092 31850 I WindowManager: Relayout Window{fb7c508 u0 com.jrdcom.filemanager/com.jrdcom.filemanager.activity.FileBrowserActivity}: oldVis=4 newVis=0 focusMayChange = true
08-14 15:34:09.310  3092 24496 I WindowManager: Relayout Window{2364d2 u0 com.tct.launcher/com.tct.launcher.Launcher EXITING}: oldVis=4 newVis=0 focusMayChange = true
08-14 15:34:09.315  3092  3338 I WindowManager: Focus moving from null to Window{fb7c508 u0 com.jrdcom.filemanager/com.jrdcom.filemanager.activity.FileBrowserActivity}
08-14 15:34:11.303  3092 24496 I ActivityManager: START u0 {act=android.intent.action.VIEW dat=content://media/external/images/media/44650 typ=image/jpeg flg=0x3 cmp=android/com.android.internal.app.ResolverActivity (has extras)} from uid 10127
08-14 15:34:11.325  3092  3338 I WindowManager: Focus moving from Window{fb7c508 u0 com.jrdcom.filemanager/com.jrdcom.filemanager.activity.FileBrowserActivity} to null
08-14 15:34:11.328  3092  3419 I NetworkStatsRecorder: recordSnapshotLocked: ident[[{type=WIFI, subType=COMBINED, networkId="HG532e-ZSD2MB", metered=false}]]
08-14 15:34:11.328  3092  3419 W NetworkStatsRecorder: unknown interfaces [lo], ignoring those stats
08-14 15:34:11.328  3092  3419 I NetworkStatsRecorder: recordSnapshotLocked: ident[[{type=WIFI, subType=COMBINED, networkId="HG532e-ZSD2MB", metered=false}]]
08-14 15:34:11.328  3092  3419 W NetworkStatsRecorder: unknown interfaces [lo], ignoring those stats
08-14 15:34:11.328  3092  3419 I NetworkStatsRecorder: recordSnapshotLocked: ident[[{type=WIFI, subType=COMBINED, networkId="HG532e-ZSD2MB", metered=false}]]
08-14 15:34:11.329  3092  3419 I NetworkStatsRecorder: recordSnapshotLocked: ident[[{type=WIFI, subType=COMBINED, networkId="HG532e-ZSD2MB", metered=false}]]
08-14 15:34:11.329  3092  3419 W NetworkStatsRecorder: unknown interfaces [lo], ignoring those stats
08-14 15:34:11.329  3092  3419 I NetworkStatsRecorder: recordSnapshotLocked: ident[[{type=WIFI, subType=COMBINED, networkId="HG532e-ZSD2MB", metered=false}]]
08-14 15:34:11.329  3092  3419 W NetworkStatsRecorder: unknown interfaces [lo], ignoring those stats
08-14 15:34:11.346  3092  3419 I chatty  : uid=1000(system) DuraSpeedEventT identical 3 lines
08-14 15:34:11.346  3092  3419 W NetworkStatsRecorder: unknown interfaces [lo], ignoring those stats
08-14 15:34:11.357  3238  3238 I AttrNameManager: <<<<<<<<<mService = android.app.IAttrNameManager$Stub$Proxy@3e73486
08-14 15:34:11.394  3092 24496 I WindowManager: Relayout Window{dd5f55b u0 android/com.android.internal.app.ResolverActivity}: oldVis=4 newVis=0 focusMayChange = true
08-14 15:34:11.404  3092  3338 I WindowManager: Focus moving from null to Window{dd5f55b u0 android/com.android.internal.app.ResolverActivity}
08-14 15:34:12.203  3092  4481 I PackageManager: Setting last chosen activity com.tcl.gallery/.view.externalPreview.ExternalPreviewActivity for user 0:
08-14 15:34:12.205  3092 24496 I ActivityManager: START u0 {act=android.intent.action.VIEW dat=content://media/external/images/media/44650 typ=image/jpeg flg=0x3000003 cmp=com.tcl.gallery/.view.externalPreview.ExternalPreviewActivity (has extras)} from uid 10127
08-14 15:34:12.224  3092  3338 I WindowManager: Focus moving from Window{dd5f55b u0 android/com.android.internal.app.ResolverActivity} to null
08-14 15:34:12.224  3092  3419 I NetworkStatsRecorder: recordSnapshotLocked: ident[[{type=WIFI, subType=COMBINED, networkId="HG532e-ZSD2MB", metered=false}]]
08-14 15:34:12.225  3092  3419 W NetworkStatsRecorder: unknown interfaces [lo], ignoring those stats
08-14 15:34:12.225  3092  3419 I NetworkStatsRecorder: recordSnapshotLocked: ident[[{type=WIFI, subType=COMBINED, networkId="HG532e-ZSD2MB", metered=false}]]
08-14 15:34:12.225  3092  3419 W NetworkStatsRecorder: unknown interfaces [lo], ignoring those stats
08-14 15:34:12.225  3092  3419 I chatty  : uid=1000(system) DuraSpeedEventT identical 1 line
08-14 15:34:12.225  3092  3419 W NetworkStatsRecorder: unknown interfaces [lo], ignoring those stats
08-14 15:34:12.252  2686  2686 I AttrNameManager: <<<<<<<<<mService = android.app.IAttrNameManager$Stub$Proxy@7231e6f
08-14 15:34:12.255  3092  3419 W NetworkStatsRecorder: unknown interfaces [lo], ignoring those stats
08-14 15:34:12.256  3092  3419 I chatty  : uid=1000(system) DuraSpeedEventT identical 2 lines
08-14 15:34:12.256  3092  3419 W NetworkStatsRecorder: unknown interfaces [lo], ignoring those stats
08-14 15:34:12.314  3092 24496 I WindowManager: Relayout Window{645d735 u0 com.tcl.gallery/com.tcl.gallery.view.externalPreview.ExternalPreviewActivity}: oldVis=4 newVis=0 focusMayChange = true
08-14 15:34:12.322  3092  3338 I WindowManager: Focus moving from null to Window{645d735 u0 com.tcl.gallery/com.tcl.gallery.view.externalPreview.ExternalPreviewActivity}
08-14 15:34:15.439  3092  3541 I DataShapingService: openLteGateSuccess = false
08-14 15:34:26.853  3092  3541 I DataShapingService: openLteGateSuccess = false
08-14 15:34:27.655  3092  3419 I NetworkStatsRecorder: recordSnapshotLocked: ident[[{type=WIFI, subType=COMBINED, networkId="HG532e-ZSD2MB", metered=false}]]
08-14 15:34:27.655  3092  3419 W NetworkStatsRecorder: unknown interfaces [lo], ignoring those stats
08-14 15:34:27.656  3092  3419 I NetworkStatsRecorder: recordSnapshotLocked: ident[[{type=WIFI, subType=COMBINED, networkId="HG532e-ZSD2MB", metered=false}]]
08-14 15:34:27.656  3092  3419 W NetworkStatsRecorder: unknown interfaces [lo], ignoring those stats
08-14 15:34:27.657  3092  3419 I NetworkStatsRecorder: recordSnapshotLocked: ident[[{type=WIFI, subType=COMBINED, networkId="HG532e-ZSD2MB", metered=false}]]
08-14 15:34:27.657  3092  3419 I chatty  : uid=1000(system) DuraSpeedEventT identical 1 line
08-14 15:34:27.658  3092  3419 I NetworkStatsRecorder: recordSnapshotLocked: ident[[{type=WIFI, subType=COMBINED, networkId="HG532e-ZSD2MB", metered=false}]]
08-14 15:34:27.658  3092  3419 W NetworkStatsRecorder: unknown interfaces [lo], ignoring those stats
08-14 15:34:27.659  3092  3419 I NetworkStatsRecorder: recordSnapshotLocked: ident[[{type=WIFI, subType=COMBINED, networkId="HG532e-ZSD2MB", metered=false}]]
08-14 15:34:27.659  3092  3419 I chatty  : uid=1000(system) DuraSpeedEventT identical 1 line
08-14 15:34:27.660  3092  3419 I NetworkStatsRecorder: recordSnapshotLocked: ident[[{type=WIFI, subType=COMBINED, networkId="HG532e-ZSD2MB", metered=false}]]
08-14 15:34:27.660  3092  3419 W NetworkStatsRecorder: unknown interfaces [lo], ignoring those stats
08-14 15:34:27.694  3092  3419 I NetworkStatsRecorder: recordSnapshotLocked: ident[[{type=WIFI, subType=COMBINED, networkId="HG532e-ZSD2MB", metered=false}]]
08-14 15:34:27.695  3092  3419 W NetworkStatsRecorder: unknown interfaces [lo], ignoring those stats
08-14 15:34:27.695  3092  3419 I NetworkStatsRecorder: recordSnapshotLocked: ident[[{type=WIFI, subType=COMBINED, networkId="HG532e-ZSD2MB", metered=false}]]
08-14 15:34:27.696  3092  3419 W NetworkStatsRecorder: unknown interfaces [lo], ignoring those stats
08-14 15:34:27.697  3092  3419 I NetworkStatsRecorder: recordSnapshotLocked: ident[[{type=WIFI, subType=COMBINED, networkId="HG532e-ZSD2MB", metered=false}]]
08-14 15:34:27.697  3092  3419 W NetworkStatsRecorder: unknown interfaces [lo], ignoring those stats
08-14 15:34:27.698  3092  3419 I NetworkStatsRecorder: recordSnapshotLocked: ident[[{type=WIFI, subType=COMBINED, networkId="HG532e-ZSD2MB", metered=false}]]
08-14 15:34:27.698  3092  3419 W NetworkStatsRecorder: unknown interfaces [lo], ignoring those stats
08-14 15:34:45.287  3092  3092 I DeviceIdleController: updateChargingLocked: charging=false
08-14 15:34:45.290  4358  4358 W ContextImpl: Calling a method in the system process without a qualified user: android.app.ContextImpl.startService:1477 android.content.ContextWrapper.startService:654 com.tct.onetouchbooster.service.BoosterService$BatteryChangeReceiver.onReceive:5236 android.app.LoadedApk$ReceiverDispatcher$Args.lambda$-android_app_LoadedApk$ReceiverDispatcher$Args_53034:1323 android.app.-$Lambda$aS31cHIhRx41653CMnd4gZqshIQ.$m$7:4 
08-14 15:34:45.331  3092  3293 E BatteryExternalStatsWorker: no controller energy info supplied for wifi
08-14 15:34:45.333  3092  3293 E BatteryExternalStatsWorker: no controller energy info supplied for bluetooth
08-14 15:34:45.381  3092  3293 E KernelCpuSpeedReader: Failed to read cpu-freq: /sys/devices/system/cpu/cpu0/cpufreq/stats/time_in_state (No such file or directory)
08-14 15:34:45.426  3092  3293 E BatteryExternalStatsWorker: no controller energy info supplied for wifi
08-14 15:34:45.427  3092  3293 E BatteryExternalStatsWorker: no controller energy info supplied for bluetooth
08-14 15:34:45.469  3092  3293 E KernelCpuSpeedReader: Failed to read cpu-freq: /sys/devices/system/cpu/cpu0/cpufreq/stats/time_in_state (No such file or directory)
08-14 15:34:55.365  3092  3541 I DataShapingService: openLteGateSuccess = false
08-14 15:34:57.010  3092  3541 I DataShapingService: openLteGateSuccess = false
08-14 15:34:57.805  3092  3419 I NetworkStatsRecorder: recordSnapshotLocked: ident[[{type=WIFI, subType=COMBINED, networkId="HG532e-ZSD2MB", metered=false}]]
08-14 15:34:57.805  3092  3419 W NetworkStatsRecorder: unknown interfaces [lo], ignoring those stats
08-14 15:34:57.806  3092  3419 I NetworkStatsRecorder: recordSnapshotLocked: ident[[{type=WIFI, subType=COMBINED, networkId="HG532e-ZSD2MB", metered=false}]]
08-14 15:34:57.806  3092  3419 W NetworkStatsRecorder: unknown interfaces [lo], ignoring those stats
08-14 15:34:57.807  3092  3419 I NetworkStatsRecorder: recordSnapshotLocked: ident[[{type=WIFI, subType=COMBINED, networkId="HG532e-ZSD2MB", metered=false}]]
08-14 15:34:57.807  3092  3419 I chatty  : uid=1000(system) DuraSpeedEventT identical 1 line
08-14 15:34:57.808  3092  3419 I NetworkStatsRecorder: recordSnapshotLocked: ident[[{type=WIFI, subType=COMBINED, networkId="HG532e-ZSD2MB", metered=false}]]
08-14 15:34:57.808  3092  3419 W NetworkStatsRecorder: unknown interfaces [lo], ignoring those stats
08-14 15:34:57.809  3092  3419 I NetworkStatsRecorder: recordSnapshotLocked: ident[[{type=WIFI, subType=COMBINED, networkId="HG532e-ZSD2MB", metered=false}]]
08-14 15:34:57.809  3092  3419 I chatty  : uid=1000(system) DuraSpeedEventT identical 1 line
08-14 15:34:57.810  3092  3419 I NetworkStatsRecorder: recordSnapshotLocked: ident[[{type=WIFI, subType=COMBINED, networkId="HG532e-ZSD2MB", metered=false}]]
08-14 15:34:57.810  3092  3419 W NetworkStatsRecorder: unknown interfaces [lo], ignoring those stats
08-14 15:34:57.859  3092  3419 I NetworkStatsRecorder: recordSnapshotLocked: ident[[{type=WIFI, subType=COMBINED, networkId="HG532e-ZSD2MB", metered=false}]]
08-14 15:34:57.860  3092  3419 W NetworkStatsRecorder: unknown interfaces [lo], ignoring those stats
08-14 15:34:57.860  3092  3419 I NetworkStatsRecorder: recordSnapshotLocked: ident[[{type=WIFI, subType=COMBINED, networkId="HG532e-ZSD2MB", metered=false}]]
08-14 15:34:57.860  3092  3419 W NetworkStatsRecorder: unknown interfaces [lo], ignoring those stats
08-14 15:34:57.861  3092  3419 I NetworkStatsRecorder: recordSnapshotLocked: ident[[{type=WIFI, subType=COMBINED, networkId="HG532e-ZSD2MB", metered=false}]]
08-14 15:34:57.861  3092  3419 W NetworkStatsRecorder: unknown interfaces [lo], ignoring those stats
08-14 15:34:57.861  3092  3419 I NetworkStatsRecorder: recordSnapshotLocked: ident[[{type=WIFI, subType=COMBINED, networkId="HG532e-ZSD2MB", metered=false}]]
08-14 15:34:57.862  3092  3419 W NetworkStatsRecorder: unknown interfaces [lo], ignoring those stats
08-14 15:35:00.003  3092  3541 I DataShapingService: openLteGateSuccess = false
08-14 15:35:13.972  4358  3113 W ContextImpl: Calling a method in the system process without a qualified user: android.app.ContextImpl.startService:1477 android.content.ContextWrapper.startService:654 com.tct.onetouchbooster.service.BoosterService$SysConsumeTask.run:4289 java.util.TimerThread.mainLoop:555 java.util.TimerThread.run:505 
08-14 15:35:14.450  3092  3293 E BatteryExternalStatsWorker: no controller energy info supplied for wifi
08-14 15:35:14.450  3092  3293 E BatteryExternalStatsWorker: no controller energy info supplied for bluetooth
08-14 15:35:14.497  3092  3293 E KernelCpuSpeedReader: Failed to read cpu-freq: /sys/devices/system/cpu/cpu0/cpufreq/stats/time_in_state (No such file or directory)
08-14 15:35:14.561  3092  3293 E BatteryExternalStatsWorker: no controller energy info supplied for wifi
08-14 15:35:14.561  3092  3293 E BatteryExternalStatsWorker: no controller energy info supplied for bluetooth
08-14 15:35:14.616  3092  3293 E KernelCpuSpeedReader: Failed to read cpu-freq: /sys/devices/system/cpu/cpu0/cpufreq/stats/time_in_state (No such file or directory)
08-14 15:35:15.092  4358  3497 W ContextImpl: Calling a method in the system process without a qualified user: android.app.ContextImpl.startService:1477 android.content.ContextWrapper.startService:654 com.tct.onetouchbooster.service.PowerIntensiveService.calculatePowerIntensiveApps:163 com.tct.onetouchbooster.service.PowerIntensiveService.onHandleIntent:54 android.app.IntentService$ServiceHandler.handleMessage:76 
08-14 15:35:27.182  3092  3541 I DataShapingService: openLteGateSuccess = false
08-14 15:35:27.971  3092  3419 I NetworkStatsRecorder: recordSnapshotLocked: ident[[{type=WIFI, subType=COMBINED, networkId="HG532e-ZSD2MB", metered=false}]]
08-14 15:35:27.972  3092  3419 W NetworkStatsRecorder: unknown interfaces [lo], ignoring those stats
08-14 15:35:27.972  3092  3419 I NetworkStatsRecorder: recordSnapshotLocked: ident[[{type=WIFI, subType=COMBINED, networkId="HG532e-ZSD2MB", metered=false}]]
08-14 15:35:27.972  3092  3419 W NetworkStatsRecorder: unknown interfaces [lo], ignoring those stats
08-14 15:35:27.973  3092  3419 I NetworkStatsRecorder: recordSnapshotLocked: ident[[{type=WIFI, subType=COMBINED, networkId="HG532e-ZSD2MB", metered=false}]]
08-14 15:35:27.973  3092  3419 I NetworkStatsRecorder: recordSnapshotLocked: ident[[{type=WIFI, subType=COMBINED, networkId="HG532e-ZSD2MB", metered=false}]]
08-14 15:35:27.973  3092  3419 W NetworkStatsRecorder: unknown interfaces [lo], ignoring those stats
08-14 15:35:27.973  3092  3419 I NetworkStatsRecorder: recordSnapshotLocked: ident[[{type=WIFI, subType=COMBINED, networkId="HG532e-ZSD2MB", metered=false}]]
08-14 15:35:27.974  3092  3419 I chatty  : uid=1000(system) DuraSpeedEventT identical 1 line
08-14 15:35:27.974  3092  3419 I NetworkStatsRecorder: recordSnapshotLocked: ident[[{type=WIFI, subType=COMBINED, networkId="HG532e-ZSD2MB", metered=false}]]
08-14 15:35:27.974  3092  3419 W NetworkStatsRecorder: unknown interfaces [lo], ignoring those stats
08-14 15:35:28.004  3092  3419 I chatty  : uid=1000(system) DuraSpeedEventT identical 3 lines
08-14 15:35:28.004  3092  3419 W NetworkStatsRecorder: unknown interfaces [lo], ignoring those stats
08-14 15:35:55.454  3092  3541 I DataShapingService: openLteGateSuccess = true
08-14 15:35:57.348  3092  3541 I DataShapingService: openLteGateSuccess = false
08-14 15:35:58.073  3092  3419 I NetworkStatsRecorder: recordSnapshotLocked: ident[[{type=WIFI, subType=COMBINED, networkId="HG532e-ZSD2MB", metered=false}]]
08-14 15:35:58.074  3092  3419 W NetworkStatsRecorder: unknown interfaces [lo], ignoring those stats
08-14 15:35:58.074  3092  3419 I NetworkStatsRecorder: recordSnapshotLocked: ident[[{type=WIFI, subType=COMBINED, networkId="HG532e-ZSD2MB", metered=false}]]
08-14 15:35:58.074  3092  3419 W NetworkStatsRecorder: unknown interfaces [lo], ignoring those stats
08-14 15:35:58.075  3092  3419 I NetworkStatsRecorder: recordSnapshotLocked: ident[[{type=WIFI, subType=COMBINED, networkId="HG532e-ZSD2MB", metered=false}]]
08-14 15:35:58.076  3092  3419 I NetworkStatsRecorder: recordSnapshotLocked: ident[[{type=WIFI, subType=COMBINED, networkId="HG532e-ZSD2MB", metered=false}]]
08-14 15:35:58.076  3092  3419 W NetworkStatsRecorder: unknown interfaces [lo], ignoring those stats
08-14 15:35:58.077  3092  3419 I NetworkStatsRecorder: recordSnapshotLocked: ident[[{type=WIFI, subType=COMBINED, networkId="HG532e-ZSD2MB", metered=false}]]
08-14 15:35:58.077  3092  3419 I chatty  : uid=1000(system) DuraSpeedEventT identical 2 lines
08-14 15:35:58.078  3092  3419 I NetworkStatsRecorder: recordSnapshotLocked: ident[[{type=WIFI, subType=COMBINED, networkId="HG532e-ZSD2MB", metered=false}]]
08-14 15:35:58.078  3092  3419 W NetworkStatsRecorder: unknown interfaces [lo], ignoring those stats
08-14 15:35:58.114  3092  3419 I chatty  : uid=1000(system) DuraSpeedEventT identical 3 lines
08-14 15:35:58.115  3092  3419 W NetworkStatsRecorder: unknown interfaces [lo], ignoring those stats
08-14 15:36:00.006  3092  3541 I DataShapingService: openLteGateSuccess = false
08-14 15:36:06.722  3092  3464 I PowerManagerService: Going to sleep due to screen timeout (uid 1000)...
08-14 15:36:06.723  3092  3464 I PowerManagerService: Sleeping (uid 1000)...
08-14 15:36:06.758  3092  3419 I NetworkStatsRecorder: recordSnapshotLocked: ident[[{type=WIFI, subType=COMBINED, networkId="HG532e-ZSD2MB", metered=false}]]
08-14 15:36:06.759  3092  3419 W NetworkStatsRecorder: unknown interfaces [lo], ignoring those stats
08-14 15:36:06.759  3092  3419 I NetworkStatsRecorder: recordSnapshotLocked: ident[[{type=WIFI, subType=COMBINED, networkId="HG532e-ZSD2MB", metered=false}]]
08-14 15:36:06.760  3092  3419 W NetworkStatsRecorder: unknown interfaces [lo], ignoring those stats
08-14 15:36:06.760  3092  3419 I NetworkStatsRecorder: recordSnapshotLocked: ident[[{type=WIFI, subType=COMBINED, networkId="HG532e-ZSD2MB", metered=false}]]
08-14 15:36:06.761  3092  3419 I NetworkStatsRecorder: recordSnapshotLocked: ident[[{type=WIFI, subType=COMBINED, networkId="HG532e-ZSD2MB", metered=false}]]
08-14 15:36:06.762  3092  3419 W NetworkStatsRecorder: unknown interfaces [lo], ignoring those stats
08-14 15:36:06.763  3092  3419 I NetworkStatsRecorder: recordSnapshotLocked: ident[[{type=WIFI, subType=COMBINED, networkId="HG532e-ZSD2MB", metered=false}]]
08-14 15:36:06.763  3092  3419 I chatty  : uid=1000(system) DuraSpeedEventT identical 1 line
08-14 15:36:06.764  3092  3419 I NetworkStatsRecorder: recordSnapshotLocked: ident[[{type=WIFI, subType=COMBINED, networkId="HG532e-ZSD2MB", metered=false}]]
08-14 15:36:06.764  3092  3419 W NetworkStatsRecorder: unknown interfaces [lo], ignoring those stats
08-14 15:36:06.804  3092  3419 I chatty  : uid=1000(system) DuraSpeedEventT identical 3 lines
08-14 15:36:06.804  3092  3419 W NetworkStatsRecorder: unknown interfaces [lo], ignoring those stats
08-14 15:36:06.888  3092  3092 W FingerprintService: client com.android.systemui is authenticating...
08-14 15:36:06.922  3092  3464 I DisplayPowerController: Blocking screen off
08-14 15:36:06.923  3092  3464 I DisplayPowerController: Unblocked screen off after 2 ms
08-14 15:36:06.961  3092  3464 E KernelCpuSpeedReader: Failed to read cpu-freq: /sys/devices/system/cpu/cpu0/cpufreq/stats/time_in_state (No such file or directory)
08-14 15:36:06.977  3092  3338 I DisplayManagerService: Display device changed state: "内置屏幕", OFF
08-14 15:36:11.732  3092  3541 I DataShapingService: openLteGateSuccess = false
08-14 15:36:11.789  3092  3338 I WindowManager: Focus moving from Window{645d735 u0 com.tcl.gallery/com.tcl.gallery.view.externalPreview.ExternalPreviewActivity} to null
08-14 15:36:11.820  3650  3650 I EmergencyButton: ss.getState()=1 ss.isEmergencyOnly()=true for simId=0
08-14 15:36:11.823  3650  3650 I EmergencyButton: ss.getState()=3 ss.isEmergencyOnly()=false for simId=1
08-14 15:36:11.826  3650  3650 I EmergencyButton: show = true
08-14 15:36:11.862  3650  3650 I EmergencyButton: ss.getState()=1 ss.isEmergencyOnly()=true for simId=0
08-14 15:36:11.864  3650  3650 I EmergencyButton: ss.getState()=3 ss.isEmergencyOnly()=false for simId=1
08-14 15:36:11.866  3650  3650 I EmergencyButton: show = true
08-14 15:36:11.875  3650  3650 I EmergencyButton: ss.getState()=1 ss.isEmergencyOnly()=true for simId=0
08-14 15:36:11.877  3650  3650 I EmergencyButton: ss.getState()=3 ss.isEmergencyOnly()=false for simId=1
08-14 15:36:11.879  3650  3650 I EmergencyButton: show = true
08-14 15:36:11.886  3650  3650 I EmergencyButton: ss.getState()=1 ss.isEmergencyOnly()=true for simId=0
08-14 15:36:11.889  3650  3650 I EmergencyButton: ss.getState()=3 ss.isEmergencyOnly()=false for simId=1
08-14 15:36:11.891  3650  3650 I EmergencyButton: show = true
08-14 15:36:11.898  3650  3650 I EmergencyButton: ss.getState()=1 ss.isEmergencyOnly()=true for simId=0
08-14 15:36:11.901  3650  3650 I EmergencyButton: ss.getState()=3 ss.isEmergencyOnly()=false for simId=1
08-14 15:36:11.903  3650  3650 I EmergencyButton: show = true
08-14 15:36:11.989  3092  3338 I WindowManager: Focus moving from null to Window{eb78c19 u0 StatusBar}
08-14 15:36:12.084  3092  3278 E KernelCpuSpeedReader: Failed to read cpu-freq: /sys/devices/system/cpu/cpu0/cpufreq/stats/time_in_state (No such file or directory)
08-14 15:36:28.520  3092  3541 I DataShapingService: openLteGateSuccess = false
08-14 15:36:42.675  3092  3278 E KernelCpuSpeedReader: Failed to read cpu-freq: /sys/devices/system/cpu/cpu0/cpufreq/stats/time_in_state (No such file or directory)
08-14 15:36:58.685  3092  3541 I DataShapingService: openLteGateSuccess = false
08-14 15:37:03.704  3092  3278 E KernelCpuSpeedReader: Failed to read cpu-freq: /sys/devices/system/cpu/cpu0/cpufreq/stats/time_in_state (No such file or directory)
08-14 15:37:25.797  3092  3293 E BatteryExternalStatsWorker: no controller energy info supplied for wifi
08-14 15:37:25.805  3092  3293 E BatteryExternalStatsWorker: no controller energy info supplied for wifi
08-14 15:37:28.916  3092  3541 I DataShapingService: openLteGateSuccess = false
08-14 15:38:00.098  3092  3541 I DataShapingService: openLteGateSuccess = false
08-14 15:38:00.129  3092  3293 E BatteryExternalStatsWorker: no controller energy info supplied for wifi
08-14 15:38:00.207  3092  3293 E BatteryExternalStatsWorker: no controller energy info supplied for wifi
08-14 15:38:00.458  3092  4313 D PowerManagerService: acquireWakeLockInternal: lock=119272007, flags=0x1, tag="*net_scheduler*", ws=WorkSource{10044 com.google.android.gms}, uid=10044, pid=4126, packageName=com.google.android.gms
08-14 15:38:00.497  3092  4240 D PowerManagerService: releaseWakeLockInternal: lock=223929991 [*net_scheduler*], flags=0x0, total_time=141ms, ws/pid/uid=WorkSource{10044 com.google.android.gms}/4126/10044, packageName=com.google.android.gms
08-14 15:38:00.533  3092  4240 I ActivityManager: Start proc 3658:com.google.process.gservices/u0a44 for content provider com.google.android.gsf/.gservices.GservicesProvider
08-14 15:38:01.599  3092  3278 E KernelCpuSpeedReader: Failed to read cpu-freq: /sys/devices/system/cpu/cpu0/cpufreq/stats/time_in_state (No such file or directory)
08-14 15:38:03.866  3092  3092 I DeviceIdleController: updateChargingLocked: charging=false
08-14 15:38:03.877  4358  4358 W ContextImpl: Calling a method in the system process without a qualified user: android.app.ContextImpl.startService:1477 android.content.ContextWrapper.startService:654 com.tct.onetouchbooster.service.BoosterService$BatteryChangeReceiver.onReceive:5236 android.app.LoadedApk$ReceiverDispatcher$Args.lambda$-android_app_LoadedApk$ReceiverDispatcher$Args_53034:1323 android.app.-$Lambda$aS31cHIhRx41653CMnd4gZqshIQ.$m$7:4 
08-14 15:38:03.926  3092  3293 E BatteryExternalStatsWorker: no controller energy info supplied for wifi
08-14 15:38:03.927  3092  3293 E BatteryExternalStatsWorker: no controller energy info supplied for bluetooth
08-14 15:38:03.976  3092  3293 E KernelCpuSpeedReader: Failed to read cpu-freq: /sys/devices/system/cpu/cpu0/cpufreq/stats/time_in_state (No such file or directory)
08-14 15:38:04.016  3092  3092 I DeviceIdleController: updateChargingLocked: charging=false
08-14 15:38:04.031  4358  4358 W ContextImpl: Calling a method in the system process without a qualified user: android.app.ContextImpl.startService:1477 android.content.ContextWrapper.startService:654 com.tct.onetouchbooster.service.BoosterService$BatteryChangeReceiver.onReceive:5236 android.app.LoadedApk$ReceiverDispatcher$Args.lambda$-android_app_LoadedApk$ReceiverDispatcher$Args_53034:1323 android.app.-$Lambda$aS31cHIhRx41653CMnd4gZqshIQ.$m$7:4 
08-14 15:38:04.042  3092  3293 E BatteryExternalStatsWorker: no controller energy info supplied for wifi
08-14 15:38:04.042  3092  3293 E BatteryExternalStatsWorker: no controller energy info supplied for bluetooth
08-14 15:38:04.081  3092  3293 E KernelCpuSpeedReader: Failed to read cpu-freq: /sys/devices/system/cpu/cpu0/cpufreq/stats/time_in_state (No such file or directory)
08-14 15:38:04.096  3092  3293 E BatteryExternalStatsWorker: no controller energy info supplied for wifi
08-14 15:38:04.097  3092  3293 E BatteryExternalStatsWorker: no controller energy info supplied for bluetooth
08-14 15:38:04.139  3092  3293 E KernelCpuSpeedReader: Failed to read cpu-freq: /sys/devices/system/cpu/cpu0/cpufreq/stats/time_in_state (No such file or directory)
08-14 15:38:04.214  3092  3293 E BatteryExternalStatsWorker: no controller energy info supplied for wifi
08-14 15:38:04.214  3092  3293 E BatteryExternalStatsWorker: no controller energy info supplied for bluetooth
08-14 15:38:04.266  3092  3293 E KernelCpuSpeedReader: Failed to read cpu-freq: /sys/devices/system/cpu/cpu0/cpufreq/stats/time_in_state (No such file or directory)
08-14 15:38:13.111  3092  3278 E KernelCpuSpeedReader: Failed to read cpu-freq: /sys/devices/system/cpu/cpu0/cpufreq/stats/time_in_state (No such file or directory)
08-14 15:38:18.360  3092  3092 I DeviceIdleController: updateChargingLocked: charging=false
08-14 15:38:18.365  4358  4358 W ContextImpl: Calling a method in the system process without a qualified user: android.app.ContextImpl.startService:1477 android.content.ContextWrapper.startService:654 com.tct.onetouchbooster.service.BoosterService$BatteryChangeReceiver.onReceive:5236 android.app.LoadedApk$ReceiverDispatcher$Args.lambda$-android_app_LoadedApk$ReceiverDispatcher$Args_53034:1323 android.app.-$Lambda$aS31cHIhRx41653CMnd4gZqshIQ.$m$7:4 
08-14 15:38:18.429  3092  3293 E BatteryExternalStatsWorker: no controller energy info supplied for wifi
08-14 15:38:18.430  3092  3293 E BatteryExternalStatsWorker: no controller energy info supplied for bluetooth
08-14 15:38:18.476  3092  3293 E KernelCpuSpeedReader: Failed to read cpu-freq: /sys/devices/system/cpu/cpu0/cpufreq/stats/time_in_state (No such file or directory)
08-14 15:38:18.544  3092  3293 E BatteryExternalStatsWorker: no controller energy info supplied for wifi
08-14 15:38:18.544  3092  3293 E BatteryExternalStatsWorker: no controller energy info supplied for bluetooth
08-14 15:38:18.578  3092  3293 E KernelCpuSpeedReader: Failed to read cpu-freq: /sys/devices/system/cpu/cpu0/cpufreq/stats/time_in_state (No such file or directory)
08-14 15:38:23.456  3092  3278 E KernelCpuSpeedReader: Failed to read cpu-freq: /sys/devices/system/cpu/cpu0/cpufreq/stats/time_in_state (No such file or directory)
08-14 15:38:30.504  3092  4481 I ActivityManager: Killing 30155:com.sohu.inputmethod.sogou:classic/u0a157 (adj 906): empty #9
08-14 15:38:31.840  3092  3419 I NetworkStatsRecorder: recordSnapshotLocked: ident[[{type=WIFI, subType=COMBINED, networkId="HG532e-ZSD2MB", metered=false}]]
08-14 15:38:31.841  3092  3419 W NetworkStatsRecorder: unknown interfaces [lo], ignoring those stats
08-14 15:38:31.842  3092  3419 I NetworkStatsRecorder: recordSnapshotLocked: ident[[{type=WIFI, subType=COMBINED, networkId="HG532e-ZSD2MB", metered=false}]]
08-14 15:38:31.842  3092  3419 W NetworkStatsRecorder: unknown interfaces [lo], ignoring those stats
08-14 15:38:31.843  3092  3419 I NetworkStatsRecorder: recordSnapshotLocked: ident[[{type=WIFI, subType=COMBINED, networkId="HG532e-ZSD2MB", metered=false}]]
08-14 15:38:31.843  3092  3419 I NetworkStatsRecorder: recordSnapshotLocked: ident[[{type=WIFI, subType=COMBINED, networkId="HG532e-ZSD2MB", metered=false}]]
08-14 15:38:31.844  3092  3419 W NetworkStatsRecorder: unknown interfaces [lo], ignoring those stats
08-14 15:38:31.844  3092  3419 I NetworkStatsRecorder: recordSnapshotLocked: ident[[{type=WIFI, subType=COMBINED, networkId="HG532e-ZSD2MB", metered=false}]]
08-14 15:38:31.845  3092  3419 I chatty  : uid=1000(system) DuraSpeedEventT identical 3 lines
08-14 15:38:31.846  3092  3419 I NetworkStatsRecorder: recordSnapshotLocked: ident[[{type=WIFI, subType=COMBINED, networkId="HG532e-ZSD2MB", metered=false}]]
08-14 15:38:31.846  3092  3419 W NetworkStatsRecorder: unknown interfaces [lo], ignoring those stats
08-14 15:38:31.894  3092  3419 I chatty  : uid=1000(system) DuraSpeedEventT identical 3 lines
08-14 15:38:31.895  3092  3419 W NetworkStatsRecorder: unknown interfaces [lo], ignoring those stats
08-14 15:38:33.151  3092  3419 I ActivityManager: Force stopping com.gameloft.android.GloftDMKF appid=10132 user=0: from pid 3092
08-14 15:38:33.155  3092  3419 I ActivityManager: Force stopping com.gameloft.android.GloftPDMF appid=10133 user=0: from pid 3092
08-14 15:38:33.174  3092  3419 I ActivityManager: Force stopping com.gameloft.android.GloftR8HP appid=10134 user=0: from pid 3092
08-14 15:38:33.186  3092  3419 I ActivityManager: Force stopping com.example.xigongda appid=10191 user=0: from pid 3092
08-14 15:38:34.472  4358  3602 W ContextImpl: Calling a method in the system process without a qualified user: android.app.ContextImpl.startService:1477 android.content.ContextWrapper.startService:654 com.tct.onetouchbooster.service.BoosterService$SysConsumeTask.run:4289 java.util.TimerThread.mainLoop:555 java.util.TimerThread.run:505 
08-14 15:38:34.757  3092  3293 E BatteryExternalStatsWorker: no controller energy info supplied for wifi
08-14 15:38:34.757  3092  3293 E BatteryExternalStatsWorker: no controller energy info supplied for bluetooth
08-14 15:38:34.802  3092  3293 E KernelCpuSpeedReader: Failed to read cpu-freq: /sys/devices/system/cpu/cpu0/cpufreq/stats/time_in_state (No such file or directory)
08-14 15:38:34.808  3092  4481 I ActivityManager: Force stopping com.gameloft.android.GloftDMKF appid=10132 user=0: from pid 4358
08-14 15:38:34.819  3092  4481 W ActivityManager: Invalid packageName: com.wandoujia.phoenix2
08-14 15:38:34.820  3092 26427 W ActivityManager: Invalid packageName: com.wandoujia.phoenix2
08-14 15:38:34.824  3092 26427 I ActivityManager: Force stopping com.facebook.katana appid=10137 user=0: from pid 4358
08-14 15:38:34.837  3092 29584 I ActivityManager: Force stopping com.gameloft.android.GloftPDMF appid=10133 user=0: from pid 4358
08-14 15:38:34.842  3092  3293 E BatteryExternalStatsWorker: no controller energy info supplied for wifi
08-14 15:38:34.842  3092  3293 E BatteryExternalStatsWorker: no controller energy info supplied for bluetooth
08-14 15:38:34.846  3092  4190 I ActivityManager: Force stopping com.gameloft.android.GloftR8HP appid=10134 user=0: from pid 4358
08-14 15:38:34.858  3092  4190 I ActivityManager: Force stopping com.mobisystems.office appid=10135 user=0: from pid 4358
08-14 15:38:34.875  3092  3293 E KernelCpuSpeedReader: Failed to read cpu-freq: /sys/devices/system/cpu/cpu0/cpufreq/stats/time_in_state (No such file or directory)
08-14 15:38:35.174  4358  3736 W ContextImpl: Calling a method in the system process without a qualified user: android.app.ContextImpl.startService:1477 android.content.ContextWrapper.startService:654 com.tct.onetouchbooster.service.PowerIntensiveService.calculatePowerIntensiveApps:163 com.tct.onetouchbooster.service.PowerIntensiveService.onHandleIntent:54 android.app.IntentService$ServiceHandler.handleMessage:76 
08-14 15:38:36.835  3092  3278 E KernelCpuSpeedReader: Failed to read cpu-freq: /sys/devices/system/cpu/cpu0/cpufreq/stats/time_in_state (No such file or directory)
08-14 15:39:00.003  3092  3541 I DataShapingService: openLteGateSuccess = false
08-14 15:39:05.023  3092  3278 E KernelCpuSpeedReader: Failed to read cpu-freq: /sys/devices/system/cpu/cpu0/cpufreq/stats/time_in_state (No such file or directory)
08-14 15:40:00.006  3092  3541 I DataShapingService: openLteGateSuccess = false
08-14 15:40:05.026  3092  3278 E KernelCpuSpeedReader: Failed to read cpu-freq: /sys/devices/system/cpu/cpu0/cpufreq/stats/time_in_state (No such file or directory)
08-14 15:41:00.003  3092  3541 I DataShapingService: openLteGateSuccess = true
08-14 15:41:00.223  3092  3558 I PowerManagerService: Waking up from sleep (uid=1000 reason=android.policy:POWER)...
08-14 15:41:00.233  3092  3092 I DataShapingService: openLteGateSuccess = false
08-14 15:41:00.242  3092  3464 E KernelCpuSpeedReader: Failed to read cpu-freq: /sys/devices/system/cpu/cpu0/cpufreq/stats/time_in_state (No such file or directory)
08-14 15:41:00.243  3092  3464 I DisplayPowerController: Blocking screen on until initial contents have been drawn.
08-14 15:41:00.250  3092  3338 I DisplayManagerService: Display device changed state: "内置屏幕", ON
08-14 15:41:00.267  3092  3281 I WindowManager: Waiting for drawn Window{eb78c19 u0 StatusBar}: removed=false visible=true mHasSurface=true drawState=1
08-14 15:41:00.284  3092  3531 I WindowManager: Waiting for drawn Window{eb78c19 u0 StatusBar}: removed=false visible=true mHasSurface=true drawState=1
08-14 15:41:00.327  3092  3531 I WindowManager: Waiting for drawn Window{eb78c19 u0 StatusBar}: removed=false visible=true mHasSurface=true drawState=4
08-14 15:41:00.329  3092  3464 I DisplayPowerController: Unblocked screen on after 86 ms
08-14 15:41:00.335  3092  3092 I DeviceIdleController: becomeActiveLocked, reason = screen
08-14 15:41:00.494  3092  3464 W PowerManagerService: Screen on took 274 ms
08-14 15:41:00.535  3650  3650 I EmergencyButton: ss.getState()=1 ss.isEmergencyOnly()=true for simId=0
08-14 15:41:00.537  3650  3650 I EmergencyButton: ss.getState()=3 ss.isEmergencyOnly()=false for simId=1
08-14 15:41:00.569  3650  3650 I EmergencyButton: ss.getState()=1 ss.isEmergencyOnly()=true for simId=0
08-14 15:41:00.572  3650  3650 I EmergencyButton: ss.getState()=3 ss.isEmergencyOnly()=false for simId=1
08-14 15:41:00.574  3650  3650 I EmergencyButton: show = true
08-14 15:41:05.016  3092  3278 E KernelCpuSpeedReader: Failed to read cpu-freq: /sys/devices/system/cpu/cpu0/cpufreq/stats/time_in_state (No such file or directory)
08-14 15:41:05.612  4358  3868 W ContextImpl: Calling a method in the system process without a qualified user: android.app.ContextImpl.startService:1477 android.content.ContextWrapper.startService:654 com.tct.onetouchbooster.service.BoosterService$SysConsumeTask.run:4289 java.util.TimerThread.mainLoop:555 java.util.TimerThread.run:505 
08-14 15:41:06.009  3092  3293 E BatteryExternalStatsWorker: no controller energy info supplied for wifi
08-14 15:41:06.009  3092  3293 E BatteryExternalStatsWorker: no controller energy info supplied for bluetooth
08-14 15:41:06.047  3092  3293 E KernelCpuSpeedReader: Failed to read cpu-freq: /sys/devices/system/cpu/cpu0/cpufreq/stats/time_in_state (No such file or directory)
08-14 15:41:06.073  3092  3293 E BatteryExternalStatsWorker: no controller energy info supplied for wifi
08-14 15:41:06.074  3092  3293 E BatteryExternalStatsWorker: no controller energy info supplied for bluetooth
08-14 15:41:06.106  3092  3293 E KernelCpuSpeedReader: Failed to read cpu-freq: /sys/devices/system/cpu/cpu0/cpufreq/stats/time_in_state (No such file or directory)
08-14 15:41:06.434  4358  3883 W ContextImpl: Calling a method in the system process without a qualified user: android.app.ContextImpl.startService:1477 android.content.ContextWrapper.startService:654 com.tct.onetouchbooster.service.PowerIntensiveService.calculatePowerIntensiveApps:163 com.tct.onetouchbooster.service.PowerIntensiveService.onHandleIntent:54 android.app.IntentService$ServiceHandler.handleMessage:76 
08-14 15:41:09.614  3092  3092 I EntropyMixer: Writing entropy...
08-14 15:41:09.615  3092  3293 E BatteryExternalStatsWorker: no controller energy info supplied for wifi
08-14 15:41:09.616  3092  3293 E BatteryExternalStatsWorker: no controller energy info supplied for bluetooth
08-14 15:41:09.619  4358  4358 W ContextImpl: Calling a method in the system process without a qualified user: android.app.ContextImpl.startService:1477 android.content.ContextWrapper.startService:654 com.tct.onetouchbooster.service.BoosterService$BatteryChangeReceiver.onReceive:5236 android.app.LoadedApk$ReceiverDispatcher$Args.lambda$-android_app_LoadedApk$ReceiverDispatcher$Args_53034:1323 android.app.-$Lambda$aS31cHIhRx41653CMnd4gZqshIQ.$m$7:4 
08-14 15:41:09.620  3092  3278 W BroadcastQueue: Background execution not allowed: receiving Intent { act=android.intent.action.ACTION_POWER_CONNECTED flg=0x4000010 (has extras) } to com.google.android.apps.photos/.scheduler.PowerReceiver
08-14 15:41:09.630  3092  3092 I DeviceIdleController: updateChargingLocked: charging=true
08-14 15:41:09.631  3092  3092 I DeviceIdleController: becomeActiveLocked, reason = charging
08-14 15:41:09.666  3092  3293 E KernelCpuSpeedReader: Failed to read cpu-freq: /sys/devices/system/cpu/cpu0/cpufreq/stats/time_in_state (No such file or directory)
08-14 15:41:09.675  3092  3293 E KernelCpuSpeedReader: Failed to read cpu-freq: /sys/devices/system/cpu/cpu0/cpufreq/stats/time_in_state (No such file or directory)
08-14 15:41:09.695  3092  3293 E BatteryExternalStatsWorker: no controller energy info supplied for wifi
08-14 15:41:09.695  3092  3293 E BatteryExternalStatsWorker: no controller energy info supplied for bluetooth
08-14 15:41:09.729  3092  3092 I DeviceIdleController: updateChargingLocked: charging=true
08-14 15:41:09.729  3092  3092 I DeviceIdleController: becomeActiveLocked, reason = charging
08-14 15:41:09.740  3092  3293 E KernelCpuSpeedReader: Failed to read cpu-freq: /sys/devices/system/cpu/cpu0/cpufreq/stats/time_in_state (No such file or directory)
08-14 15:41:09.773  3092  3293 E BatteryExternalStatsWorker: no controller energy info supplied for wifi
08-14 15:41:09.773  3092  3293 E BatteryExternalStatsWorker: no controller energy info supplied for bluetooth
08-14 15:41:09.805  3092  3293 E KernelCpuSpeedReader: Failed to read cpu-freq: /sys/devices/system/cpu/cpu0/cpufreq/stats/time_in_state (No such file or directory)
08-14 15:41:09.819  3092  3293 E BatteryExternalStatsWorker: no controller energy info supplied for wifi
08-14 15:41:09.820  3092  3293 E BatteryExternalStatsWorker: no controller energy info supplied for bluetooth
08-14 15:41:09.857  3092  3293 E KernelCpuSpeedReader: Failed to read cpu-freq: /sys/devices/system/cpu/cpu0/cpufreq/stats/time_in_state (No such file or directory)
08-14 15:41:09.932  3092  3336 W ActivityManager: getContentProviderImpl ignoreProvider name = com.tct.privacymode.provider, cpr.name = ComponentInfo{com.tct.privacymode/com.tct.privacymode.PrivacyModeProvider}, r.processName  = system, cpr.noReleaseNeeded = false
08-14 15:41:09.953  3092  3336 I ActivityManager: Start proc 3901:com.tct.privacymode/1000 for content provider com.tct.privacymode/.PrivacyModeProvider
08-14 15:41:10.130 18218 18218 W ContextImpl: Calling a method in the system process without a qualified user: android.app.ContextImpl.startService:1477 android.content.ContextWrapper.startService:654 android.content.ContextWrapper.startService:654 com.tct.usb.UsbStatusReceiver.onReceive:57 android.app.ActivityThread.handleReceiver:3332 
08-14 15:41:10.158 18218 18218 I AttrNameManager: <<<<<<<<<mService = android.app.IAttrNameManager$Stub$Proxy@17ac00b
08-14 15:41:10.208  3092 18965 E WindowManager: Unknown window type: 2040
