08-14 15:46:34.895  4126  7073 W Conscrypt: 	at java.lang.reflect.Method.invoke(Native Method)
08-14 15:46:34.895  4126  7073 W Conscrypt: 	at com.google.android.gms.org.conscrypt.Platform.setSocketWriteTimeout(com.google.android.gms@12221430@12.2.21 (430-188803320):13)
08-14 15:46:34.895  4126  7073 W Conscrypt: Caused by: android.system.ErrnoException: setsockopt failed: EBADF (Bad file descriptor)
08-14 15:46:34.895  4126  7073 W Conscrypt: 	at libcore.io.Linux.setsockoptTimeval(Native Method)
08-14 15:46:34.895  4126  7073 W Conscrypt: 	at libcore.io.ForwardingOs.setsockoptTimeval(ForwardingOs.java:175)
08-14 15:46:34.942  4126  7073 I System.out: close [socket][/10.120.139.87:53736]
08-14 15:46:34.943  4126  7073 W System  : ClassLoader referenced unknown path: system/framework/mediatek-cta.jar
08-14 15:46:34.944  4126  7073 I System.out: e:java.lang.ClassNotFoundException: com.mediatek.cta.CtaHttp
08-14 15:46:34.944  4126  7073 W System  : ClassLoader referenced unknown path: system/framework/mediatek-cta.jar
08-14 15:46:34.945  4126  7073 I System.out: e:java.lang.ClassNotFoundException: com.mediatek.cta.CtaHttp
08-14 15:46:34.945  4126  7073 I System.out: [socket] connection mobilenetworkscoring-pa.googleapis.com/172.217.27.138:443;LocalPort=-1(60000)
08-14 15:46:34.986  4126  7073 I System.out: [socket][/10.120.139.87:60826] connected
08-14 15:46:34.987  4126  7073 W Conscrypt: Could not set socket write timeout: java.lang.reflect.InvocationTargetException
08-14 15:46:34.987  4126  7073 W Conscrypt: 	at java.lang.reflect.Method.invoke(Native Method)
08-14 15:46:34.987  4126  7073 W Conscrypt: 	at com.google.android.gms.org.conscrypt.Platform.setSocketWriteTimeout(com.google.android.gms@12221430@12.2.21 (430-188803320):13)
08-14 15:46:34.987  4126  7073 W Conscrypt: Caused by: android.system.ErrnoException: setsockopt failed: EBADF (Bad file descriptor)
08-14 15:46:34.987  4126  7073 W Conscrypt: 	at libcore.io.Linux.setsockoptTimeval(Native Method)
08-14 15:46:34.987  4126  7073 W Conscrypt: 	at libcore.io.ForwardingOs.setsockoptTimeval(ForwardingOs.java:175)
08-14 15:46:35.013  4126  7073 I System.out: close [socket][/10.120.139.87:60826]
08-14 15:46:35.013  4126  7073 W System  : ClassLoader referenced unknown path: system/framework/mediatek-cta.jar
08-14 15:46:35.014  4126  7073 I System.out: e:java.lang.ClassNotFoundException: com.mediatek.cta.CtaHttp
08-14 15:46:35.015  4126  7073 W System  : ClassLoader referenced unknown path: system/framework/mediatek-cta.jar
08-14 15:46:35.015  4126  7073 I System.out: e:java.lang.ClassNotFoundException: com.mediatek.cta.CtaHttp
08-14 15:46:35.016  4126  7073 I System.out: [socket] connection mobilenetworkscoring-pa.googleapis.com/172.217.160.106:443;LocalPort=-1(60000)
08-14 15:46:35.051  4126  7073 I System.out: [socket][/10.120.139.87:58664] connected
08-14 15:46:35.052  4126  7073 W Conscrypt: Could not set socket write timeout: java.lang.reflect.InvocationTargetException
08-14 15:46:35.053  4126  7073 W Conscrypt: 	at java.lang.reflect.Method.invoke(Native Method)
08-14 15:46:35.053  4126  7073 W Conscrypt: 	at com.google.android.gms.org.conscrypt.Platform.setSocketWriteTimeout(com.google.android.gms@12221430@12.2.21 (430-188803320):13)
08-14 15:46:35.053  4126  7073 W Conscrypt: Caused by: android.system.ErrnoException: setsockopt failed: EBADF (Bad file descriptor)
08-14 15:46:35.053  4126  7073 W Conscrypt: 	at libcore.io.Linux.setsockoptTimeval(Native Method)
08-14 15:46:35.053  4126  7073 W Conscrypt: 	at libcore.io.ForwardingOs.setsockoptTimeval(ForwardingOs.java:175)
08-14 15:46:35.097  4126  7073 I System.out: close [socket][/10.120.139.87:58664]
08-14 15:46:35.098  4126  7073 W System  : ClassLoader referenced unknown path: system/framework/mediatek-cta.jar
08-14 15:46:35.099  4126  7073 I System.out: e:java.lang.ClassNotFoundException: com.mediatek.cta.CtaHttp
08-14 15:46:35.099  4126  7073 W System  : ClassLoader referenced unknown path: system/framework/mediatek-cta.jar
08-14 15:46:35.100  4126  7073 I System.out: e:java.lang.ClassNotFoundException: com.mediatek.cta.CtaHttp
08-14 15:46:35.100  4126  7073 I System.out: [socket] connection mobilenetworkscoring-pa.googleapis.com/172.217.24.10:443;LocalPort=-1(60000)
08-14 15:46:35.129  4126  7073 I System.out: [socket][/10.120.139.87:51596] connected
08-14 15:46:35.130  4126  7073 W Conscrypt: Could not set socket write timeout: java.lang.reflect.InvocationTargetException
08-14 15:46:35.131  4126  7073 W Conscrypt: 	at java.lang.reflect.Method.invoke(Native Method)
08-14 15:46:35.131  4126  7073 W Conscrypt: 	at com.google.android.gms.org.conscrypt.Platform.setSocketWriteTimeout(com.google.android.gms@12221430@12.2.21 (430-188803320):13)
08-14 15:46:35.131  4126  7073 W Conscrypt: Caused by: android.system.ErrnoException: setsockopt failed: EBADF (Bad file descriptor)
08-14 15:46:35.131  4126  7073 W Conscrypt: 	at libcore.io.Linux.setsockoptTimeval(Native Method)
08-14 15:46:35.131  4126  7073 W Conscrypt: 	at libcore.io.ForwardingOs.setsockoptTimeval(ForwardingOs.java:175)
08-14 15:46:35.164  4126  7073 I System.out: close [socket][/10.120.139.87:51596]
08-14 15:46:35.165  4126  7073 W System  : ClassLoader referenced unknown path: system/framework/mediatek-cta.jar
08-14 15:46:35.165  4126  7073 I System.out: e:java.lang.ClassNotFoundException: com.mediatek.cta.CtaHttp
08-14 15:46:35.166  4126  7073 W System  : ClassLoader referenced unknown path: system/framework/mediatek-cta.jar
08-14 15:46:35.167  4126  7073 I System.out: e:java.lang.ClassNotFoundException: com.mediatek.cta.CtaHttp
08-14 15:46:35.167  4126  7073 I System.out: [socket] connection mobilenetworkscoring-pa.googleapis.com/216.58.200.42:443;LocalPort=-1(60000)
08-14 15:46:35.199  4126  7073 I System.out: [socket][/10.120.139.87:53714] connected
08-14 15:46:35.200  4126  7073 W Conscrypt: Could not set socket write timeout: java.lang.reflect.InvocationTargetException
08-14 15:46:35.201  4126  7073 W Conscrypt: 	at java.lang.reflect.Method.invoke(Native Method)
08-14 15:46:35.201  4126  7073 W Conscrypt: 	at com.google.android.gms.org.conscrypt.Platform.setSocketWriteTimeout(com.google.android.gms@12221430@12.2.21 (430-188803320):13)
08-14 15:46:35.201  4126  7073 W Conscrypt: Caused by: android.system.ErrnoException: setsockopt failed: EBADF (Bad file descriptor)
08-14 15:46:35.201  4126  7073 W Conscrypt: 	at libcore.io.Linux.setsockoptTimeval(Native Method)
08-14 15:46:35.201  4126  7073 W Conscrypt: 	at libcore.io.ForwardingOs.setsockoptTimeval(ForwardingOs.java:175)
08-14 15:46:35.267  4126  7073 I System.out: close [socket][/10.120.139.87:53714]
08-14 15:46:35.267  4126  7073 W System  : ClassLoader referenced unknown path: system/framework/mediatek-cta.jar
08-14 15:46:35.268  4126  7073 I System.out: e:java.lang.ClassNotFoundException: com.mediatek.cta.CtaHttp
08-14 15:46:35.269  4126  7073 W System  : ClassLoader referenced unknown path: system/framework/mediatek-cta.jar
08-14 15:46:35.269  4126  7073 I System.out: e:java.lang.ClassNotFoundException: com.mediatek.cta.CtaHttp
08-14 15:46:35.269  4126  7073 I System.out: [socket] connection mobilenetworkscoring-pa.googleapis.com/172.217.160.74:443;LocalPort=-1(60000)
08-14 15:46:35.314  4126  7073 I System.out: [socket][/10.120.139.87:50110] connected
08-14 15:46:35.315  4126  7073 W Conscrypt: Could not set socket write timeout: java.lang.reflect.InvocationTargetException
08-14 15:46:35.315  4126  7073 W Conscrypt: 	at java.lang.reflect.Method.invoke(Native Method)
08-14 15:46:35.315  4126  7073 W Conscrypt: 	at com.google.android.gms.org.conscrypt.Platform.setSocketWriteTimeout(com.google.android.gms@12221430@12.2.21 (430-188803320):13)
08-14 15:46:35.316  4126  7073 W Conscrypt: Caused by: android.system.ErrnoException: setsockopt failed: EBADF (Bad file descriptor)
08-14 15:46:35.316  4126  7073 W Conscrypt: 	at libcore.io.Linux.setsockoptTimeval(Native Method)
08-14 15:46:35.316  4126  7073 W Conscrypt: 	at libcore.io.ForwardingOs.setsockoptTimeval(ForwardingOs.java:175)
08-14 15:46:35.350  2850  4413 W libc-netbsd: [getaddrinfo]: hostname=safebrowsing.google.com; servname=(null); netid=100; mark=786532; ai_flags=1024; ai_family=0
08-14 15:46:35.350  2850  4413 W libc-netbsd: default dns: query_ipv6=0, query_ipv4=1
08-14 15:46:35.368  2850  4413 W libc-netbsd: res_queryN name = safebrowsing.google.com succeed
08-14 15:46:35.369 25490  4412 W libc-netbsd: getaddrinfo: safebrowsing.google.com get result from proxy gai_error = 0
08-14 15:46:35.371 25490  4412 W Finsky  : [994] com.google.android.finsky.application.impl.a.dw(1487): No account configured on this device.
08-14 15:46:35.371 25490  4412 I Finsky  : [994] com.google.android.finsky.foregroundcoordinator.c.a(14): Task 7 requested foreground
08-14 15:46:35.372 25490  4412 I Finsky  : [994] com.google.android.finsky.foregroundcoordinator.c.a(42): Not entering foreground
08-14 15:46:35.373 25490  4412 W Finsky  : [994] com.google.android.finsky.application.impl.a.dw(1487): No account configured on this device.
08-14 15:46:35.378 25490 25517 W System  : ClassLoader referenced unknown path: system/framework/mediatek-cta.jar
08-14 15:46:35.380 25490 25517 I System.out: e:java.lang.ClassNotFoundException: com.mediatek.cta.CtaHttp
08-14 15:46:35.380 25490 25517 I System.out: [socket] connection safebrowsing.google.com/172.217.24.14:443;LocalPort=-1(5000)
08-14 15:46:35.396  4126  7067 I System.out: [socket][/10.120.139.87:53722] connected
08-14 15:46:35.397  4126  7067 W Conscrypt: Could not set socket write timeout: java.lang.reflect.InvocationTargetException
08-14 15:46:35.398  4126  7067 W Conscrypt: 	at java.lang.reflect.Method.invoke(Native Method)
08-14 15:46:35.398  4126  7067 W Conscrypt: 	at com.google.android.gms.org.conscrypt.Platform.setSocketWriteTimeout(com.google.android.gms@12221430@12.2.21 (430-188803320):13)
08-14 15:46:35.398  4126  7067 W Conscrypt: Caused by: android.system.ErrnoException: setsockopt failed: EBADF (Bad file descriptor)
08-14 15:46:35.398  4126  7067 W Conscrypt: 	at libcore.io.Linux.setsockoptTimeval(Native Method)
08-14 15:46:35.398  4126  7067 W Conscrypt: 	at libcore.io.ForwardingOs.setsockoptTimeval(ForwardingOs.java:175)
08-14 15:46:35.433  4126  7067 I System.out: close [socket][/10.120.139.87:53722]
08-14 15:46:35.434  4126  7067 W System  : ClassLoader referenced unknown path: system/framework/mediatek-cta.jar
08-14 15:46:35.435  4126  7067 I System.out: e:java.lang.ClassNotFoundException: com.mediatek.cta.CtaHttp
08-14 15:46:35.436  4126  7067 W System  : ClassLoader referenced unknown path: system/framework/mediatek-cta.jar
08-14 15:46:35.437  4126  7067 I System.out: e:java.lang.ClassNotFoundException: com.mediatek.cta.CtaHttp
08-14 15:46:35.437  4126  7067 I System.out: [socket] connection mobilenetworkscoring-pa.googleapis.com/172.217.27.138:443;LocalPort=-1(60000)
08-14 15:46:35.472  4126  7067 I System.out: [socket][/10.120.139.87:60838] connected
08-14 15:46:35.473  4126  7067 W Conscrypt: Could not set socket write timeout: java.lang.reflect.InvocationTargetException
08-14 15:46:35.473  4126  7067 W Conscrypt: 	at java.lang.reflect.Method.invoke(Native Method)
08-14 15:46:35.474  4126  7067 W Conscrypt: 	at com.google.android.gms.org.conscrypt.Platform.setSocketWriteTimeout(com.google.android.gms@12221430@12.2.21 (430-188803320):13)
08-14 15:46:35.474  4126  7067 W Conscrypt: Caused by: android.system.ErrnoException: setsockopt failed: EBADF (Bad file descriptor)
08-14 15:46:35.474  4126  7067 W Conscrypt: 	at libcore.io.Linux.setsockoptTimeval(Native Method)
08-14 15:46:35.474  4126  7067 W Conscrypt: 	at libcore.io.ForwardingOs.setsockoptTimeval(ForwardingOs.java:175)
08-14 15:46:35.517  4126  7067 I System.out: close [socket][/10.120.139.87:60838]
08-14 15:46:35.518  4126  7067 W System  : ClassLoader referenced unknown path: system/framework/mediatek-cta.jar
08-14 15:46:35.519  4126  7067 I System.out: e:java.lang.ClassNotFoundException: com.mediatek.cta.CtaHttp
08-14 15:46:35.520  4126  7067 W System  : ClassLoader referenced unknown path: system/framework/mediatek-cta.jar
08-14 15:46:35.521  4126  7067 I System.out: e:java.lang.ClassNotFoundException: com.mediatek.cta.CtaHttp
08-14 15:46:35.521  4126  7067 I System.out: [socket] connection mobilenetworkscoring-pa.googleapis.com/172.217.160.106:443;LocalPort=-1(60000)
08-14 15:46:35.563  4126  7067 I System.out: [socket][/10.120.139.87:58676] connected
08-14 15:46:35.564  4126  7067 W Conscrypt: Could not set socket write timeout: java.lang.reflect.InvocationTargetException
08-14 15:46:35.565  4126  7067 W Conscrypt: 	at java.lang.reflect.Method.invoke(Native Method)
08-14 15:46:35.565  4126  7067 W Conscrypt: 	at com.google.android.gms.org.conscrypt.Platform.setSocketWriteTimeout(com.google.android.gms@12221430@12.2.21 (430-188803320):13)
08-14 15:46:35.565  4126  7067 W Conscrypt: Caused by: android.system.ErrnoException: setsockopt failed: EBADF (Bad file descriptor)
08-14 15:46:35.565  4126  7067 W Conscrypt: 	at libcore.io.Linux.setsockoptTimeval(Native Method)
08-14 15:46:35.565  4126  7067 W Conscrypt: 	at libcore.io.ForwardingOs.setsockoptTimeval(ForwardingOs.java:175)
08-14 15:46:35.606  4126  7073 I System.out: close [socket][/10.120.139.87:50110]
08-14 15:46:35.608  4126  7067 I System.out: close [socket][/10.120.139.87:58676]
08-14 15:46:35.608  4126  7073 I System.out: httppost:https://mobilenetworkscoring-pa.googleapis.com/v1/GetWifiQuality?key=AIzaSyBrlVtd67QvwS_Wz0Do4ZIdOeA6ThtVczU
08-14 15:46:35.609  4126  7067 W System  : ClassLoader referenced unknown path: system/framework/mediatek-cta.jar
08-14 15:46:35.610  4126  7067 I System.out: e:java.lang.ClassNotFoundException: com.mediatek.cta.CtaHttp
08-14 15:46:35.611  4126  7067 W System  : ClassLoader referenced unknown path: system/framework/mediatek-cta.jar
08-14 15:46:35.611  4126  7073 W System  : ClassLoader referenced unknown path: system/framework/mediatek-cta.jar
08-14 15:46:35.612  4126  7073 I System.out: e:java.lang.ClassNotFoundException: com.mediatek.cta.CtaHttp
08-14 15:46:35.612  4126  7067 I System.out: e:java.lang.ClassNotFoundException: com.mediatek.cta.CtaHttp
08-14 15:46:35.612  4126  7067 I System.out: [socket] connection mobilenetworkscoring-pa.googleapis.com/172.217.24.10:443;LocalPort=-1(60000)
08-14 15:46:35.613  4126  7073 W System  : ClassLoader referenced unknown path: system/framework/mediatek-cta.jar
08-14 15:46:35.614  4126  7073 I System.out: e:java.lang.ClassNotFoundException: com.mediatek.cta.CtaHttp
08-14 15:46:35.614  4126  7073 I System.out: [socket] connection mobilenetworkscoring-pa.googleapis.com/216.58.200.234:443;LocalPort=-1(60000)
08-14 15:46:35.645  4126  7067 I System.out: [socket][/10.120.139.87:51608] connected
08-14 15:46:35.646  4126  7067 W Conscrypt: Could not set socket write timeout: java.lang.reflect.InvocationTargetException
08-14 15:46:35.647  4126  7067 W Conscrypt: 	at java.lang.reflect.Method.invoke(Native Method)
08-14 15:46:35.647  4126  7067 W Conscrypt: 	at com.google.android.gms.org.conscrypt.Platform.setSocketWriteTimeout(com.google.android.gms@12221430@12.2.21 (430-188803320):13)
08-14 15:46:35.647  4126  7067 W Conscrypt: Caused by: android.system.ErrnoException: setsockopt failed: EBADF (Bad file descriptor)
08-14 15:46:35.647  4126  7067 W Conscrypt: 	at libcore.io.Linux.setsockoptTimeval(Native Method)
08-14 15:46:35.647  4126  7067 W Conscrypt: 	at libcore.io.ForwardingOs.setsockoptTimeval(ForwardingOs.java:175)
08-14 15:46:35.668  4126  7067 I System.out: close [socket][/10.120.139.87:51608]
08-14 15:46:35.669  4126  7067 W System  : ClassLoader referenced unknown path: system/framework/mediatek-cta.jar
08-14 15:46:35.670  4126  7067 I System.out: e:java.lang.ClassNotFoundException: com.mediatek.cta.CtaHttp
08-14 15:46:35.671  4126  7067 W System  : ClassLoader referenced unknown path: system/framework/mediatek-cta.jar
08-14 15:46:35.672  4126  7067 I System.out: e:java.lang.ClassNotFoundException: com.mediatek.cta.CtaHttp
08-14 15:46:35.673  4126  7067 I System.out: [socket] connection mobilenetworkscoring-pa.googleapis.com/216.58.200.42:443;LocalPort=-1(60000)
08-14 15:46:35.741  4126  7067 I System.out: [socket][/10.120.139.87:53728] connected
08-14 15:46:35.742  4126  7067 W Conscrypt: Could not set socket write timeout: java.lang.reflect.InvocationTargetException
08-14 15:46:35.743  4126  7067 W Conscrypt: 	at java.lang.reflect.Method.invoke(Native Method)
08-14 15:46:35.743  4126  7067 W Conscrypt: 	at com.google.android.gms.org.conscrypt.Platform.setSocketWriteTimeout(com.google.android.gms@12221430@12.2.21 (430-188803320):13)
08-14 15:46:35.743  4126  7067 W Conscrypt: Caused by: android.system.ErrnoException: setsockopt failed: EBADF (Bad file descriptor)
08-14 15:46:35.743  4126  7067 W Conscrypt: 	at libcore.io.Linux.setsockoptTimeval(Native Method)
08-14 15:46:35.743  4126  7067 W Conscrypt: 	at libcore.io.ForwardingOs.setsockoptTimeval(ForwardingOs.java:175)
08-14 15:46:35.769  4126  7067 I System.out: close [socket][/10.120.139.87:53728]
08-14 15:46:35.771  4126  7067 W System  : ClassLoader referenced unknown path: system/framework/mediatek-cta.jar
08-14 15:46:35.772  4126  7067 I System.out: e:java.lang.ClassNotFoundException: com.mediatek.cta.CtaHttp
08-14 15:46:35.772  4126  7067 W System  : ClassLoader referenced unknown path: system/framework/mediatek-cta.jar
08-14 15:46:35.773  4126  7067 I System.out: e:java.lang.ClassNotFoundException: com.mediatek.cta.CtaHttp
08-14 15:46:35.774  4126  7067 I System.out: [socket] connection mobilenetworkscoring-pa.googleapis.com/172.217.160.74:443;LocalPort=-1(60000)
08-14 15:46:35.801  4126  7067 I System.out: [socket][/10.120.139.87:50124] connected
08-14 15:46:35.803  4126  7067 W Conscrypt: Could not set socket write timeout: java.lang.reflect.InvocationTargetException
08-14 15:46:35.803  4126  7067 W Conscrypt: 	at java.lang.reflect.Method.invoke(Native Method)
08-14 15:46:35.803  4126  7067 W Conscrypt: 	at com.google.android.gms.org.conscrypt.Platform.setSocketWriteTimeout(com.google.android.gms@12221430@12.2.21 (430-188803320):13)
08-14 15:46:35.804  4126  7067 W Conscrypt: Caused by: android.system.ErrnoException: setsockopt failed: EBADF (Bad file descriptor)
08-14 15:46:35.804  4126  7067 W Conscrypt: 	at libcore.io.Linux.setsockoptTimeval(Native Method)
08-14 15:46:35.804  4126  7067 W Conscrypt: 	at libcore.io.ForwardingOs.setsockoptTimeval(ForwardingOs.java:175)
08-14 15:46:35.830  3092  3541 I DataShapingService: openLteGateSuccess = false
08-14 15:46:35.830  3092  3572 W AlarmManager: Unrecognized alarm listener com.android.server.wifi.WifiConfigStore$1@d8b820
08-14 15:46:35.837  4126  7067 I System.out: close [socket][/10.120.139.87:50124]
08-14 15:46:36.733  4126  7073 I System.out: [socket][/10.120.139.87:53756] connected
08-14 15:46:36.734  4126  7073 W Conscrypt: Could not set socket write timeout: java.lang.reflect.InvocationTargetException
08-14 15:46:36.735  4126  7073 W Conscrypt: 	at java.lang.reflect.Method.invoke(Native Method)
08-14 15:46:36.735  4126  7073 W Conscrypt: 	at com.google.android.gms.org.conscrypt.Platform.setSocketWriteTimeout(com.google.android.gms@12221430@12.2.21 (430-188803320):13)
08-14 15:46:36.735  4126  7073 W Conscrypt: Caused by: android.system.ErrnoException: setsockopt failed: EBADF (Bad file descriptor)
08-14 15:46:36.736  4126  7073 W Conscrypt: 	at libcore.io.Linux.setsockoptTimeval(Native Method)
08-14 15:46:36.736  4126  7073 W Conscrypt: 	at libcore.io.ForwardingOs.setsockoptTimeval(ForwardingOs.java:175)
08-14 15:46:40.426  2850  4415 W libc-netbsd: [getaddrinfo]: hostname=safebrowsing.google.com; servname=(null); netid=100; mark=786532; ai_flags=1024; ai_family=0
08-14 15:46:40.426  2850  4415 W libc-netbsd: default dns: query_ipv6=0, query_ipv4=1
08-14 15:46:40.427  2850  4415 W libc-netbsd: res_queryN name = safebrowsing.google.com succeed
08-14 15:46:40.428 25490 25517 W libc-netbsd: getaddrinfo: safebrowsing.google.com get result from proxy gai_error = 0
08-14 15:46:40.428 25490 25517 W System  : ClassLoader referenced unknown path: system/framework/mediatek-cta.jar
08-14 15:46:40.429 25490 25517 I System.out: e:java.lang.ClassNotFoundException: com.mediatek.cta.CtaHttp
08-14 15:46:40.430 25490 25517 I System.out: [socket] connection safebrowsing.google.com/172.217.24.14:443;LocalPort=-1(5000)
08-14 15:46:41.812  2858  2858 I thermal_repeater: [recvMdThermalInfo] ret=33, strLen=127,  2, 32767, -127, 101, 32767, 3745
08-14 15:46:44.864  3092  3473 I PackageManager: Verification timed out for file:///data/app/vmdl2076632302.tmp
08-14 15:46:44.865  3092  3473 I PackageManager: Continuing with installation of file:///data/app/vmdl2076632302.tmp
08-14 15:46:44.879 25490 25490 W Finsky  : [2] com.google.android.finsky.application.impl.a.dw(1487): No account configured on this device.
08-14 15:46:44.881 25490 25490 W Finsky  : [2] com.google.android.finsky.application.impl.a.dw(1487): No account configured on this device.
08-14 15:46:44.882 25490 25586 W Finsky  : [955] com.google.android.finsky.application.impl.a.dw(1487): No account configured on this device.
08-14 15:46:44.885 25490 25490 W Finsky  : [2] com.google.android.finsky.application.impl.a.dw(1487): No account configured on this device.
08-14 15:46:44.885  3092  3473 I PackageManager.DexOptimizer: Running dexopt (dexoptNeeded=1) on: /data/app/com.android.tcl.tensorflowlite-ZhaWAORnY-MjN0ozMCTlpg==/base.apk pkg=com.android.tcl.tensorflowlite isa=arm dexoptFlags=boot_complete,debuggable,public target-filter=quicken oatDir=/data/app/com.android.tcl.tensorflowlite-ZhaWAORnY-MjN0ozMCTlpg==/oat sharedLibraries=PCL[]
08-14 15:46:44.886 25490 25490 E Finsky  : [2] com.google.android.finsky.verifier.impl.bm.a(74): Could not connect to Clearcut: java.lang.IllegalStateException: blockingConnect must not be called on the UI thread
08-14 15:46:44.888 25490 25490 W Finsky  : [2] com.google.android.finsky.application.impl.a.dw(1487): No account configured on this device.
08-14 15:46:44.891 25490 25490 W Finsky  : [2] com.google.android.finsky.application.impl.a.dw(1487): No account configured on this device.
08-14 15:46:44.892 25490 25490 I Finsky  : [2] com.google.android.finsky.verifier.impl.dr.c(208): Verification complete: id=18, package_name=com.android.tcl.tensorflowlite
08-14 15:46:44.899 25490 25586 W Finsky  : [955] com.google.android.finsky.application.impl.a.dw(1487): No account configured on this device.
08-14 15:46:44.927  4423  4423 I dex2oat : /system/bin/dex2oat --input-vdex-fd=-1 --output-vdex-fd=18 --compiler-filter=quicken --debuggable --classpath-dir=/data/app/com.android.tcl.tensorflowlite-ZhaWAORnY-MjN0ozMCTlpg== --class-loader-context=PCL[]
08-14 15:46:44.932  4423  4423 W dex2oat : Could not reserve sentinel fault page
08-14 15:46:45.086  4423  4423 I dex2oat : dex2oat took 160.325ms (295.953ms cpu) (threads: 8) arena alloc=21KB (22176B) java alloc=196KB (201344B) native alloc=1254KB (1284104B) free=3MB (3958776B)
08-14 15:46:45.094  3092  3278 I ActivityManager: Force stopping com.android.tcl.tensorflowlite appid=10144 user=-1: installPackageLI
08-14 15:46:45.094  3092  3278 I ActivityManager: Killing 2567:com.android.tcl.tensorflowlite/u0a144 (adj 900): stop com.android.tcl.tensorflowlite
08-14 15:46:45.111  3092  3282 W system_server: kill(-2567, 9) failed: No such process
08-14 15:46:45.115  3092  3557 W InputDispatcher: channel '6356acc com.android.tcl.tensorflowlite/com.android.tcl.tensorflow.RecognizeTensorFlow (server)' ~ Consumer closed input channel or an error occurred.  events=0x9
08-14 15:46:45.115  3092  3557 E InputDispatcher: channel '6356acc com.android.tcl.tensorflowlite/com.android.tcl.tensorflow.RecognizeTensorFlow (server)' ~ Channel is unrecoverably broken and will be disposed!
08-14 15:46:45.116  3092  3712 I WindowManager: WIN DEATH: Window{6356acc u0 com.android.tcl.tensorflowlite/com.android.tcl.tensorflow.RecognizeTensorFlow}
08-14 15:46:45.116  3092  3712 W InputDispatcher: Attempted to unregister already unregistered input channel '6356acc com.android.tcl.tensorflowlite/com.android.tcl.tensorflow.RecognizeTensorFlow (server)'
08-14 15:46:45.116   414  1363 I SurfaceFlinger: EventThread Client Pid (2567) disconnected by (414)
08-14 15:46:45.117   414  1363 I SurfaceFlinger: EventThread Client Pid (2567) disconnected by (414)
08-14 15:46:45.120   414   444 I SurfaceFlinger: [SF client] DEL(0xaf27bfe0) for (3092:system_server)
08-14 15:46:45.151  3092  3282 W system_server: kill(-2567, 9) failed: No such process
08-14 15:46:45.151  3092  3282 I system_server: Successfully killed process cgroup uid 10144 pid 2567 in 40ms
08-14 15:46:45.317  3092  3278 W zygote  : Long monitor contention with owner PackageManager (3473) at void com.android.server.pm.PackageManagerService.removePackageDataLIF(com.android.server.pm.PackageSetting, int[], com.android.server.pm.PackageManagerService$PackageRemovedInfo, int, boolean)(PackageManagerService.java:20548) waiters=0 in void com.android.server.pm.PackageManagerService.setPackageAliveState(java.lang.String, java.lang.String, boolean, int) for 222ms
08-14 15:46:45.319  3092  3473 I PackageManager: Package com.android.tcl.tensorflowlite codePath changed from /data/app/com.android.tcl.tensorflowlite-TqpLhiMlPSljizYZcz0gYg== to /data/app/com.android.tcl.tensorflowlite-ZhaWAORnY-MjN0ozMCTlpg==; Retaining data and using new
08-14 15:46:45.319  3092  3473 W PackageManager: Code path for com.android.tcl.tensorflowlite changing from /data/app/com.android.tcl.tensorflowlite-TqpLhiMlPSljizYZcz0gYg== to /data/app/com.android.tcl.tensorflowlite-ZhaWAORnY-MjN0ozMCTlpg==
08-14 15:46:45.319  3092  3473 W PackageManager: Resource path for com.android.tcl.tensorflowlite changing from /data/app/com.android.tcl.tensorflowlite-TqpLhiMlPSljizYZcz0gYg== to /data/app/com.android.tcl.tensorflowlite-ZhaWAORnY-MjN0ozMCTlpg==
08-14 15:46:45.547  3092  3278 W zygote  : Long monitor contention with owner PackageManager (3473) at void com.android.server.pm.PackageManagerService.updateSettingsInternalLI(android.content.pm.PackageParser$Package, java.lang.String, int[], int[], com.android.server.pm.PackageManagerService$PackageInstalledInfo, android.os.UserHandle, int)(PackageManagerService.java:19058) waiters=0 in java.lang.String com.android.server.pm.PackageManagerService.getInstantAppPackageName(int) for 227ms
08-14 15:46:45.772  3092  3102 I zygote  : Background concurrent copying GC freed 272741(10MB) AllocSpace objects, 28(1292KB) LOS objects, 42% free, 15MB/27MB, paused 672us total 178.100ms
08-14 15:46:45.797  3092  3278 I ActivityManager:   Force finishing activity ActivityRecord{d525c09 u0 com.android.tcl.tensorflowlite/com.android.tcl.tensorflow.RecognizeTensorFlow t599}
08-14 15:46:45.798  2850  4448 W libc-netbsd: [getaddrinfo]: hostname=safebrowsing.google.com; servname=(null); netid=100; mark=786532; ai_flags=1024; ai_family=0
08-14 15:46:45.799  2850  4448 W libc-netbsd: default dns: query_ipv6=0, query_ipv4=1
08-14 15:46:45.799  2850  4448 W libc-netbsd: res_queryN name = safebrowsing.google.com succeed
08-14 15:46:45.800 25490 25517 W libc-netbsd: getaddrinfo: safebrowsing.google.com get result from proxy gai_error = 0
08-14 15:46:45.801 25490 25517 W System  : ClassLoader referenced unknown path: system/framework/mediatek-cta.jar
08-14 15:46:45.802 25490 25517 I System.out: e:java.lang.ClassNotFoundException: com.mediatek.cta.CtaHttp
08-14 15:46:45.803 25490 25517 I System.out: [socket] connection safebrowsing.google.com/172.217.24.14:443;LocalPort=-1(5000)
08-14 15:46:45.804  3092  3281 W zygote  : Long monitor contention with owner ActivityManager (3278) at void com.android.server.am.ActivityManagerService$MainHandler.handleMessage(android.os.Message)(ActivityManagerService.java:2136) waiters=0 in void com.android.server.am.ActivityManagerService.dispatchUidsChanged() for 710ms
08-14 15:46:45.804  3092  3338 W zygote  : Long monitor contention with owner ActivityManager (3278) at void com.android.server.am.ActivityManagerService$MainHandler.handleMessage(android.os.Message)(ActivityManagerService.java:2136) waiters=1 in void com.android.server.am.ActivityManagerService$LocalService.setHasOverlayUi(int, boolean) for 684ms
08-14 15:46:45.808  3092  3338 W ActivityManager: setHasOverlayUi called on unknown pid: 2567
08-14 15:46:45.813  3092  3281 W Looper  : Dispatch took 719ms on android.ui, h=Handler (com.android.server.am.ActivityManagerService$UiHandler) {7d8f39} cb=null msg=53
08-14 15:46:45.815  3092  3473 E PowerHalWrapper: <setInstallationBoost> enable:false
08-14 15:46:45.816  3092  4485 I ActivityManager: Killing 3238:system:ui/1000 (adj 906): empty #9
08-14 15:46:45.817   409   439 I libPerfService: 23: cpu_ctrl set freq: -1 -1 -1 -1
08-14 15:46:45.821  3092  3282 W system_server: kill(-3238, 9) failed: No such process
08-14 15:46:45.835   414  1363 I SurfaceFlinger: EventThread Client Pid (3238) disconnected by (414)
08-14 15:46:45.835   414  1363 I SurfaceFlinger: EventThread Client Pid (3238) disconnected by (414)
08-14 15:46:45.836   414   444 I SurfaceFlinger: [SF client] DEL(0xb1a94140) for (3092:system_server)
08-14 15:46:45.844  3092  3338 W ActivityManager: setHasOverlayUi called on unknown pid: 3238
08-14 15:46:45.861  3092  3282 W system_server: kill(-3238, 9) failed: No such process
08-14 15:46:45.861  3092  3282 I system_server: Successfully killed process cgroup uid 1000 pid 3238 in 40ms
08-14 15:46:46.044  3092  3473 I zygote  : Explicit concurrent copying GC freed 28943(1668KB) AllocSpace objects, 6(248KB) LOS objects, 42% free, 14MB/25MB, paused 219us total 227.408ms
08-14 15:46:46.070  2841  4099 E         : Couldn't opendir /data/app/vmdl2076632302.tmp: No such file or directory
08-14 15:46:46.070  2841  4099 E installd: Failed to delete /data/app/vmdl2076632302.tmp: No such file or directory
08-14 15:46:46.072  3092  3473 I ActivityManager: Force stopping com.android.tcl.tensorflowlite appid=10144 user=0: pkg removed
08-14 15:46:46.074  4350  4350 I Pm      : Package com.android.tcl.tensorflowlite installed in 12137 ms
08-14 15:46:46.121  4350  4350 I app_process: System.exit called, status: 0
08-14 15:46:46.122  4350  4350 I AndroidRuntime: VM exiting with result code 0, cleanup skipped.
08-14 15:46:46.140  3650  3669 I zygote  : NativeAlloc concurrent copying GC freed 116518(6MB) AllocSpace objects, 12(280KB) LOS objects, 49% free, 7MB/14MB, paused 422us total 181.649ms
08-14 15:46:46.146  3092  3278 W BroadcastQueue: Background execution not allowed: receiving Intent { act=android.intent.action.PACKAGE_REMOVED dat=package:com.android.tcl.tensorflowlite flg=0x4000010 (has extras) } to com.android.systemui/com.vlife.InstallReceiver
08-14 15:46:46.147  3092  3278 W BroadcastQueue: Background execution not allowed: receiving Intent { act=android.intent.action.PACKAGE_REMOVED dat=package:com.android.tcl.tensorflowlite flg=0x4000010 (has extras) } to com.android.musicfx/.Compatibility$Receiver
08-14 15:46:46.151  3092  3277 W ResourcesManager: key.mResDir: /data/app/com.sohu.inputmethod.sogou-PKNps3dXzdVRkwrpRwqEdw==/base.apk, ignore idmapPath: /system/overlay/framework-res-overlay.apk
08-14 15:46:46.152  3650  3650 W ResourcesManager: key.mResDir: /data/app/com.android.tcl.tensorflowlite-ZhaWAORnY-MjN0ozMCTlpg==/base.apk, ignore idmapPath: /system/overlay/framework-res-overlay.apk
08-14 15:46:46.155  7652  7974 W ResourcesManager: key.mResDir: /data/app/com.android.tcl.tensorflowlite-ZhaWAORnY-MjN0ozMCTlpg==/base.apk, ignore idmapPath: /system/overlay/framework-res-overlay.apk
08-14 15:46:46.155  3092  3278 W BroadcastQueue: Background execution not allowed: receiving Intent { act=android.intent.action.PACKAGE_REMOVED dat=package:com.android.tcl.tensorflowlite flg=0x4000010 (has extras) } to com.android.settings/.func.broadcastreceiver.FuncSettingsReceiver
08-14 15:46:46.164  3092  3558 I InputReader: Reconfiguring input devices.  changes=0x00000010
08-14 15:46:46.167  3092  3558 I InputReader: Reconfiguring input devices.  changes=0x00000010
08-14 15:46:46.170  4007  4349 I ADB_SERVICES: post waitpid (pid=4348) status=0000
08-14 15:46:46.171  3092  3558 I InputReader: Reconfiguring input devices.  changes=0x00000010
08-14 15:46:46.187  3092  3092 I ActivityManager: Start proc 4455:com.android.keychain/1000 for service com.android.keychain/.KeyChainService
08-14 15:46:46.189  4007  4007 I ADB_SERVICES: service_to_fd shell:dumpsys package com.android.tcl.tensorflowlite
08-14 15:46:46.191 25490 25490 W Finsky  : [2] com.google.android.finsky.application.impl.a.dw(1487): No account configured on this device.
08-14 15:46:46.222 25490 25490 I chatty  : uid=10061(com.android.vending) identical 2 lines
08-14 15:46:46.227 25490 25490 W Finsky  : [2] com.google.android.finsky.application.impl.a.dw(1487): No account configured on this device.
08-14 15:46:46.237  4455  4455 I zygote  : The ClassLoaderContext is a special shared library.
08-14 15:46:46.246  4007  4465 I ADB_SERVICES: post waitpid (pid=4461) status=0000
08-14 15:46:46.264 25490 25490 W Finsky  : [2] com.google.android.finsky.application.impl.a.dw(1487): No account configured on this device.
08-14 15:46:46.266 25490 25490 I chatty  : uid=10061(com.android.vending) identical 1 line
08-14 15:46:46.311 25490 25490 W Finsky  : [2] com.google.android.finsky.application.impl.a.dw(1487): No account configured on this device.
08-14 15:46:46.317  3092  3092 I Telecom : DefaultDialerCache: Refreshing default dialer for user 0: now com.tct.dialer: DDC.oR@AqM
08-14 15:46:46.343  4007  4007 I ADB_SERVICES: service_to_fd sync:
08-14 15:46:46.344  4007  4007 I ADB_SERVICES: service thread started, 46:54
08-14 15:46:46.349  4007  4488 I ADB_SERVICES: sync: send('/data/local/tmp/com.android.tcl.tensorflowlite-build-id.txt,436')
08-14 15:46:46.382  4007  4007 I /system/bin/adbd: type=1400 audit(0.0:1637): avc: denied { setfcap } for comm=73796E6320737663203534 capability=31 scontext=u:r:adbd:s0 tcontext=u:r:adbd:s0 tclass=capability permissive=1
08-14 15:46:46.392  4007  4488 I ADB_SERVICES: handle_send_file ID_DONE
08-14 15:46:46.400  4007  4488 I ADB_SERVICES: sync: done fd(54)
08-14 15:46:46.407  4007  4007 I ADB_SERVICES: service_to_fd shell:am start -n "com.android.tcl.tensorflowlite/com.android.tcl.tensorflow.RecognizeTensorFlow" -a android.intent.action.MAIN -c android.intent.category.LAUNCHER
08-14 15:46:46.460  3092  4313 W zygote  : Long monitor contention with owner main (3092) at android.content.pm.ParceledListSlice com.android.server.pm.PackageManagerService.getInstalledPackages(int, int)(PackageManagerService.java:9006) waiters=2 in int com.android.server.pm.PackageManagerService.checkSignatures(java.lang.String, java.lang.String) for 134ms
08-14 15:46:46.461  3092  3105 W zygote  : Long monitor contention with owner main (3092) at android.content.pm.ParceledListSlice com.android.server.pm.PackageManagerService.getInstalledPackages(int, int)(PackageManagerService.java:9006) waiters=1 in int com.android.server.pm.PackageManagerService.checkUidSignatures(int, int) for 135ms
08-14 15:46:46.469 25490 25490 W Finsky  : [2] com.google.android.finsky.application.impl.a.dw(1487): No account configured on this device.
08-14 15:46:46.472  4495  4495 I cmd     : type=1400 audit(0.0:1638): avc: denied { dac_override } for capability=1 scontext=u:r:shell:s0 tcontext=u:r:shell:s0 tclass=capability permissive=1
08-14 15:46:46.498 25490 25490 W Finsky  : [2] com.google.android.finsky.application.impl.a.dw(1487): No account configured on this device.
08-14 15:46:46.506 25490 25490 I chatty  : uid=10061(com.android.vending) identical 2 lines
08-14 15:46:46.509 25490 25490 W Finsky  : [2] com.google.android.finsky.application.impl.a.dw(1487): No account configured on this device.
08-14 15:46:46.510  3092  3712 I ActivityManager: Start proc 4497:com.android.vending:instant_app_installer/u0a61 for broadcast com.android.vending/com.google.android.finsky.instantapps.appmanagement.InstantAppRemoveMonitor
08-14 15:46:46.522  3092  4313 I ActivityManager: START u0 {act=android.intent.action.MAIN cat=[android.intent.category.LAUNCHER] flg=0x10000000 cmp=com.android.tcl.tensorflowlite/com.android.tcl.tensorflow.RecognizeTensorFlow} from uid 0
08-14 15:46:46.525  3092  4313 W ResourcesManager: key.mResDir: /data/app/com.android.tcl.tensorflowlite-ZhaWAORnY-MjN0ozMCTlpg==/base.apk, ignore idmapPath: /system/overlay/framework-res-overlay.apk
08-14 15:46:46.531   409   440 I vendor.mediatek.hardware.power@1.1-impl: PowerHint hint:8, data:1
08-14 15:46:46.532   409   439 I libPerfService: 8: cpu_ctrl set freq: 2001000 -1 1500000 -1
08-14 15:46:46.543  3766  3766 E VvmPkgInstalledRcvr: cannot create TelephonyManager from ComponentInfo{com.android.phone/com.android.services.telephony.TelephonyConnectionService}, [e0184adedf913b076626646d3f52c3b49c39ad6d], UserHandle{0}
08-14 15:46:46.546  3092  4313 I ActivityManager: Start proc 4514:com.android.tcl.tensorflowlite/u0a144 for activity com.android.tcl.tensorflowlite/com.android.tcl.tensorflow.RecognizeTensorFlow
08-14 15:46:46.547   409   440 I vendor.mediatek.hardware.power@1.1-impl: PowerHint hint:8, data:0
08-14 15:46:46.550  4514  4514 I zygote  : Late-enabling -Xcheck:jni
08-14 15:46:46.552 25490 25490 W Finsky  : [2] com.google.android.finsky.application.impl.a.dw(1487): No account configured on this device.
08-14 15:46:46.554  4007  4490 I ADB_SERVICES: post waitpid (pid=4489) status=0000
08-14 15:46:46.555 25490 25529 W Finsky  : [933] com.google.android.finsky.application.impl.a.dw(1487): No account configured on this device.
08-14 15:46:46.558  3092  3338 I TctPhoneWindowManager: task moved to top : com.android.tcl.tensorflowlite
08-14 15:46:46.562  3092  3338 E WindowManager: Unknown window type: 2040
08-14 15:46:46.575 25490 25490 W Finsky  : [2] com.google.android.finsky.application.impl.a.dw(1487): No account configured on this device.
08-14 15:46:46.589 25490 25490 I chatty  : uid=10061(com.android.vending) identical 1 line
08-14 15:46:46.596 25490 25490 W Finsky  : [2] com.google.android.finsky.application.impl.a.dw(1487): No account configured on this device.
08-14 15:46:46.597 25490 25490 I Finsky  : [2] com.google.android.finsky.scheduler.JobSchedulerEngine.a(61): Scheduling job with id: 9000
08-14 15:46:46.601 25490 25490 W Finsky  : [2] com.google.android.finsky.application.impl.a.dw(1487): No account configured on this device.
08-14 15:46:46.607  3092  3558 I InputReader: Reconfiguring input devices.  changes=0x00000004
08-14 15:46:46.607  4286  4477 W ResourcesManager: key.mResDir: /data/app/com.android.tcl.tensorflowlite-ZhaWAORnY-MjN0ozMCTlpg==/base.apk, ignore idmapPath: /system/overlay/framework-res-overlay.apk
08-14 15:46:46.614  4286  4477 W time    : icon time = 0
08-14 15:46:46.615   409   440 I vendor.mediatek.hardware.power@1.1-impl: notifyAppState pack:com.android.tcl.tensorflowlite, act:com.android.tcl.tensorflow.RecognizeTensorFlow, pid:4514, state:1
08-14 15:46:46.617   409   439 I libPerfService: [perfNotifyAppState] foreground:com.android.tcl.tensorflowlite, pid:4514
08-14 15:46:46.641  4514  4514 W ResourcesManager: key.mResDir: /data/app/com.android.tcl.tensorflowlite-ZhaWAORnY-MjN0ozMCTlpg==/base.apk, ignore idmapPath: /system/overlay/framework-res-overlay.apk
08-14 15:46:46.659  4514  4514 W ResourcesManager: key.mResDir: /data/app/com.android.tcl.tensorflowlite-ZhaWAORnY-MjN0ozMCTlpg==/base.apk, ignore idmapPath: /system/overlay/framework-res-overlay.apk
08-14 15:46:46.709  4514  4514 I SystemServiceRegistry: AttrName service = android.app.IAttrNameManager$Stub$Proxy@dc9b632
08-14 15:46:46.710  4514  4514 I AttrNameManager: <<<<<<<<<mService = android.app.IAttrNameManager$Stub$Proxy@dc9b632
08-14 15:46:46.710  4126 10339 E NetworkScheduler: Unrecognised action provided: android.intent.action.PACKAGE_REMOVED
08-14 15:46:46.727  3092  3712 W BroadcastQueue: Background execution not allowed: receiving Intent { act=android.intent.action.PACKAGE_REMOVED dat=package:com.android.tcl.tensorflowlite flg=0x4000010 (has extras) } to com.google.android.googlequicksearchbox/com.google.android.apps.gsa.googlequicksearchbox.GelStubAppWatcher
08-14 15:46:46.745  3092  3278 I ActivityManager: Start proc 4556:com.mediatek.duraspeed/1000 for broadcast com.mediatek.duraspeed/.view.RunningBoosterAppReceiver
08-14 15:46:46.891  3092  3105 W zygote  : Long monitor contention with owner Binder:3092_D (4264) at android.content.ComponentName com.android.server.am.ActivityManagerService.startService(android.app.IApplicationThread, android.content.Intent, java.lang.String, boolean, java.lang.String, int)(ActivityManagerService.java:18752) waiters=0 in void com.android.server.am.ActivityManagerService.serviceDoneExecuting(android.os.IBinder, int, int, int) for 143ms
08-14 15:46:46.944  4556  4556 W ContextImpl: Calling a method in the system process without a qualified user: android.app.ContextImpl.startService:1477 android.content.ContextWrapper.startService:654 android.content.ContextWrapper.startService:654 com.mediatek.duraspeed.view.RunningBoosterAppReceiver.startRunningBoosterAppService:62 com.mediatek.duraspeed.view.RunningBoosterAppReceiver.onReceive:52 
08-14 15:46:46.950  3092  3712 W BroadcastQueue: Background execution not allowed: receiving Intent { act=android.intent.action.PACKAGE_REMOVED dat=package:com.android.tcl.tensorflowlite flg=0x4000010 (has extras) } to com.tcl.ota/.receiver.PackageIntentReceiver
08-14 15:46:46.952  3092  3278 W BroadcastQueue: Background execution not allowed: receiving Intent { act=android.intent.action.PACKAGE_REMOVED dat=package:com.android.tcl.tensorflowlite flg=0x4000010 (has extras) } to com.tct.qs.search/.receiver.AppChangeReceiver
08-14 15:46:46.973  3092  3278 I ActivityManager: Start proc 4588:com.sohu.inputmethod.sogou:classic/u0a157 for broadcast com.sohu.inputmethod.sogou/com.sogou.androidtool.receiver.SupportReceiver
08-14 15:46:47.012  4556  4586 W ContextImpl: Calling a method in the system process without a qualified user: android.app.ContextImpl.sendBroadcast:967 android.content.ContextWrapper.sendBroadcast:441 com.mediatek.duraspeed.view.RunningBoosterAppService.notifyPackageUpdated:146 com.mediatek.duraspeed.view.RunningBoosterAppService.onHandleIntent:133 android.app.IntentService$ServiceHandler.handleMessage:76 
08-14 15:46:47.018  3092  3712 I ActivityManager: Killing 3127:com.focaltech.ft_terminal_test/1000 (adj 906): empty #9
08-14 15:46:47.024  3092  3282 W system_server: kill(-3127, 9) failed: No such process
08-14 15:46:47.038  4588  4588 W ResourcesManager: key.mResDir: /data/app/com.sohu.inputmethod.sogou-PKNps3dXzdVRkwrpRwqEdw==/base.apk, ignore idmapPath: /system/overlay/framework-res-overlay.apk
08-14 15:46:47.044  4588  4588 I MultiDex: VM with version 2.1.0 has multidex support
08-14 15:46:47.045  4588  4588 I MultiDex: install
08-14 15:46:47.045  4588  4588 I MultiDex: VM has multidex support, MultiDex support library is disabled.
08-14 15:46:47.060  3092  3282 W system_server: kill(-3127, 9) failed: No such process
08-14 15:46:47.061  3092  3282 I system_server: Successfully killed process cgroup uid 1000 pid 3127 in 36ms
08-14 15:46:47.077  3092  3105 W BroadcastQueue: Background execution not allowed: receiving Intent { act=android.intent.action.PACKAGE_ADDED dat=package:com.android.tcl.tensorflowlite flg=0x4000010 (has extras) } to com.hawk.android.browser/.broadcastreceiver.AppReceiver
08-14 15:46:47.077  3092  3278 W BroadcastQueue: Background execution not allowed: receiving Intent { act=android.intent.action.PACKAGE_ADDED dat=package:com.android.tcl.tensorflowlite flg=0x4000010 (has extras) } to com.android.systemui/com.vlife.InstallReceiver
08-14 15:46:47.079  3092  4313 I ActivityManager: Killing 3148:com.mediatek.engineermode/1001 (adj 906): empty #9
08-14 15:46:47.079  3092  3282 W system_server: kill(-3148, 9) failed: No such process
08-14 15:46:47.081  3092  3278 W BroadcastQueue: Background execution not allowed: receiving Intent { act=android.intent.action.PACKAGE_ADDED dat=package:com.android.tcl.tensorflowlite flg=0x4000010 (has extras) } to com.android.musicfx/.Compatibility$Receiver
08-14 15:46:47.081  3092  3278 W BroadcastQueue: Background execution not allowed: receiving Intent { act=android.intent.action.PACKAGE_ADDED dat=package:com.android.tcl.tensorflowlite flg=0x4000010 (has extras) } to com.android.systemui/com.duapps.ad.base.PackageAddReceiver
08-14 15:46:47.086 25490 25490 W Finsky  : [2] com.google.android.finsky.application.impl.a.dw(1487): No account configured on this device.
08-14 15:46:47.097 25490 25490 I chatty  : uid=10061(com.android.vending) identical 5 lines
08-14 15:46:47.099 25490 25490 W Finsky  : [2] com.google.android.finsky.application.impl.a.dw(1487): No account configured on this device.
08-14 15:46:47.112 25490 25490 I Finsky  : [2] com.google.android.finsky.wear.WearSupportService.onStartCommand(21): Starting WearSupportService for auto_install
08-14 15:46:47.113 25490 25490 I Finsky  : [2] com.google.android.finsky.wear.ar.a(80): Connecting to wearable; initiated by: com.google.android.finsky.wear.WearSupportService
08-14 15:46:47.114 25490 25490 I Finsky  : [2] com.google.android.finsky.externalreferrer.e.a(52): Package state data is missing for com.android.tcl.tensorflowlite
08-14 15:46:47.115  3092  3278 W ActivityManager: Activity pause timeout for ActivityRecord{7930a3a u0 com.android.tcl.tensorflowlite/com.android.tcl.tensorflow.RecognizeTensorFlow t600}
08-14 15:46:47.121  3092  3282 W system_server: kill(-3148, 9) failed: No such process
08-14 15:46:47.121  3092  3282 I system_server: Successfully killed process cgroup uid 1001 pid 3148 in 41ms
08-14 15:46:47.121 25490 25490 W Finsky  : [2] com.google.android.finsky.application.impl.a.dw(1487): No account configured on this device.
08-14 15:46:47.134  4126  4126 I WearableService: Wearable Services not starting - Wear is not available on this device.
08-14 15:46:47.145  4126  5049 W WearableService: onGetService - Wear is not available on this device.
08-14 15:46:47.147 25490 25490 E Finsky  : [2] com.google.android.finsky.wear.au.a(3): onConnectionFailed: ConnectionResult{statusCode=API_UNAVAILABLE, resolution=null, message=null}
08-14 15:46:47.147 25490 25490 W Finsky  : [2] com.google.android.finsky.wear.cd.run(12): Dropping command=auto_install due to Gms not connected
08-14 15:46:47.148 25490 25490 I Finsky  : [2] com.google.android.finsky.wear.WearSupportService.b(67): Stopping WearSupportService
08-14 15:46:47.165  4424  4549 I ChromeSync: [Sync,SyncIntentOperation] Handling the intent: Intent { act=android.intent.action.PACKAGE_ADDED dat=package:com.android.tcl.tensorflowlite flg=0x4000010 cmp=com.google.android.gms/.chimera.GmsIntentOperationService (has extras) }.
08-14 15:46:47.168  3092  3105 W BroadcastQueue: Background execution not allowed: receiving Intent { act=android.intent.action.PACKAGE_ADDED dat=package:com.android.tcl.tensorflowlite flg=0x4000010 (has extras) } to com.google.android.googlequicksearchbox/com.google.android.apps.gsa.googlequicksearchbox.GelStubAppWatcher
08-14 15:46:47.171  4424  4549 I ChromeSync: [Persistence,AffiliationManager] Fetching affiliations from the server.
08-14 15:46:47.335  4424  4779 W ResourcesManager: key.mResDir: /data/app/com.android.tcl.tensorflowlite-ZhaWAORnY-MjN0ozMCTlpg==/base.apk, ignore idmapPath: /system/overlay/framework-res-overlay.apk
08-14 15:46:47.445  3092  3105 W zygote  : Long monitor contention with owner Binder:3092_D (4264) at android.content.pm.ParceledListSlice com.android.server.pm.PackageManagerService.getInstalledPackages(int, int)(PackageManagerService.java:9006) waiters=1 in java.lang.String com.android.server.pm.PackageManagerService.getInstantAppPackageName(int) for 273ms
08-14 15:46:47.449  4556  4556 W ContextImpl: Calling a method in the system process without a qualified user: android.app.ContextImpl.startService:1477 android.content.ContextWrapper.startService:654 android.content.ContextWrapper.startService:654 com.mediatek.duraspeed.view.RunningBoosterAppReceiver.startRunningBoosterAppService:62 com.mediatek.duraspeed.view.RunningBoosterAppReceiver.onReceive:52 
08-14 15:46:47.450  3092  4485 W zygote  : Long monitor contention with owner Binder:3092_1 (3105) at void com.android.server.am.ActivityManagerService.trimApplications()(ActivityManagerService.java:23920) waiters=2 in void com.android.server.am.ActivityManagerService.publishService(android.os.IBinder, android.content.Intent, android.os.IBinder) for 278ms
08-14 15:46:47.451  3092  3712 W zygote  : Long monitor contention with owner Binder:3092_1 (3105) at void com.android.server.am.ActivityManagerService.trimApplications()(ActivityManagerService.java:23920) waiters=3 in boolean com.android.server.am.ActivityManagerService.stopServiceToken(android.content.ComponentName, android.os.IBinder, int) for 255ms
08-14 15:46:47.472  3092  3712 W BroadcastQueue: Background execution not allowed: receiving Intent { act=android.intent.action.PACKAGE_ADDED dat=package:com.android.tcl.tensorflowlite flg=0x4000010 (has extras) } to com.tcl.ota/.receiver.PackageIntentReceiver
08-14 15:46:47.484  3092  3278 W BroadcastQueue: Background execution not allowed: receiving Intent { act=android.intent.action.PACKAGE_ADDED dat=package:com.android.tcl.tensorflowlite flg=0x4000010 (has extras) } to com.tct.qs.search/.receiver.AppChangeReceiver
08-14 15:46:47.515  3092  4484 W BroadcastQueue: Background execution not allowed: receiving Intent { act=android.intent.action.PACKAGE_REPLACED dat=package:com.android.tcl.tensorflowlite flg=0x4000010 (has extras) } to com.android.systemui/com.vlife.InstallReceiver
