--------- beginning of system
08-14 15:31:45.142  3092  3092 D DeviceIdleController: Setting wakelock temp whitelist to [1000]
08-14 15:31:45.173  3092  3092 I ActivityManager: Start proc 2515:com.android.keychain/1000 for service com.android.keychain/.KeyChainService
08-14 15:31:45.177  3092  3092 D DuraSpeed/DSBroadcastReceiver: received broadcast, action is: android.intent.action.PACKAGE_REMOVED
08-14 15:31:45.180  3092  3419 D DuraSpeed/DuraSpeedInternalManager: [handlePackageChanged]
08-14 15:31:45.243  3092  3659 I ActivityManager: Start proc 2533:com.android.vending:instant_app_installer/u0a61 for broadcast com.android.vending/com.google.android.finsky.instantapps.appmanagement.InstantAppRemoveMonitor
08-14 15:31:45.243  3092  3092 D DeviceIdleController xmLog: installed package name is package:com.android.tcl.tensorflowlite
08-14 15:31:45.249  3092  3092 D DuraSpeed/DSBroadcastReceiver: received broadcast, action is: android.intent.action.PACKAGE_ADDED
08-14 15:31:45.283  3092  3712 I ActivityManager: Killing 32247:com.google.process.gservices/u0a44 (adj 906): empty #9
08-14 15:31:45.333  3092  3344 W ActivityManager: getContentProviderImpl ignoreProvider name = com.tct.privacymode.provider, cpr.name = ComponentInfo{com.tct.privacymode/com.tct.privacymode.PrivacyModeProvider}, r.processName  = system, cpr.noReleaseNeeded = false
08-14 15:31:45.333  3092  3092 I Telecom : DefaultDialerCache: Refreshing default dialer for user 0: now com.tct.dialer: DDC.oR@Ank
08-14 15:31:45.558  3092  3344 W ActivityManager: Slow operation: 224ms so far, now at startProcess: building args
08-14 15:31:45.560  3092  3344 W ActivityManager: Slow operation: 226ms so far, now at startProcess: asking zygote to start proc
08-14 15:31:45.569  3092  3092 D DuraSpeed/DSBroadcastReceiver: received broadcast, action is: android.intent.action.PACKAGE_REPLACED
08-14 15:31:45.590  3092  3344 W ActivityManager: Slow operation: 256ms so far, now at startProcess: returned from zygote!
08-14 15:31:45.591  3092  3344 W ActivityManager: Slow operation: 256ms so far, now at startProcess: done updating battery stats
08-14 15:31:45.591  3092  3344 W ActivityManager: Slow operation: 257ms so far, now at startProcess: building log message
08-14 15:31:45.591  3092  3344 I ActivityManager: Start proc 2553:com.tct.privacymode/1000 for content provider com.tct.privacymode/.PrivacyModeProvider
08-14 15:31:45.591  3092  3344 W ActivityManager: Slow operation: 257ms so far, now at startProcess: starting to update pids map
08-14 15:31:45.591  3092  3344 W ActivityManager: Slow operation: 257ms so far, now at startProcess: done updating pids map
08-14 15:31:45.591  3092  3344 W ActivityManager: Slow operation: 257ms so far, now at startProcess: done starting proc!
08-14 15:31:45.591  3092  3344 W ActivityManager: Slow operation: 260ms so far, now at getContentProviderImpl: after start process
08-14 15:31:45.591  3092  3344 W ActivityManager: Slow operation: 260ms so far, now at getContentProviderImpl: updating data structures
08-14 15:31:45.591  3092  3344 W ActivityManager: Slow operation: 260ms so far, now at getContentProviderImpl: done!
08-14 15:31:45.592  3092  3281 W Looper  : Dispatch took 270ms on android.ui, h=Handler (com.android.server.am.ActivityManagerService$UiHandler) {7d8f39} cb=null msg=53
08-14 15:31:45.639  3092  3659 I ActivityManager: START u0 {act=android.intent.action.MAIN cat=[android.intent.category.LAUNCHER] flg=0x10000000 cmp=com.android.tcl.tensorflowlite/com.android.tcl.tensorflow.RecognizeTensorFlow} from uid 0
08-14 15:31:45.681  3092  3419 D DuraSpeed/DuraSpeedInternalManager: [handlePackageChanged]
08-14 15:31:45.712  3092  3659 I ActivityManager: Start proc 2567:com.android.tcl.tensorflowlite/u0a144 for activity com.android.tcl.tensorflowlite/com.android.tcl.tensorflow.RecognizeTensorFlow
08-14 15:31:45.719  3092  3419 D DuraSpeed/DuraSpeedInternalManager: [handlePackageChanged]
08-14 15:31:45.720  3092  4484 V SettingsProvider: name : tct_nav_top_pkg_info appId : 1000
08-14 15:31:45.756  3092  3712 I ActivityManager: Start proc 2576:com.google.process.gservices/u0a44 for content provider com.google.android.gsf/.gservices.GservicesProvider
08-14 15:31:45.762  3092  3338 E WindowManager: Unknown window type: 2040
08-14 15:31:45.764  3092  3281 D AutofillUI: destroySaveUiUiThread(): already destroyed
08-14 15:31:45.765  3092  3277 D AutofillManagerServiceImpl: Set component for user 0 as ServiceInfo{dac8341 com.google.android.gms.autofill.service.AutofillService}
08-14 15:31:45.772  3092  4264 V SettingsProvider: name : nav_bar_pin appId : 10056
08-14 15:31:45.774  3092  4264 V SettingsProvider: Package name : com.android.systemui privateFlags : 4200
08-14 15:31:45.801  3092  4484 V WindowManager: Set focused app to: AppWindowToken{91db0d4 token=Token{c121e0e ActivityRecord{d525c09 u0 com.android.tcl.tensorflowlite/com.android.tcl.tensorflow.RecognizeTensorFlow t599}}} old focus=null moveFocusNow=true
08-14 15:31:45.921  3092  4484 I ActivityManager: Killing 32290:com.mediatek.duraspeed/1000 (adj 906): empty #9
08-14 15:31:45.959  3092  4264 V SettingsProvider: packageValueForCallResult, name = null, value : Bundle[{_track_generation=android.util.MemoryIntArray@63, value=null, _generation_index=0, _generation=9}]
08-14 15:31:45.961  3092  4486 W BroadcastQueue: Background execution not allowed: receiving Intent { act=android.intent.action.PACKAGE_REMOVED dat=package:com.android.tcl.tensorflowlite flg=0x4000010 (has extras) } to com.google.android.googlequicksearchbox/com.google.android.apps.gsa.googlequicksearchbox.GelStubAppWatcher
08-14 15:31:45.981  3092  3278 I ActivityManager: Start proc 2621:com.mediatek.duraspeed/1000 for broadcast com.mediatek.duraspeed/.view.RunningBoosterAppReceiver
08-14 15:31:46.141  3092 24496 V SettingsProvider: packageValueForCallResult, name = null, value : Bundle[{_track_generation=android.util.MemoryIntArray@63, value=null, _generation_index=2, _generation=428}]
08-14 15:31:46.152  3092 24496 D PowerManagerService: acquireWakeLockInternal: lock=239146037, flags=0x1, tag="Icing", ws=WorkSource{10044 com.google.android.gms}, uid=10044, pid=4424, packageName=com.google.android.gms
08-14 15:31:46.157  3092  3699 D PowerManagerService: updateWakeLockWorkSourceInternal: lock=239146037 [Icing], ws=WorkSource{10044 com.google.android.gms, 10144 com.android.tcl.tensorflowlite}
08-14 15:31:46.159  3092  3699 D PowerManagerService: updateWakeLockWorkSourceInternal: lock=239146037 [Icing], ws=WorkSource{10044 com.google.android.gms}
08-14 15:31:46.161  3092  3699 D PowerManagerService: releaseWakeLockInternal: lock=239146037 [Icing], flags=0x0, total_time=9ms, ws/pid/uid=WorkSource{10044 com.google.android.gms}/4424/10044, packageName=com.google.android.gms
08-14 15:31:46.168  2567  2567 I AttrNameManager: <<<<<<<<<mService = android.app.IAttrNameManager$Stub$Proxy@111ff83
08-14 15:31:46.182  2621  2621 W ContextImpl: Calling a method in the system process without a qualified user: android.app.ContextImpl.startService:1477 android.content.ContextWrapper.startService:654 android.content.ContextWrapper.startService:654 com.mediatek.duraspeed.view.RunningBoosterAppReceiver.startRunningBoosterAppService:62 com.mediatek.duraspeed.view.RunningBoosterAppReceiver.onReceive:52 
08-14 15:31:46.187  3092  3699 W BroadcastQueue: Background execution not allowed: receiving Intent { act=android.intent.action.PACKAGE_REMOVED dat=package:com.android.tcl.tensorflowlite flg=0x4000010 (has extras) } to com.tcl.ota/.receiver.PackageIntentReceiver
08-14 15:31:46.189  3092  3278 W BroadcastQueue: Background execution not allowed: receiving Intent { act=android.intent.action.PACKAGE_REMOVED dat=package:com.android.tcl.tensorflowlite flg=0x4000010 (has extras) } to com.tct.qs.search/.receiver.AppChangeReceiver
08-14 15:31:46.199  3092  3699 W BroadcastQueue: Background execution not allowed: receiving Intent { act=android.intent.action.PACKAGE_ADDED dat=package:com.android.tcl.tensorflowlite flg=0x4000010 (has extras) } to com.hawk.android.browser/.broadcastreceiver.AppReceiver
08-14 15:31:46.199  3092  3278 W BroadcastQueue: Background execution not allowed: receiving Intent { act=android.intent.action.PACKAGE_ADDED dat=package:com.android.tcl.tensorflowlite flg=0x4000010 (has extras) } to com.android.systemui/com.vlife.InstallReceiver
08-14 15:31:46.210  3092  3278 W BroadcastQueue: Background execution not allowed: receiving Intent { act=android.intent.action.PACKAGE_ADDED dat=package:com.android.tcl.tensorflowlite flg=0x4000010 (has extras) } to com.android.musicfx/.Compatibility$Receiver
08-14 15:31:46.211  3092  3278 W BroadcastQueue: Background execution not allowed: receiving Intent { act=android.intent.action.PACKAGE_ADDED dat=package:com.android.tcl.tensorflowlite flg=0x4000010 (has extras) } to com.android.systemui/com.duapps.ad.base.PackageAddReceiver
08-14 15:31:46.266  2621  2638 W ContextImpl: Calling a method in the system process without a qualified user: android.app.ContextImpl.sendBroadcast:967 android.content.ContextWrapper.sendBroadcast:441 com.mediatek.duraspeed.view.RunningBoosterAppService.notifyPackageUpdated:146 com.mediatek.duraspeed.view.RunningBoosterAppService.onHandleIntent:133 android.app.IntentService$ServiceHandler.handleMessage:76 
08-14 15:31:46.305  3092  3278 W ActivityManager: Activity pause timeout for ActivityRecord{d525c09 u0 com.android.tcl.tensorflowlite/com.android.tcl.tensorflow.RecognizeTensorFlow t599}
08-14 15:31:46.446  3092  3699 I ActivityManager: Killing 32338:com.tcl.gallery/u0a111 (adj 906): empty #9
08-14 15:31:46.622  3092  3338 W ActivityManager: setHasOverlayUi called on unknown pid: 32338
08-14 15:31:46.625  3092  3281 W Looper  : Dispatch took 178ms on android.ui, h=Handler (com.android.server.am.ActivityManagerService$UiHandler) {7d8f39} cb=null msg=53
08-14 15:31:46.646  3092  4484 W BroadcastQueue: Background execution not allowed: receiving Intent { act=android.intent.action.PACKAGE_ADDED dat=package:com.android.tcl.tensorflowlite flg=0x4000010 (has extras) } to com.google.android.googlequicksearchbox/com.google.android.apps.gsa.googlequicksearchbox.GelStubAppWatcher
08-14 15:31:46.647  3092  3105 D PowerManagerService: acquireWakeLockInternal: lock=239146037, flags=0x1, tag="Icing", ws=WorkSource{10044 com.google.android.gms}, uid=10044, pid=4424, packageName=com.google.android.gms
08-14 15:31:46.650  3092 24496 D PowerManagerService: updateWakeLockWorkSourceInternal: lock=239146037 [Icing], ws=WorkSource{10044 com.google.android.gms, 10144 com.android.tcl.tensorflowlite}
08-14 15:31:46.652  2621  2621 W ContextImpl: Calling a method in the system process without a qualified user: android.app.ContextImpl.startService:1477 android.content.ContextWrapper.startService:654 android.content.ContextWrapper.startService:654 com.mediatek.duraspeed.view.RunningBoosterAppReceiver.startRunningBoosterAppService:62 com.mediatek.duraspeed.view.RunningBoosterAppReceiver.onReceive:52 
08-14 15:31:46.654  3092  3105 D PowerManagerService: updateWakeLockWorkSourceInternal: lock=239146037 [Icing], ws=WorkSource{10044 com.google.android.gms}
08-14 15:31:46.846  3092 24496 W BroadcastQueue: Background execution not allowed: receiving Intent { act=android.intent.action.PACKAGE_ADDED dat=package:com.android.tcl.tensorflowlite flg=0x4000010 (has extras) } to com.tcl.ota/.receiver.PackageIntentReceiver
08-14 15:31:46.849  3092  3278 W BroadcastQueue: Background execution not allowed: receiving Intent { act=android.intent.action.PACKAGE_ADDED dat=package:com.android.tcl.tensorflowlite flg=0x4000010 (has extras) } to com.tct.qs.search/.receiver.AppChangeReceiver
08-14 15:31:46.854  2621  2649 D DuraSpeedManager: Get DuraSpeedService
08-14 15:31:46.854  2621  2649 D DuraSpeedManager: applyUserConfig packageName=com.mediatek.duraspeed config=com.mediatek.duraspeed.manager.DuraSpeedConfiguration@134512c
08-14 15:31:46.855  3092  4313 D DuraSpeed/DuraSpeedService: [applyUserConfig] Enter
08-14 15:31:46.855  3092  3419 D DuraSpeed/DuraSpeedInternalManager: [updateUserConfiguration] SDK version = 27, newConfig.enableDuraSpeed = true
08-14 15:31:46.855  3092  3419 D DuraSpeed/DuraSpeedInternalManager: [applyUserConfig] new UserPolicy
08-14 15:31:46.857  2621  2649 W ContextImpl: Calling a method in the system process without a qualified user: android.app.ContextImpl.sendBroadcast:967 android.content.ContextWrapper.sendBroadcast:441 com.mediatek.duraspeed.view.RunningBoosterAppService.notifyPackageUpdated:146 com.mediatek.duraspeed.view.RunningBoosterAppService.onHandleIntent:120 android.app.IntentService$ServiceHandler.handleMessage:76 
08-14 15:31:46.859  3092  3419 D DuraSpeed/DSPolicyBase: [setCurrentLauncher] = com.tct.launcher
08-14 15:31:46.860  3092  3419 D DuraSpeed/DuraSpeedInternalManager: switchState currentPackage = null, event =1002
08-14 15:31:46.860  3092  3419 D PowerManagerService: acquireWakeLockInternal: lock=188609203, flags=0x1, tag="NetworkStats", ws=null, uid=1000, pid=3092, packageName=android
08-14 15:31:46.864  3092  3419 D NetdConnector: SND -> {1053 bandwidth gettetherstats}
08-14 15:31:46.866  3092  3565 D NetdConnector: RCV <- {200 1053 Tethering stats list completed}
08-14 15:31:46.873  3092  3419 I NetworkStatsRecorder: recordSnapshotLocked: ident[[{type=WIFI, subType=COMBINED, networkId="HG532e-ZSD2MB", metered=false}]]
08-14 15:31:46.873  3092  3419 W NetworkStatsRecorder: unknown interfaces [lo], ignoring those stats
08-14 15:31:46.873  3092  3419 I NetworkStatsRecorder: recordSnapshotLocked: ident[[{type=WIFI, subType=COMBINED, networkId="HG532e-ZSD2MB", metered=false}]]
08-14 15:31:46.873  3092  3419 W NetworkStatsRecorder: unknown interfaces [lo], ignoring those stats
08-14 15:31:46.874  3092  3419 D NetworkStatsRecorder: vpnArray:[Lcom.android.internal.net.VpnInfo;@f19935d
08-14 15:31:46.874  3092  3419 I NetworkStatsRecorder: recordSnapshotLocked: ident[[{type=WIFI, subType=COMBINED, networkId="HG532e-ZSD2MB", metered=false}]]
08-14 15:31:46.874  3092  3419 I NetworkStatsRecorder: recordSnapshotLocked: ident[[{type=WIFI, subType=COMBINED, networkId="HG532e-ZSD2MB", metered=false}]]
08-14 15:31:46.874  3092  3419 W NetworkStatsRecorder: unknown interfaces [lo], ignoring those stats
08-14 15:31:46.874  3092  3419 D NetworkStatsRecorder: vpnArray:[Lcom.android.internal.net.VpnInfo;@f19935d
08-14 15:31:46.875  3092  3419 I NetworkStatsRecorder: recordSnapshotLocked: ident[[{type=WIFI, subType=COMBINED, networkId="HG532e-ZSD2MB", metered=false}]]
08-14 15:31:46.875  3092  3419 I chatty  : uid=1000(system) DuraSpeedEventT identical 2 lines
08-14 15:31:46.875  3092  3419 I NetworkStatsRecorder: recordSnapshotLocked: ident[[{type=WIFI, subType=COMBINED, networkId="HG532e-ZSD2MB", metered=false}]]
08-14 15:31:46.875  3092  3419 W NetworkStatsRecorder: unknown interfaces [lo], ignoring those stats
08-14 15:31:47.022  3092  3419 D PowerManagerService: releaseWakeLockInternal: lock=188609203 [NetworkStats], flags=0x0, total_time=162ms, ws/pid/uid=null/3092/1000, packageName=android
08-14 15:31:47.023  3092  3419 D NetworkStatsRecorder: loadLocked() reading from disk for uid
08-14 15:31:47.030  3092  3419 D PowerManagerService: acquireWakeLockInternal: lock=188609203, flags=0x1, tag="NetworkStats", ws=null, uid=1000, pid=3092, packageName=android
08-14 15:31:47.033  3092  3419 D NetdConnector: SND -> {1054 bandwidth gettetherstats}
08-14 15:31:47.034  3092  3565 D NetdConnector: RCV <- {200 1054 Tethering stats list completed}
08-14 15:31:47.038  3092  3419 W NetworkStatsRecorder: unknown interfaces [lo], ignoring those stats
08-14 15:31:47.038  3092  3419 W NetworkStatsRecorder: unknown interfaces [lo], ignoring those stats
08-14 15:31:47.039  3092  3419 D NetworkStatsRecorder: vpnArray:[Lcom.android.internal.net.VpnInfo;@fb844d2
08-14 15:31:47.039  3092  3419 W NetworkStatsRecorder: unknown interfaces [lo], ignoring those stats
08-14 15:31:47.039  3092  3419 D NetworkStatsRecorder: vpnArray:[Lcom.android.internal.net.VpnInfo;@fb844d2
08-14 15:31:47.039  3092 24496 W BroadcastQueue: Background execution not allowed: receiving Intent { act=android.intent.action.PACKAGE_REPLACED dat=package:com.android.tcl.tensorflowlite flg=0x4000010 (has extras) } to com.android.systemui/com.vlife.InstallReceiver
08-14 15:31:47.039  3092  3419 W NetworkStatsRecorder: unknown interfaces [lo], ignoring those stats
08-14 15:31:47.041  3092  3278 W BroadcastQueue: Background execution not allowed: receiving Intent { act=android.intent.action.PACKAGE_REPLACED dat=package:com.android.tcl.tensorflowlite flg=0x4000010 (has extras) } to com.android.musicfx/.Compatibility$Receiver
08-14 15:31:47.042  3092  3419 D PowerManagerService: releaseWakeLockInternal: lock=188609203 [NetworkStats], flags=0x0, total_time=12ms, ws/pid/uid=null/3092/1000, packageName=android
08-14 15:31:47.043  3092  3278 W BroadcastQueue: Background execution not allowed: receiving Intent { act=android.intent.action.PACKAGE_REPLACED dat=package:com.android.tcl.tensorflowlite flg=0x4000010 (has extras) } to com.google.android.apps.photos/.account.full.FetchAccountPropertiesAppUpgradeBroadcastReceiver
08-14 15:31:47.043  3092  3419 D DuraSpeed/DuraSpeedInternalManager: skip doSuppression
08-14 15:31:47.044  3092  3419 D DuraSpeed/DuraSpeedInternalManager: set delay action 60000ms
08-14 15:31:47.044  3092  3419 D DuraSpeed/DuraSpeedInternalManager: switchState end
08-14 15:31:47.044  3092  3278 W BroadcastQueue: Background execution not allowed: receiving Intent { act=android.intent.action.PACKAGE_REPLACED dat=package:com.android.tcl.tensorflowlite flg=0x4000010 (has extras) } to com.google.android.apps.photos/.account.full.SyncAccountsForLoginBroadcastReceiver
08-14 15:31:47.044  3092  3278 W BroadcastQueue: Background execution not allowed: receiving Intent { act=android.intent.action.PACKAGE_REPLACED dat=package:com.android.tcl.tensorflowlite flg=0x4000010 (has extras) } to com.google.android.apps.photos/.experiments.phenotype.full.PhenotypeAppUpgradeBroadcastReceiver
08-14 15:31:47.044  3092  3278 W BroadcastQueue: Background execution not allowed: receiving Intent { act=android.intent.action.PACKAGE_REPLACED dat=package:com.android.tcl.tensorflowlite flg=0x4000010 (has extras) } to com.google.android.apps.photos/.notificationchannels.AppUpdateBroadcastReceiver
08-14 15:31:47.241  3092  4264 D PowerManagerService: acquireWakeLockInternal: lock=12231840, flags=0x1, tag="*net_scheduler*", ws=WorkSource{10044 com.google.android.gms}, uid=10044, pid=4126, packageName=com.google.android.gms
08-14 15:31:47.246  3092  4240 W BroadcastQueue: Background execution not allowed: receiving Intent { act=android.intent.action.PACKAGE_REPLACED dat=package:com.android.tcl.tensorflowlite flg=0x4000010 (has extras) } to com.google.android.googlequicksearchbox/com.google.android.apps.gsa.googlequicksearchbox.GelStubAppWatcher
08-14 15:31:47.253  3092  3278 W BroadcastQueue: Background execution not allowed: receiving Intent { act=android.intent.action.PACKAGE_REPLACED dat=package:com.android.tcl.tensorflowlite flg=0x4000010 (has extras) } to com.tcl.ota/.receiver.PackageIntentReceiver
08-14 15:31:47.258  3092  4264 D PowerManagerService: updateWakeLockWorkSourceInternal: lock=239146037 [Icing], ws=WorkSource{10044 com.google.android.gms, 10144 com.android.tcl.tensorflowlite}
08-14 15:31:47.265  3092 24496 D PowerManagerService: updateWakeLockWorkSourceInternal: lock=239146037 [Icing], ws=WorkSource{10044 com.google.android.gms}
08-14 15:31:47.287  3092  4484 D PowerManagerService: releaseWakeLockInternal: lock=12231840 [*net_scheduler*], flags=0x0, total_time=46ms, ws/pid/uid=WorkSource{10044 com.google.android.gms}/4126/10044, packageName=com.google.android.gms
08-14 15:31:47.402  3092  4484 D IdleScreen: activityIdleScreen: android.app.ContextImpl@1a7f348 mNotifyNeeded: false idleIntent: Intent { act=android.intent.action.MAIN cat=[android.intent.category.LAUNCHER] flg=0x10000000 cmp=com.android.tcl.tensorflowlite/com.android.tcl.tensorflow.RecognizeTensorFlow }
08-14 15:31:48.435  3092  4265 D PowerManagerService: releaseWakeLockInternal: lock=239146037 [Icing], flags=0x0, total_time=1788ms, ws/pid/uid=WorkSource{10044 com.google.android.gms}/4424/10044, packageName=com.google.android.gms
08-14 15:31:50.802  3092  3541 V AlarmManager: Checking for alarms... rtc=1534231910802, elapsed=17007302
08-14 15:31:50.802  3092  3541 V AlarmManager: Triggering alarm #0: Alarm{eaf50f6 type 3 when 17007302 com.google.android.gms}
08-14 15:31:55.179  3092  3541 V AlarmManager: Checking for alarms... rtc=1534231915179, elapsed=17011679
08-14 15:31:55.179  3092  3541 V AlarmManager: Triggering alarm #0: Alarm{8b0dcd type 2 when 17011679 com.google.android.gms}
08-14 15:31:55.181  3092  3541 D DataShapingService: [isDataShapingWhitelistApp] packageName: com.google.android.gms
08-14 15:31:55.181  3092  3541 D DataShapingUtils: [isDataShapingWhitelistApp] packageName: com.google.android.gms, mWhitelist: []
08-14 15:31:55.182  3092  3541 D DataShapingService: [isDataShapingWhitelistApp] packageName: com.google.android.gms
08-14 15:31:55.182  3092  3541 D DataShapingUtils: [isDataShapingWhitelistApp] packageName: com.google.android.gms, mWhitelist: []
08-14 15:31:55.183  3092  3541 D DataShapingService: [openLteDataUpLinkGate] isForce: false
08-14 15:31:55.184  3092  3541 D DataShapingService: Alarm manager openLteDataUpLinkGate: false
08-14 15:31:55.184  3092  3541 I DataShapingService: openLteGateSuccess = false
08-14 15:31:55.184  3092  3541 V AlarmManager: sending alarm Alarm{eaf50f6 type 3 when 17007302 com.google.android.gms}
08-14 15:31:55.187  3092  3541 D PowerManagerService: acquireWakeLockInternal: lock=63032824, flags=0x1, tag="*alarm*", ws=WorkSource{10044 com.google.android.gms}, uid=1000, pid=3092, packageName=android
08-14 15:31:55.188  3092  3541 V AlarmManager: sending alarm Alarm{8b0dcd type 2 when 17011679 com.google.android.gms}
08-14 15:31:55.189  3092  3541 D AlarmManager: wakeup alarm = Alarm{8b0dcd type 2 when 17011679 com.google.android.gms}; package = com.google.android.gms
08-14 15:31:55.226  3092  3712 D PowerManagerService: acquireWakeLockInternal: lock=12231840, flags=0x1, tag="*net_scheduler*", ws=WorkSource{10044 com.google.android.gms}, uid=10044, pid=4126, packageName=com.google.android.gms
08-14 15:31:55.232  3092  3092 D PowerManagerService: releaseWakeLockInternal: lock=63032824 [*alarm*], flags=0x0, total_time=45ms, ws/pid/uid=WorkSource{10044 com.google.android.gms}/3092/1000, packageName=android
08-14 15:31:55.282  3092 31850 D PowerManagerService: acquireWakeLockInternal: lock=158032858, flags=0x1, tag="*net_scheduler*", ws=WorkSource{10044 com.google.android.gms}, uid=10044, pid=4126, packageName=com.google.android.gms
08-14 15:31:55.327  3092 31850 D PowerManagerService: releaseWakeLockInternal: lock=158032858 [*net_scheduler*], flags=0x0, total_time=44ms, ws/pid/uid=WorkSource{10044 com.google.android.gms}/4126/10044, packageName=com.google.android.gms
08-14 15:31:55.338  3092  3712 D PowerManagerService: releaseWakeLockInternal: lock=12231840 [*net_scheduler*], flags=0x0, total_time=112ms, ws/pid/uid=WorkSource{10044 com.google.android.gms}/4126/10044, packageName=com.google.android.gms
08-14 15:31:55.340  3092  3712 D PowerManagerService: acquireWakeLockInternal: lock=12231840, flags=0x1, tag="*net_scheduler*", ws=WorkSource{10044 com.google.android.gms}, uid=10044, pid=4126, packageName=com.google.android.gms
08-14 15:31:55.354  3092  3712 D PowerManagerService: releaseWakeLockInternal: lock=12231840 [*net_scheduler*], flags=0x0, total_time=13ms, ws/pid/uid=WorkSource{10044 com.google.android.gms}/4126/10044, packageName=com.google.android.gms
08-14 15:31:55.356  3092  3712 D PowerManagerService: acquireWakeLockInternal: lock=12231840, flags=0x1, tag="*net_scheduler*", ws=WorkSource{10044 com.google.android.gms}, uid=10044, pid=4126, packageName=com.google.android.gms
08-14 15:31:55.362  3092  3558 D PowerManagerService: acquireWakeLockInternal: lock=60149971, flags=0x1, tag="PhoneWindowManager.mPowerKeyWakeLock", ws=null, uid=1000, pid=3092, packageName=android
08-14 15:31:55.364  3092  3558 I PowerManagerService: Waking up from sleep (uid=1000 reason=android.policy:POWER)...
08-14 15:31:55.365  3092  3464 I DisplayPowerController: Blocking screen on until initial contents have been drawn.
08-14 15:31:55.368  3092  3281 I WindowManager: Waiting for drawn Window{eb78c19 u0 StatusBar}: removed=false visible=true mHasSurface=true drawState=1
08-14 15:31:55.370  3092  3531 I WindowManager: Waiting for drawn Window{eb78c19 u0 StatusBar}: removed=false visible=true mHasSurface=true drawState=1
08-14 15:31:55.372  3092  3338 I DisplayManagerService: Display device changed state: "内置屏幕", ON
08-14 15:31:55.407  3092  3531 I WindowManager: Waiting for drawn Window{eb78c19 u0 StatusBar}: removed=false visible=true mHasSurface=true drawState=1
08-14 15:31:55.453  3092  3092 D DeviceIdleController: updateInteractivityLocked: screenOn=true
08-14 15:31:55.453  3092  3092 I DeviceIdleController: becomeActiveLocked, reason = screen
08-14 15:31:55.460  3092  3092 D DataShapingService: received broadcast, action is: android.intent.action.SCREEN_ON
08-14 15:31:55.461  3092  3626 D DataShapingService: [handleMessage] msg_screen_state_changed
08-14 15:31:55.599  3092  3531 I WindowManager: Waiting for drawn Window{eb78c19 u0 StatusBar}: removed=false visible=true mHasSurface=true drawState=4
08-14 15:31:55.599  3092  3531 D WindowManager: Window drawn win=Window{eb78c19 u0 StatusBar}
08-14 15:31:55.599  3092  3531 D WindowManager: All windows drawn!
08-14 15:31:55.602  3092  3464 I DisplayPowerController: Unblocked screen on after 236 ms
08-14 15:31:55.613  3092  3464 W PowerManagerService: Screen on took 251 ms
08-14 15:31:55.650  3650  3650 I EmergencyButton: ss.getState()=1 ss.isEmergencyOnly()=true for simId=0
08-14 15:31:55.652  3650  3650 I EmergencyButton: ss.getState()=3 ss.isEmergencyOnly()=false for simId=1
08-14 15:31:55.688  3650  3650 I EmergencyButton: ss.getState()=1 ss.isEmergencyOnly()=true for simId=0
08-14 15:31:55.691  3650  3650 I EmergencyButton: ss.getState()=3 ss.isEmergencyOnly()=false for simId=1
08-14 15:31:55.693  3650  3650 I EmergencyButton: show = true
08-14 15:31:55.696  3092  4264 V SettingsProvider: name : nav_bar_disabled_flags appId : 10056
08-14 15:31:55.699  3092  4264 V SettingsProvider: Package name : com.android.systemui privateFlags : 4200
08-14 15:31:57.065  3092  4264 I LockSettingsService: Unlocking user 0 with secret only, length 64
08-14 15:31:57.066  3092  4264 W ActivityManager: Expected user 0 in state RUNNING_LOCKED but was in state RUNNING_UNLOCKED
08-14 15:31:57.067  3092  4264 I LockSettingsService: Disabling escrow token on user 0
08-14 15:31:57.199  3092  4264 V WindowManager: Set focused app to: AppWindowToken{91db0d4 token=Token{c121e0e ActivityRecord{d525c09 u0 com.android.tcl.tensorflowlite/com.android.tcl.tensorflow.RecognizeTensorFlow t599}}} old focus=AppWindowToken{91db0d4 token=Token{c121e0e ActivityRecord{d525c09 u0 com.android.tcl.tensorflowlite/com.android.tcl.tensorflow.RecognizeTensorFlow t599}}} moveFocusNow=true
08-14 15:31:57.202  3092  3419 D DuraSpeed/DSPolicyBase: [setCurrentLauncher] = com.tct.launcher
08-14 15:31:57.202  3092  3419 D DuraSpeed/DuraSpeedInternalManager: switchState currentPackage = com.android.tcl.tensorflowlite, event =1003
08-14 15:31:57.207  3092  3419 D NetdConnector: SND -> {1055 bandwidth gettetherstats}
08-14 15:31:57.208  3092  3565 D NetdConnector: RCV <- {200 1055 Tethering stats list completed}
08-14 15:31:57.217  3092  3419 I NetworkStatsRecorder: recordSnapshotLocked: ident[[{type=WIFI, subType=COMBINED, networkId="HG532e-ZSD2MB", metered=false}]]
08-14 15:31:57.217  3092  3419 W NetworkStatsRecorder: unknown interfaces [lo], ignoring those stats
08-14 15:31:57.218  3092  3419 I NetworkStatsRecorder: recordSnapshotLocked: ident[[{type=WIFI, subType=COMBINED, networkId="HG532e-ZSD2MB", metered=false}]]
08-14 15:31:57.219  3092  3419 W NetworkStatsRecorder: unknown interfaces [lo], ignoring those stats
08-14 15:31:57.220  3092  3419 D NetworkStatsRecorder: vpnArray:[Lcom.android.internal.net.VpnInfo;@12776ad
08-14 15:31:57.221  3092  3419 I NetworkStatsRecorder: recordSnapshotLocked: ident[[{type=WIFI, subType=COMBINED, networkId="HG532e-ZSD2MB", metered=false}]]
08-14 15:31:57.221  3092  3419 I chatty  : uid=1000(system) DuraSpeedEventT identical 1 line
08-14 15:31:57.222  3092  3419 I NetworkStatsRecorder: recordSnapshotLocked: ident[[{type=WIFI, subType=COMBINED, networkId="HG532e-ZSD2MB", metered=false}]]
08-14 15:31:57.222  3092  3419 W NetworkStatsRecorder: unknown interfaces [lo], ignoring those stats
08-14 15:31:57.222  3092  3419 D NetworkStatsRecorder: vpnArray:[Lcom.android.internal.net.VpnInfo;@12776ad
08-14 15:31:57.223  3092  3419 I NetworkStatsRecorder: recordSnapshotLocked: ident[[{type=WIFI, subType=COMBINED, networkId="HG532e-ZSD2MB", metered=false}]]
08-14 15:31:57.223  3092  3419 I chatty  : uid=1000(system) DuraSpeedEventT identical 3 lines
08-14 15:31:57.223  3092  3419 I NetworkStatsRecorder: recordSnapshotLocked: ident[[{type=WIFI, subType=COMBINED, networkId="HG532e-ZSD2MB", metered=false}]]
08-14 15:31:57.223  3092  3419 W NetworkStatsRecorder: unknown interfaces [lo], ignoring those stats
08-14 15:31:57.238  3092  3419 D NetdConnector: SND -> {1056 bandwidth gettetherstats}
08-14 15:31:57.240  3092  3565 D NetdConnector: RCV <- {200 1056 Tethering stats list completed}
08-14 15:31:57.247  3092  3419 W NetworkStatsRecorder: unknown interfaces [lo], ignoring those stats
08-14 15:31:57.248  3092  3419 W NetworkStatsRecorder: unknown interfaces [lo], ignoring those stats
08-14 15:31:57.248  3092  3419 D NetworkStatsRecorder: vpnArray:[Lcom.android.internal.net.VpnInfo;@f3f862e
08-14 15:31:57.249  3092  3419 W NetworkStatsRecorder: unknown interfaces [lo], ignoring those stats
08-14 15:31:57.249  3092  3419 D NetworkStatsRecorder: vpnArray:[Lcom.android.internal.net.VpnInfo;@f3f862e
08-14 15:31:57.249  3092  3419 W NetworkStatsRecorder: unknown interfaces [lo], ignoring those stats
08-14 15:31:57.272  3092  3419 D DuraSpeed/DSPolicyFactory: Application = com.android.tcl.tensorflowlite (24MB), FreeMemory = 796MB
08-14 15:31:57.272  3092  3419 D DuraSpeed/DuraSpeedInternalManager: skip doSuppression
08-14 15:31:57.272  3092  3419 D DuraSpeed/DuraSpeedInternalManager: switchState end
08-14 15:31:57.276  3092  3419 D NetdConnector: SND -> {1057 bandwidth gettetherstats}
08-14 15:31:57.278  3092  3565 D NetdConnector: RCV <- {200 1057 Tethering stats list completed}
08-14 15:31:57.284  3092  3419 W NetworkStatsRecorder: unknown interfaces [lo], ignoring those stats
08-14 15:31:57.284  3092  3419 W NetworkStatsRecorder: unknown interfaces [lo], ignoring those stats
08-14 15:31:57.285  3092  3419 D NetworkStatsRecorder: vpnArray:[Lcom.android.internal.net.VpnInfo;@e8255cf
08-14 15:31:57.286  3092  3419 W NetworkStatsRecorder: unknown interfaces [lo], ignoring those stats
08-14 15:31:57.287  3092  3419 D NetworkStatsRecorder: vpnArray:[Lcom.android.internal.net.VpnInfo;@e8255cf
08-14 15:31:57.288  3092  3419 W NetworkStatsRecorder: unknown interfaces [lo], ignoring those stats
08-14 15:31:57.300  3092  3419 D NetdConnector: SND -> {1058 bandwidth gettetherstats}
08-14 15:31:57.302  3092  3565 D NetdConnector: RCV <- {200 1058 Tethering stats list completed}
08-14 15:31:57.308  3092  3419 W NetworkStatsRecorder: unknown interfaces [lo], ignoring those stats
08-14 15:31:57.309  3092  3419 W NetworkStatsRecorder: unknown interfaces [lo], ignoring those stats
08-14 15:31:57.309  3092  3419 D NetworkStatsRecorder: vpnArray:[Lcom.android.internal.net.VpnInfo;@bdcb5c
08-14 15:31:57.309  3092  3419 W NetworkStatsRecorder: unknown interfaces [lo], ignoring those stats
08-14 15:31:57.309  3092  3419 D NetworkStatsRecorder: vpnArray:[Lcom.android.internal.net.VpnInfo;@bdcb5c
08-14 15:31:57.310  3092  3419 W NetworkStatsRecorder: unknown interfaces [lo], ignoring those stats
08-14 15:31:57.322  3092  3712 I WindowManager: Relayout Window{6356acc u0 com.android.tcl.tensorflowlite/com.android.tcl.tensorflow.RecognizeTensorFlow}: oldVis=4 newVis=0 focusMayChange = true
08-14 15:31:57.514  3092  3105 D IdleScreen: activityIdleScreen: android.app.ContextImpl@1a7f348 mNotifyNeeded: false idleIntent: Intent { act=android.intent.action.MAIN cat=[android.intent.category.LAUNCHER] flg=0x10000000 cmp=com.android.tcl.tensorflowlite/com.android.tcl.tensorflow.RecognizeTensorFlow }
08-14 15:31:57.524  3092  4313 V SettingsProvider: name : nav_bar_disabled_flags appId : 10056
08-14 15:31:57.528  3092  4313 V SettingsProvider: Package name : com.android.systemui privateFlags : 4200
08-14 15:31:57.531  3092  3105 V SettingsProvider: name : tct_nav_bkg_is_colourful appId : 10056
08-14 15:31:57.533  3092  3105 V SettingsProvider: Package name : com.android.systemui privateFlags : 4200
08-14 15:31:57.542  3092  3092 V FingerprintService: stop client com.android.systemui
08-14 15:31:57.557  3092  3105 V WindowManager: Changing focus from Window{eb78c19 u0 StatusBar} to Window{6356acc u0 com.android.tcl.tensorflowlite/com.android.tcl.tensorflow.RecognizeTensorFlow} Callers=com.android.server.wm.WindowManagerService.relayoutWindow:2200 com.android.server.wm.Session.relayout:239 android.view.IWindowSession$Stub.onTransact:286 com.android.server.wm.Session.onTransact:163 
08-14 15:31:57.557  3092  3105 D WindowManager: Input focus has changed to Window{6356acc u0 com.android.tcl.tensorflowlite/com.android.tcl.tensorflow.RecognizeTensorFlow}
08-14 15:31:57.563  3092  3338 I WindowManager: Focus moving from Window{eb78c19 u0 StatusBar} to Window{6356acc u0 com.android.tcl.tensorflowlite/com.android.tcl.tensorflow.RecognizeTensorFlow}
08-14 15:31:57.599  3092  4264 V SettingsProvider: name : nav_bar_disabled_flags appId : 10056
08-14 15:31:57.602  3092  4264 V SettingsProvider: Package name : com.android.systemui privateFlags : 4200
08-14 15:31:57.619  3092  3092 W FingerprintService: client com.android.systemui is no longer authenticating
08-14 15:31:57.622  3092  3092 V FingerprintService: Done with client: com.android.systemui
08-14 15:31:57.622  3092  3092 V FingerprintService: handleError(client=com.android.systemui, error = 5)
08-14 15:31:58.443  3092  4264 I ActivityManager: START u0 {act=android.intent.action.PICK typ=image/* cmp=com.tcl.gallery/.app.PermissionActivity} from uid 10144
08-14 15:31:58.486  3092  3419 D DuraSpeed/DSPolicyBase: [setCurrentLauncher] = com.tct.launcher
08-14 15:31:58.486  3092  3419 D DuraSpeed/DuraSpeedInternalManager: switchState currentPackage = com.tcl.gallery, event =1004
08-14 15:31:58.490  3092  3419 D NetdConnector: SND -> {1059 bandwidth gettetherstats}
08-14 15:31:58.492  3092  3565 D NetdConnector: RCV <- {200 1059 Tethering stats list completed}
08-14 15:31:58.499  3092  3419 W NetworkStatsRecorder: unknown interfaces [lo], ignoring those stats
08-14 15:31:58.500  3092  3419 W NetworkStatsRecorder: unknown interfaces [lo], ignoring those stats
08-14 15:31:58.500  3092  3419 D NetworkStatsRecorder: vpnArray:[Lcom.android.internal.net.VpnInfo;@dc0a666
08-14 15:31:58.501  3092  3419 W NetworkStatsRecorder: unknown interfaces [lo], ignoring those stats
08-14 15:31:58.501  3092  3419 D NetworkStatsRecorder: vpnArray:[Lcom.android.internal.net.VpnInfo;@dc0a666
08-14 15:31:58.501  3092  3419 W NetworkStatsRecorder: unknown interfaces [lo], ignoring those stats
08-14 15:31:58.503  3092  4264 I ActivityManager: Start proc 2686:com.tcl.gallery/u0a111 for activity com.tcl.gallery/.app.PermissionActivity
08-14 15:31:58.511  3092  3278 V SettingsProvider: name : tct_nav_top_pkg_info appId : 1000
08-14 15:31:58.516  3092  3419 D NetdConnector: SND -> {1060 bandwidth gettetherstats}
08-14 15:31:58.517  3092  3565 D NetdConnector: RCV <- {200 1060 Tethering stats list completed}
08-14 15:31:58.521  3092  4264 V SettingsProvider: name : nav_bar_pin appId : 10056
08-14 15:31:58.523  3092  4264 V SettingsProvider: Package name : com.android.systemui privateFlags : 4200
08-14 15:31:58.525  3092  3419 W NetworkStatsRecorder: unknown interfaces [lo], ignoring those stats
08-14 15:31:58.525  3092  3419 W NetworkStatsRecorder: unknown interfaces [lo], ignoring those stats
08-14 15:31:58.525  3092  3419 D NetworkStatsRecorder: vpnArray:[Lcom.android.internal.net.VpnInfo;@485b254
08-14 15:31:58.526  3092  3419 W NetworkStatsRecorder: unknown interfaces [lo], ignoring those stats
08-14 15:31:58.526  3092  3419 D NetworkStatsRecorder: vpnArray:[Lcom.android.internal.net.VpnInfo;@485b254
08-14 15:31:58.526  3092  3419 W NetworkStatsRecorder: unknown interfaces [lo], ignoring those stats
08-14 15:31:58.541  3092  3105 V WindowManager: Set focused app to: AppWindowToken{5eeeec1 token=Token{aa1f824 ActivityRecord{72b98b7 u0 com.tcl.gallery/.app.PermissionActivity t599}}} old focus=AppWindowToken{91db0d4 token=Token{c121e0e ActivityRecord{d525c09 u0 com.android.tcl.tensorflowlite/com.android.tcl.tensorflow.RecognizeTensorFlow t599}}} moveFocusNow=true
08-14 15:31:58.542  3092  3105 V WindowManager: Changing focus from Window{6356acc u0 com.android.tcl.tensorflowlite/com.android.tcl.tensorflow.RecognizeTensorFlow} to null Callers=com.android.server.wm.WindowManagerService.setFocusedApp:2772 com.android.server.am.ActivityManagerService.setResumedActivityUncheckLocked:3314 com.android.server.am.ActivityStack.setResumedActivityLocked:2284 com.android.server.am.ActivityStack.minimalResumeActivityLocked:1093 
08-14 15:31:58.542  3092  3419 D DuraSpeed/DSPolicyFactory: Application = com.tcl.gallery (114MB), FreeMemory = 792MB
08-14 15:31:58.542  3092  3419 D DuraSpeed/DuraSpeedInternalManager: skip doSuppression
08-14 15:31:58.542  3092  3105 D WindowManager: Input focus has changed to null
08-14 15:31:58.542  3092  3419 D DuraSpeed/DuraSpeedInternalManager: switchState end
08-14 15:31:58.558  3092  3338 I WindowManager: Focus moving from Window{6356acc u0 com.android.tcl.tensorflowlite/com.android.tcl.tensorflow.RecognizeTensorFlow} to null
08-14 15:31:58.683  3092  4264 V SettingsProvider: packageValueForCallResult, name = null, value : Bundle[{_track_generation=android.util.MemoryIntArray@63, value=null, _generation_index=0, _generation=9}]
08-14 15:31:58.696  3092  4264 V SettingsProvider: packageValueForCallResult, name = null, value : Bundle[{_track_generation=android.util.MemoryIntArray@63, value=null, _generation_index=2, _generation=431}]
08-14 15:31:58.711  2686  2686 I AttrNameManager: <<<<<<<<<mService = android.app.IAttrNameManager$Stub$Proxy@d203cd7
08-14 15:31:58.832  3092  4240 I WindowManager: Relayout Window{10bcca2 u0 com.tcl.gallery/com.tcl.gallery.app.PermissionActivity}: oldVis=4 newVis=0 focusMayChange = true
08-14 15:31:58.847  3092  4240 V WindowManager: Changing focus from null to Window{10bcca2 u0 com.tcl.gallery/com.tcl.gallery.app.PermissionActivity} Callers=com.android.server.wm.WindowManagerService.relayoutWindow:2200 com.android.server.wm.Session.relayout:239 android.view.IWindowSession$Stub.onTransact:286 com.android.server.wm.Session.onTransact:163 
08-14 15:31:58.848  3092  4240 D WindowManager: Input focus has changed to Window{10bcca2 u0 com.tcl.gallery/com.tcl.gallery.app.PermissionActivity}
08-14 15:31:58.852  3092  3338 I WindowManager: Focus moving from null to Window{10bcca2 u0 com.tcl.gallery/com.tcl.gallery.app.PermissionActivity}
08-14 15:31:58.935  3092  4240 I ActivityManager: START u0 {act=android.intent.action.PICK typ=image/* cmp=com.tcl.gallery/.singlepick.SinglePickActivity} from uid 10111
08-14 15:31:58.947  3092  4240 V WindowManager: Set focused app to: AppWindowToken{5067608 token=Token{2258fab ActivityRecord{cbe4dfa u0 com.tcl.gallery/.singlepick.SinglePickActivity t599}}} old focus=AppWindowToken{5eeeec1 token=Token{aa1f824 ActivityRecord{72b98b7 u0 com.tcl.gallery/.app.PermissionActivity t599}}} moveFocusNow=true
08-14 15:31:58.948  3092  4240 V WindowManager: Changing focus from Window{10bcca2 u0 com.tcl.gallery/com.tcl.gallery.app.PermissionActivity} to null Callers=com.android.server.wm.WindowManagerService.setFocusedApp:2772 com.android.server.am.ActivityManagerService.setResumedActivityUncheckLocked:3314 com.android.server.am.ActivityStack.setResumedActivityLocked:2284 com.android.server.am.ActivityStack.minimalResumeActivityLocked:1093 
08-14 15:31:58.948  3092  4240 D WindowManager: Input focus has changed to null
08-14 15:31:58.949  3092  3338 I WindowManager: Focus moving from Window{10bcca2 u0 com.tcl.gallery/com.tcl.gallery.app.PermissionActivity} to null
08-14 15:31:58.974  2686  2686 I AttrNameManager: <<<<<<<<<mService = android.app.IAttrNameManager$Stub$Proxy@34ff020
08-14 15:31:59.024  3092  3105 I WindowManager: Relayout Window{46ef6dd u0 com.tcl.gallery/com.tcl.gallery.singlepick.SinglePickActivity}: oldVis=4 newVis=0 focusMayChange = true
08-14 15:31:59.026  3092  3105 V WindowManager: Changing focus from null to Window{46ef6dd u0 com.tcl.gallery/com.tcl.gallery.singlepick.SinglePickActivity} Callers=com.android.server.wm.WindowManagerService.relayoutWindow:2200 com.android.server.wm.Session.relayout:239 android.view.IWindowSession$Stub.onTransact:286 com.android.server.wm.Session.onTransact:163 
08-14 15:31:59.026  3092  3105 D WindowManager: Input focus has changed to Window{46ef6dd u0 com.tcl.gallery/com.tcl.gallery.singlepick.SinglePickActivity}
08-14 15:31:59.030  3092  3565 D NetdConnector: RCV <- {600 Iface linkstate wlan0 up}
08-14 15:31:59.042  3092  3338 I WindowManager: Focus moving from null to Window{46ef6dd u0 com.tcl.gallery/com.tcl.gallery.singlepick.SinglePickActivity}
08-14 15:31:59.177  3092  4264 D IdleScreen: activityIdleScreen: android.app.ContextImpl@1a7f348 mNotifyNeeded: false idleIntent: Intent { act=android.intent.action.PICK typ=image/* cmp=com.tcl.gallery/.singlepick.SinglePickActivity }
08-14 15:31:59.181  3092  4264 D IdleScreen: activityIdleScreen: android.app.ContextImpl@1a7f348 mNotifyNeeded: false idleIntent: Intent { act=android.intent.action.PICK typ=image/* cmp=com.tcl.gallery/.app.PermissionActivity }
08-14 15:31:59.702  3092  4240 I ActivityManager: START u0 {act=android.intent.action.PICK typ=image/* cmp=com.tcl.gallery/.moments.select.SelectMomentMediaItemActivity} from uid 10111
08-14 15:31:59.715  3092  4240 V WindowManager: Set focused app to: AppWindowToken{fb53676 token=Token{73a7511 ActivityRecord{7477138 u0 com.tcl.gallery/.moments.select.SelectMomentMediaItemActivity t599}}} old focus=AppWindowToken{5067608 token=Token{2258fab ActivityRecord{cbe4dfa u0 com.tcl.gallery/.singlepick.SinglePickActivity t599}}} moveFocusNow=true
08-14 15:31:59.716  3092  4240 V WindowManager: Changing focus from Window{46ef6dd u0 com.tcl.gallery/com.tcl.gallery.singlepick.SinglePickActivity} to null Callers=com.android.server.wm.WindowManagerService.setFocusedApp:2772 com.android.server.am.ActivityManagerService.setResumedActivityUncheckLocked:3314 com.android.server.am.ActivityStack.setResumedActivityLocked:2284 com.android.server.am.ActivityStack.minimalResumeActivityLocked:1093 
08-14 15:31:59.716  3092  4240 D WindowManager: Input focus has changed to null
08-14 15:31:59.719  3092  3338 I WindowManager: Focus moving from Window{46ef6dd u0 com.tcl.gallery/com.tcl.gallery.singlepick.SinglePickActivity} to null
08-14 15:31:59.739  2686  2686 I AttrNameManager: <<<<<<<<<mService = android.app.IAttrNameManager$Stub$Proxy@477286e
08-14 15:31:59.773  3092  3105 I WindowManager: Relayout Window{dc0514d u0 com.tcl.gallery/com.tcl.gallery.moments.select.SelectMomentMediaItemActivity}: oldVis=4 newVis=0 focusMayChange = true
08-14 15:31:59.777  3092  3105 V WindowManager: Changing focus from null to Window{dc0514d u0 com.tcl.gallery/com.tcl.gallery.moments.select.SelectMomentMediaItemActivity} Callers=com.android.server.wm.WindowManagerService.relayoutWindow:2200 com.android.server.wm.Session.relayout:239 android.view.IWindowSession$Stub.onTransact:286 com.android.server.wm.Session.onTransact:163 
08-14 15:31:59.777  3092  3105 D WindowManager: Input focus has changed to Window{dc0514d u0 com.tcl.gallery/com.tcl.gallery.moments.select.SelectMomentMediaItemActivity}
08-14 15:31:59.782  3092  3338 I WindowManager: Focus moving from null to Window{dc0514d u0 com.tcl.gallery/com.tcl.gallery.moments.select.SelectMomentMediaItemActivity}
08-14 15:31:59.999  3092  3541 V AlarmManager: Checking for alarms... rtc=1534231919999, elapsed=17016499
08-14 15:31:59.999  3092  3541 V AlarmManager: Triggering alarm #0: Alarm{511c481 type 3 when 17016499 android}
08-14 15:32:00.001  3092  3541 D DataShapingService: [isDataShapingWhitelistApp] packageName: android
08-14 15:32:00.001  3092  3541 D DataShapingUtils: [isDataShapingWhitelistApp] packageName: android, mWhitelist: []
08-14 15:32:00.002  3092  3541 D DataShapingService: [openLteDataUpLinkGate] isForce: false
08-14 15:32:00.002  3092  3541 D DataShapingService: Alarm manager openLteDataUpLinkGate: false
08-14 15:32:00.002  3092  3541 I DataShapingService: openLteGateSuccess = false
08-14 15:32:00.002  3092  3541 V AlarmManager: sending alarm Alarm{511c481 type 3 when 17016499 android}
08-14 15:32:00.069  3092  3105 D IdleScreen: activityIdleScreen: android.app.ContextImpl@1a7f348 mNotifyNeeded: false idleIntent: Intent { act=android.intent.action.PICK typ=image/* cmp=com.tcl.gallery/.moments.select.SelectMomentMediaItemActivity }
08-14 15:32:00.521  3092  3541 V AlarmManager: Checking for alarms... rtc=1534231920521, elapsed=17017021
08-14 15:32:00.521  3092  3541 V AlarmManager: Triggering alarm #0: Alarm{3fd4967 type 2 when 17017021 android}
08-14 15:32:00.522  3092  3541 D DataShapingService: [openLteDataUpLinkGate] isForce: false
08-14 15:32:00.522  3092  3541 D DataShapingService: Alarm manager openLteDataUpLinkGate: false
08-14 15:32:00.522  3092  3541 I DataShapingService: openLteGateSuccess = false
08-14 15:32:00.522  3092  3541 V AlarmManager: sending alarm Alarm{3fd4967 type 2 when 17017021 android}
08-14 15:32:00.522  3092  3541 D AlarmManager: wakeup alarm = Alarm{3fd4967 type 2 when 17017021 android}; listener package = *job.delay*
08-14 15:32:00.524  3092  3092 V JobSchedulerService: validNewProc:  package=com.android.vending alive=true restrict=false tempRestrict=false defalutInputMethod=false useInLauncher=false
08-14 15:32:00.532  3092  3277 D DeviceIdleController: handleMessage(7)
08-14 15:32:01.545  3092  3277 D DeviceIdleController: handleMessage(7)
08-14 15:32:05.732  4358  2685 W ContextImpl: Calling a method in the system process without a qualified user: android.app.ContextImpl.startService:1477 android.content.ContextWrapper.startService:654 com.tct.onetouchbooster.service.BoosterWatchService$AlarmServiceTask.run:270 java.util.TimerThread.mainLoop:555 java.util.TimerThread.run:505 
08-14 15:32:05.739  4358  4358 W ContextImpl: Calling a method in the system process without a qualified user: android.app.ContextImpl.bindService:1557 android.content.ContextWrapper.bindService:688 com.tct.onetouchbooster.module.alarm.WakeUpAlarmMonitorService.onCreate:278 android.app.ActivityThread.handleCreateService:3484 android.app.ActivityThread.-wrap4:0 
08-14 15:32:09.238  3092  4264 I ActivityManager: Killing 2441:com.android.defcontainer/u0a41 (adj 906): empty #9
08-14 15:32:10.772  4358  4358 W ContextImpl: Calling a method in the system process without a qualified user: android.app.ContextImpl.sendBroadcast:982 android.content.ContextWrapper.sendBroadcast:446 com.tct.onetouchbooster.module.alarm.WakeUpAlarmMonitorService.doDetected:391 com.tct.onetouchbooster.module.alarm.WakeUpAlarmMonitorService.access$600:53 com.tct.onetouchbooster.module.alarm.WakeUpAlarmMonitorService$1.handleMessage:257 
08-14 15:32:12.691  3092  3541 V AlarmManager: Checking for alarms... rtc=1534231932691, elapsed=17029191
08-14 15:32:12.692  3092  3541 V AlarmManager: Triggering alarm #0: Alarm{d53c50a type 3 when 17029191 com.google.android.gms}
08-14 15:32:12.693  3092  3541 D DataShapingService: [isDataShapingWhitelistApp] packageName: com.google.android.gms
08-14 15:32:12.693  3092  3541 D DataShapingUtils: [isDataShapingWhitelistApp] packageName: com.google.android.gms, mWhitelist: []
08-14 15:32:12.694  3092  3541 D DataShapingService: [openLteDataUpLinkGate] isForce: false
08-14 15:32:12.694  3092  3541 D DataShapingService: Alarm manager openLteDataUpLinkGate: false
08-14 15:32:12.694  3092  3541 I DataShapingService: openLteGateSuccess = false
08-14 15:32:12.694  3092  3541 V AlarmManager: sending alarm Alarm{d53c50a type 3 when 17029191 com.google.android.gms}
08-14 15:32:15.161  3092  3277 D DeviceIdleController: handleMessage(6)
08-14 15:32:15.161  3092  3277 D DeviceIdleController: checkTempAppWhitelistTimeout: uid=1000, timeNow=17031661
08-14 15:32:15.161  3092  3277 D DeviceIdleController: Removing UID 1000 from temp whitelist
08-14 15:32:15.161  3092  3277 D DeviceIdleController: Setting activity manager temp whitelist to []
08-14 15:32:15.167  3092  3277 D DeviceIdleController: Setting wakelock temp whitelist to []
08-14 15:32:15.426  3092  3541 V AlarmManager: Checking for alarms... rtc=1534231935426, elapsed=17031926
08-14 15:32:15.427  3092  3541 V AlarmManager: Triggering alarm #0: Alarm{1f127d6 type 2 when 17031926 android}
08-14 15:32:15.429  3092  3541 D DataShapingService: [openLteDataUpLinkGate] isForce: false
08-14 15:32:15.429  3092  3541 D DataShapingService: Alarm manager openLteDataUpLinkGate: false
08-14 15:32:15.429  3092  3541 I DataShapingService: openLteGateSuccess = false
08-14 15:32:15.429  3092  3541 V AlarmManager: sending alarm Alarm{1f127d6 type 2 when 17031926 android}
