08-14 15:32:15.430  3092  3541 D AlarmManager: wakeup alarm = Alarm{1f127d6 type 2 when 17031926 android}; listener package = WifiConnectivityManager Schedule Periodic Scan Timer
08-14 15:32:15.618  3092  3565 D NetdConnector: RCV <- {600 Iface linkstate wlan0 up}
08-14 15:32:23.362  3092 24496 I ActivityManager: Killing 2515:com.android.keychain/1000 (adj 906): empty #9
08-14 15:32:25.341  3092  3541 V AlarmManager: Checking for alarms... rtc=1534231945341, elapsed=17041841
08-14 15:32:25.341  3092  3541 V AlarmManager: Triggering alarm #0: Alarm{3447a2d type 2 when 17041841 com.google.android.gms}
08-14 15:32:25.343  3092  3541 D DataShapingService: [isDataShapingWhitelistApp] packageName: com.google.android.gms
08-14 15:32:25.343  3092  3541 D DataShapingUtils: [isDataShapingWhitelistApp] packageName: com.google.android.gms, mWhitelist: []
08-14 15:32:25.344  3092  3541 D DataShapingService: [openLteDataUpLinkGate] isForce: false
08-14 15:32:25.344  3092  3541 D DataShapingService: Alarm manager openLteDataUpLinkGate: false
08-14 15:32:25.344  3092  3541 I DataShapingService: openLteGateSuccess = false
08-14 15:32:25.344  3092  3541 V AlarmManager: sending alarm Alarm{3447a2d type 2 when 17041841 com.google.android.gms}
08-14 15:32:25.344  3092  3541 D AlarmManager: wakeup alarm = Alarm{3447a2d type 2 when 17041841 com.google.android.gms}; package = com.google.android.gms
08-14 15:32:27.340  3092  3419 D NetdConnector: SND -> {1061 bandwidth gettetherstats}
08-14 15:32:27.343  3092  3565 D NetdConnector: RCV <- {200 1061 Tethering stats list completed}
08-14 15:32:27.356  3092  3419 I NetworkStatsRecorder: recordSnapshotLocked: ident[[{type=WIFI, subType=COMBINED, networkId="HG532e-ZSD2MB", metered=false}]]
08-14 15:32:27.357  3092  3419 W NetworkStatsRecorder: unknown interfaces [lo], ignoring those stats
08-14 15:32:27.357  3092  3419 I NetworkStatsRecorder: recordSnapshotLocked: ident[[{type=WIFI, subType=COMBINED, networkId="HG532e-ZSD2MB", metered=false}]]
08-14 15:32:27.358  3092  3419 W NetworkStatsRecorder: unknown interfaces [lo], ignoring those stats
08-14 15:32:27.359  3092  3419 D NetworkStatsRecorder: vpnArray:[Lcom.android.internal.net.VpnInfo;@4962a87
08-14 15:32:27.359  3092  3419 I NetworkStatsRecorder: recordSnapshotLocked: ident[[{type=WIFI, subType=COMBINED, networkId="HG532e-ZSD2MB", metered=false}]]
08-14 15:32:27.360  3092  3419 I NetworkStatsRecorder: recordSnapshotLocked: ident[[{type=WIFI, subType=COMBINED, networkId="HG532e-ZSD2MB", metered=false}]]
08-14 15:32:27.361  3092  3419 W NetworkStatsRecorder: unknown interfaces [lo], ignoring those stats
08-14 15:32:27.361  3092  3419 D NetworkStatsRecorder: vpnArray:[Lcom.android.internal.net.VpnInfo;@4962a87
08-14 15:32:27.362  3092  3419 I NetworkStatsRecorder: recordSnapshotLocked: ident[[{type=WIFI, subType=COMBINED, networkId="HG532e-ZSD2MB", metered=false}]]
08-14 15:32:27.363  3092  3419 I chatty  : uid=1000(system) DuraSpeedEventT identical 1 line
08-14 15:32:27.363  3092  3419 I NetworkStatsRecorder: recordSnapshotLocked: ident[[{type=WIFI, subType=COMBINED, networkId="HG532e-ZSD2MB", metered=false}]]
08-14 15:32:27.364  3092  3419 W NetworkStatsRecorder: unknown interfaces [lo], ignoring those stats
08-14 15:32:27.372  3092  3419 D NetworkStatsRecorder: loadLocked() reading from disk for uid
08-14 15:32:27.399  3092  3419 D NetdConnector: SND -> {1062 bandwidth gettetherstats}
08-14 15:32:27.401  3092  3565 D NetdConnector: RCV <- {200 1062 Tethering stats list completed}
08-14 15:32:27.412  3092  3419 W NetworkStatsRecorder: unknown interfaces [lo], ignoring those stats
08-14 15:32:27.412  3092  3419 W NetworkStatsRecorder: unknown interfaces [lo], ignoring those stats
08-14 15:32:27.413  3092  3419 D NetworkStatsRecorder: vpnArray:[Lcom.android.internal.net.VpnInfo;@4f6db4
08-14 15:32:27.413  3092  3419 W NetworkStatsRecorder: unknown interfaces [lo], ignoring those stats
08-14 15:32:27.414  3092  3419 D NetworkStatsRecorder: vpnArray:[Lcom.android.internal.net.VpnInfo;@4f6db4
08-14 15:32:27.414  3092  3419 W NetworkStatsRecorder: unknown interfaces [lo], ignoring those stats
08-14 15:32:53.454  3092 24496 V WindowManager: Set focused app to: AppWindowToken{5067608 token=Token{2258fab ActivityRecord{cbe4dfa u0 com.tcl.gallery/.singlepick.SinglePickActivity t599}}} old focus=AppWindowToken{fb53676 token=Token{73a7511 ActivityRecord{7477138 u0 com.tcl.gallery/.moments.select.SelectMomentMediaItemActivity t599}}} moveFocusNow=true
08-14 15:32:53.455  3092 24496 V WindowManager: Changing focus from Window{dc0514d u0 com.tcl.gallery/com.tcl.gallery.moments.select.SelectMomentMediaItemActivity} to null Callers=com.android.server.wm.WindowManagerService.setFocusedApp:2772 com.android.server.am.ActivityManagerService.setResumedActivityUncheckLocked:3314 com.android.server.am.ActivityStack.setResumedActivityLocked:2284 com.android.server.am.ActivityStack.resumeTopActivityInnerLocked:2599 
08-14 15:32:53.455  3092 24496 D WindowManager: Input focus has changed to null
08-14 15:32:53.460  3092  3338 I WindowManager: Focus moving from Window{dc0514d u0 com.tcl.gallery/com.tcl.gallery.moments.select.SelectMomentMediaItemActivity} to null
08-14 15:32:53.475  3092  3105 V WindowManager: Set focused app to: AppWindowToken{5eeeec1 token=Token{aa1f824 ActivityRecord{72b98b7 u0 com.tcl.gallery/.app.PermissionActivity t599}}} old focus=AppWindowToken{5067608 token=Token{2258fab ActivityRecord{cbe4dfa u0 com.tcl.gallery/.singlepick.SinglePickActivity t599}}} moveFocusNow=true
08-14 15:32:53.502  3092 24496 V WindowManager: Set focused app to: AppWindowToken{91db0d4 token=Token{c121e0e ActivityRecord{d525c09 u0 com.android.tcl.tensorflowlite/com.android.tcl.tensorflow.RecognizeTensorFlow t599}}} old focus=AppWindowToken{5eeeec1 token=Token{aa1f824 ActivityRecord{72b98b7 u0 com.tcl.gallery/.app.PermissionActivity t599}}} moveFocusNow=true
08-14 15:32:53.504  3092  3419 D DuraSpeed/DSPolicyBase: [setCurrentLauncher] = com.tct.launcher
08-14 15:32:53.504  3092  3419 D DuraSpeed/DuraSpeedInternalManager: switchState currentPackage = com.android.tcl.tensorflowlite, event =1004
08-14 15:32:53.505  3092 24496 V SettingsProvider: name : tct_nav_top_pkg_info appId : 1000
08-14 15:32:53.508  3092  3419 D NetdConnector: SND -> {1063 bandwidth gettetherstats}
08-14 15:32:53.509  3092  3565 D NetdConnector: RCV <- {200 1063 Tethering stats list completed}
08-14 15:32:53.515  3092 24496 V SettingsProvider: name : nav_bar_pin appId : 10056
08-14 15:32:53.516  3092  3419 I NetworkStatsRecorder: recordSnapshotLocked: ident[[{type=WIFI, subType=COMBINED, networkId="HG532e-ZSD2MB", metered=false}]]
08-14 15:32:53.516  3092  3419 W NetworkStatsRecorder: unknown interfaces [lo], ignoring those stats
08-14 15:32:53.516  3092  3419 I NetworkStatsRecorder: recordSnapshotLocked: ident[[{type=WIFI, subType=COMBINED, networkId="HG532e-ZSD2MB", metered=false}]]
08-14 15:32:53.516  3092  3419 W NetworkStatsRecorder: unknown interfaces [lo], ignoring those stats
08-14 15:32:53.516  3092  3419 D NetworkStatsRecorder: vpnArray:[Lcom.android.internal.net.VpnInfo;@898cb95
08-14 15:32:53.516  3092  3419 I NetworkStatsRecorder: recordSnapshotLocked: ident[[{type=WIFI, subType=COMBINED, networkId="HG532e-ZSD2MB", metered=false}]]
08-14 15:32:53.516  3092  3419 I NetworkStatsRecorder: recordSnapshotLocked: ident[[{type=WIFI, subType=COMBINED, networkId="HG532e-ZSD2MB", metered=false}]]
08-14 15:32:53.516  3092  3419 W NetworkStatsRecorder: unknown interfaces [lo], ignoring those stats
08-14 15:32:53.517  3092  3419 D NetworkStatsRecorder: vpnArray:[Lcom.android.internal.net.VpnInfo;@898cb95
08-14 15:32:53.517  3092  3419 I NetworkStatsRecorder: recordSnapshotLocked: ident[[{type=WIFI, subType=COMBINED, networkId="HG532e-ZSD2MB", metered=false}]]
08-14 15:32:53.517  3092  3419 W NetworkStatsRecorder: unknown interfaces [lo], ignoring those stats
08-14 15:32:53.517  3092 24496 V SettingsProvider: Package name : com.android.systemui privateFlags : 4200
08-14 15:32:53.525  3092  3419 D NetdConnector: SND -> {1064 bandwidth gettetherstats}
08-14 15:32:53.526  3092  3565 D NetdConnector: RCV <- {200 1064 Tethering stats list completed}
08-14 15:32:53.530  3092  3419 W NetworkStatsRecorder: unknown interfaces [lo], ignoring those stats
08-14 15:32:53.530  3092  3419 W NetworkStatsRecorder: unknown interfaces [lo], ignoring those stats
08-14 15:32:53.530  3092  3419 D NetworkStatsRecorder: vpnArray:[Lcom.android.internal.net.VpnInfo;@15444aa
08-14 15:32:53.530  3092  3419 W NetworkStatsRecorder: unknown interfaces [lo], ignoring those stats
08-14 15:32:53.531  3092  3419 D NetworkStatsRecorder: vpnArray:[Lcom.android.internal.net.VpnInfo;@15444aa
08-14 15:32:53.531  3092  3419 W NetworkStatsRecorder: unknown interfaces [lo], ignoring those stats
08-14 15:32:53.542  3092  3419 D DuraSpeed/DSPolicyFactory: Application = com.android.tcl.tensorflowlite (24MB), FreeMemory = 764MB
08-14 15:32:53.542  3092  3419 D DuraSpeed/DuraSpeedInternalManager: skip doSuppression
08-14 15:32:53.542  3092  3419 D DuraSpeed/DuraSpeedInternalManager: switchState end
08-14 15:32:53.598  3092 24496 I WindowManager: Relayout Window{6356acc u0 com.android.tcl.tensorflowlite/com.android.tcl.tensorflow.RecognizeTensorFlow}: oldVis=4 newVis=0 focusMayChange = true
08-14 15:32:53.601  3092 24496 V WindowManager: Changing focus from null to Window{6356acc u0 com.android.tcl.tensorflowlite/com.android.tcl.tensorflow.RecognizeTensorFlow} Callers=com.android.server.wm.WindowManagerService.relayoutWindow:2200 com.android.server.wm.Session.relayout:239 android.view.IWindowSession$Stub.onTransact:286 com.android.server.wm.Session.onTransact:163 
08-14 15:32:53.601  3092 24496 D WindowManager: Input focus has changed to Window{6356acc u0 com.android.tcl.tensorflowlite/com.android.tcl.tensorflow.RecognizeTensorFlow}
08-14 15:32:53.605  3092  3338 I WindowManager: Focus moving from null to Window{6356acc u0 com.android.tcl.tensorflowlite/com.android.tcl.tensorflow.RecognizeTensorFlow}
08-14 15:32:53.724  3092  4264 D IdleScreen: activityIdleScreen: android.app.ContextImpl@1a7f348 mNotifyNeeded: false idleIntent: Intent { act=android.intent.action.MAIN cat=[android.intent.category.LAUNCHER] flg=0x10000000 cmp=com.android.tcl.tensorflowlite/com.android.tcl.tensorflow.RecognizeTensorFlow }
08-14 15:32:53.728  3092  3281 D AutofillUI: destroySaveUiUiThread(): already destroyed
08-14 15:32:53.795  3092  3278 I ActivityManager: Killing 2533:com.android.vending:instant_app_installer/u0a61 (adj 906): empty #9
08-14 15:32:55.274  3092  3541 V AlarmManager: Checking for alarms... rtc=1534231975274, elapsed=17071774
08-14 15:32:55.274  3092  3541 V AlarmManager: Triggering alarm #0: Alarm{82095b0 type 3 when 17071774 com.google.android.gms}
08-14 15:32:55.275  3092  3541 D DataShapingService: [isDataShapingWhitelistApp] packageName: com.google.android.gms
08-14 15:32:55.275  3092  3541 D DataShapingUtils: [isDataShapingWhitelistApp] packageName: com.google.android.gms, mWhitelist: []
08-14 15:32:55.275  3092  3541 D DataShapingService: [openLteDataUpLinkGate] isForce: false
08-14 15:32:55.275  3092  3541 D DataShapingService: Alarm manager openLteDataUpLinkGate: false
08-14 15:32:55.275  3092  3541 I DataShapingService: openLteGateSuccess = false
08-14 15:32:55.275  3092  3541 V AlarmManager: sending alarm Alarm{82095b0 type 3 when 17071774 com.google.android.gms}
08-14 15:32:55.436  3092  3541 V AlarmManager: Checking for alarms... rtc=1534231975436, elapsed=17071936
08-14 15:32:55.436  3092  3541 V AlarmManager: Triggering alarm #0: Alarm{6ea3f80 type 2 when 17071936 android}
08-14 15:32:55.437  3092  3541 D DataShapingService: [openLteDataUpLinkGate] isForce: false
08-14 15:32:55.437  3092  3541 D DataShapingService: Alarm manager openLteDataUpLinkGate: false
08-14 15:32:55.437  3092  3541 I DataShapingService: openLteGateSuccess = false
08-14 15:32:55.437  3092  3541 V AlarmManager: sending alarm Alarm{6ea3f80 type 2 when 17071936 android}
08-14 15:32:55.437  3092  3541 D AlarmManager: wakeup alarm = Alarm{6ea3f80 type 2 when 17071936 android}; listener package = WifiConnectivityManager Schedule Periodic Scan Timer
08-14 15:32:55.503  3092  3541 V AlarmManager: Checking for alarms... rtc=1534231975503, elapsed=17072003
08-14 15:32:55.503  3092  3541 V AlarmManager: Triggering alarm #0: Alarm{e1639b9 type 2 when 17072003 com.google.android.gms}
08-14 15:32:55.504  3092  3541 D DataShapingService: [isDataShapingWhitelistApp] packageName: com.google.android.gms
08-14 15:32:55.504  3092  3541 D DataShapingUtils: [isDataShapingWhitelistApp] packageName: com.google.android.gms, mWhitelist: []
08-14 15:32:55.504  3092  3541 D DataShapingService: [openLteDataUpLinkGate] isForce: false
08-14 15:32:55.504  3092  3541 D DataShapingService: Alarm manager openLteDataUpLinkGate: false
08-14 15:32:55.504  3092  3541 I DataShapingService: openLteGateSuccess = false
08-14 15:32:55.505  3092  3541 V AlarmManager: sending alarm Alarm{e1639b9 type 2 when 17072003 com.google.android.gms}
08-14 15:32:55.505  3092  3541 D AlarmManager: wakeup alarm = Alarm{e1639b9 type 2 when 17072003 com.google.android.gms}; package = com.google.android.gms
08-14 15:32:55.740  3092  3277 I UsageStatsService: User[0] Flushing usage stats to disk
08-14 15:32:56.168  3092  3105 I ActivityManager: START u0 {act=android.intent.action.PICK typ=image/* cmp=com.tcl.gallery/.app.PermissionActivity} from uid 10144
08-14 15:32:56.212  3092  3419 D DuraSpeed/DSPolicyBase: [setCurrentLauncher] = com.tct.launcher
08-14 15:32:56.213  3092  3419 D DuraSpeed/DuraSpeedInternalManager: switchState currentPackage = com.tcl.gallery, event =1004
08-14 15:32:56.215  3092  3105 V SettingsProvider: name : tct_nav_top_pkg_info appId : 1000
08-14 15:32:56.217  3092  3419 D NetdConnector: SND -> {1065 bandwidth gettetherstats}
08-14 15:32:56.218  3092  3565 D NetdConnector: RCV <- {200 1065 Tethering stats list completed}
08-14 15:32:56.220  3092  3105 V WindowManager: Set focused app to: AppWindowToken{eeaec44 token=Token{b2d4957 ActivityRecord{98772d6 u0 com.tcl.gallery/.app.PermissionActivity t599}}} old focus=AppWindowToken{91db0d4 token=Token{c121e0e ActivityRecord{d525c09 u0 com.android.tcl.tensorflowlite/com.android.tcl.tensorflow.RecognizeTensorFlow t599}}} moveFocusNow=true
08-14 15:32:56.221  3092  3105 V WindowManager: Changing focus from Window{6356acc u0 com.android.tcl.tensorflowlite/com.android.tcl.tensorflow.RecognizeTensorFlow} to null Callers=com.android.server.wm.WindowManagerService.setFocusedApp:2772 com.android.server.am.ActivityManagerService.setResumedActivityUncheckLocked:3314 com.android.server.am.ActivityStack.setResumedActivityLocked:2284 com.android.server.am.ActivityStack.minimalResumeActivityLocked:1093 
08-14 15:32:56.221  3092  3105 D WindowManager: Input focus has changed to null
08-14 15:32:56.223  3092  3338 I WindowManager: Focus moving from Window{6356acc u0 com.android.tcl.tensorflowlite/com.android.tcl.tensorflow.RecognizeTensorFlow} to null
08-14 15:32:56.223  3092  3419 I NetworkStatsRecorder: recordSnapshotLocked: ident[[{type=WIFI, subType=COMBINED, networkId="HG532e-ZSD2MB", metered=false}]]
08-14 15:32:56.223  3092  3419 W NetworkStatsRecorder: unknown interfaces [lo], ignoring those stats
08-14 15:32:56.223  3092  3419 I NetworkStatsRecorder: recordSnapshotLocked: ident[[{type=WIFI, subType=COMBINED, networkId="HG532e-ZSD2MB", metered=false}]]
08-14 15:32:56.223  3092  3419 W NetworkStatsRecorder: unknown interfaces [lo], ignoring those stats
08-14 15:32:56.224  3092  3419 D NetworkStatsRecorder: vpnArray:[Lcom.android.internal.net.VpnInfo;@e9b812d
08-14 15:32:56.224  3092  3419 I NetworkStatsRecorder: recordSnapshotLocked: ident[[{type=WIFI, subType=COMBINED, networkId="HG532e-ZSD2MB", metered=false}]]
08-14 15:32:56.224  3092  3419 I NetworkStatsRecorder: recordSnapshotLocked: ident[[{type=WIFI, subType=COMBINED, networkId="HG532e-ZSD2MB", metered=false}]]
08-14 15:32:56.224  3092  3419 W NetworkStatsRecorder: unknown interfaces [lo], ignoring those stats
08-14 15:32:56.224  3092  3419 D NetworkStatsRecorder: vpnArray:[Lcom.android.internal.net.VpnInfo;@e9b812d
08-14 15:32:56.225  3092  3419 I NetworkStatsRecorder: recordSnapshotLocked: ident[[{type=WIFI, subType=COMBINED, networkId="HG532e-ZSD2MB", metered=false}]]
08-14 15:32:56.225  3092  3419 W NetworkStatsRecorder: unknown interfaces [lo], ignoring those stats
08-14 15:32:56.235  3092  4313 V SettingsProvider: name : nav_bar_pin appId : 10056
08-14 15:32:56.237  3092  4313 V SettingsProvider: Package name : com.android.systemui privateFlags : 4200
08-14 15:32:56.239  3092  3419 D NetdConnector: SND -> {1066 bandwidth gettetherstats}
08-14 15:32:56.240  3092  3565 D NetdConnector: RCV <- {200 1066 Tethering stats list completed}
08-14 15:32:56.245  3092  3419 W NetworkStatsRecorder: unknown interfaces [lo], ignoring those stats
08-14 15:32:56.245  3092  3419 W NetworkStatsRecorder: unknown interfaces [lo], ignoring those stats
08-14 15:32:56.245  3092  3419 D NetworkStatsRecorder: vpnArray:[Lcom.android.internal.net.VpnInfo;@dc0329
08-14 15:32:56.245  3092  3419 W NetworkStatsRecorder: unknown interfaces [lo], ignoring those stats
08-14 15:32:56.245  3092  3419 D NetworkStatsRecorder: vpnArray:[Lcom.android.internal.net.VpnInfo;@dc0329
08-14 15:32:56.245  3092  3419 W NetworkStatsRecorder: unknown interfaces [lo], ignoring those stats
08-14 15:32:56.245  2686  2686 I AttrNameManager: <<<<<<<<<mService = android.app.IAttrNameManager$Stub$Proxy@5ff8afa
08-14 15:32:56.265  3092  3419 D DuraSpeed/DSPolicyFactory: Application = com.tcl.gallery (19MB), FreeMemory = 748MB
08-14 15:32:56.265  3092  3419 D DuraSpeed/DuraSpeedInternalManager: skip doSuppression
08-14 15:32:56.265  3092  3419 D DuraSpeed/DuraSpeedInternalManager: switchState end
08-14 15:32:56.269  3092  4313 I ActivityManager: START u0 {act=android.intent.action.PICK typ=image/* cmp=com.tcl.gallery/.singlepick.SinglePickActivity} from uid 10111
08-14 15:32:56.282  3092  4313 I WindowManager: Relayout Window{9f20c4f u0 com.tcl.gallery/com.tcl.gallery.app.PermissionActivity}: oldVis=4 newVis=0 focusMayChange = true
08-14 15:32:56.284  3092  4313 V WindowManager: Changing focus from null to Window{9f20c4f u0 com.tcl.gallery/com.tcl.gallery.app.PermissionActivity} Callers=com.android.server.wm.WindowManagerService.relayoutWindow:2200 com.android.server.wm.Session.relayout:239 android.view.IWindowSession$Stub.onTransact:286 com.android.server.wm.Session.onTransact:163 
08-14 15:32:56.284  3092  4313 D WindowManager: Input focus has changed to Window{9f20c4f u0 com.tcl.gallery/com.tcl.gallery.app.PermissionActivity}
08-14 15:32:56.296  3092  3338 I WindowManager: Focus moving from null to Window{9f20c4f u0 com.tcl.gallery/com.tcl.gallery.app.PermissionActivity}
08-14 15:32:56.305  3092  4240 V WindowManager: Set focused app to: AppWindowToken{f6d1e6b token=Token{2c3dfba ActivityRecord{fe97fdc u0 com.tcl.gallery/.singlepick.SinglePickActivity t599}}} old focus=AppWindowToken{eeaec44 token=Token{b2d4957 ActivityRecord{98772d6 u0 com.tcl.gallery/.app.PermissionActivity t599}}} moveFocusNow=true
08-14 15:32:56.305  3092  4240 V WindowManager: Changing focus from Window{9f20c4f u0 com.tcl.gallery/com.tcl.gallery.app.PermissionActivity} to null Callers=com.android.server.wm.WindowManagerService.setFocusedApp:2772 com.android.server.am.ActivityManagerService.setResumedActivityUncheckLocked:3314 com.android.server.am.ActivityStack.setResumedActivityLocked:2284 com.android.server.am.ActivityStack.minimalResumeActivityLocked:1093 
08-14 15:32:56.305  3092  4240 D WindowManager: Input focus has changed to null
08-14 15:32:56.307  3092  3338 I WindowManager: Focus moving from Window{9f20c4f u0 com.tcl.gallery/com.tcl.gallery.app.PermissionActivity} to null
08-14 15:32:56.338  2686  2686 I AttrNameManager: <<<<<<<<<mService = android.app.IAttrNameManager$Stub$Proxy@159b88b
08-14 15:32:56.363  3092  4313 I WindowManager: Relayout Window{bc03d86 u0 com.tcl.gallery/com.tcl.gallery.singlepick.SinglePickActivity}: oldVis=4 newVis=0 focusMayChange = true
08-14 15:32:56.368  3092  4313 V WindowManager: Changing focus from null to Window{bc03d86 u0 com.tcl.gallery/com.tcl.gallery.singlepick.SinglePickActivity} Callers=com.android.server.wm.WindowManagerService.relayoutWindow:2200 com.android.server.wm.Session.relayout:239 android.view.IWindowSession$Stub.onTransact:286 com.android.server.wm.Session.onTransact:163 
08-14 15:32:56.368  3092  4313 D WindowManager: Input focus has changed to Window{bc03d86 u0 com.tcl.gallery/com.tcl.gallery.singlepick.SinglePickActivity}
08-14 15:32:56.373  3092  3338 I WindowManager: Focus moving from null to Window{bc03d86 u0 com.tcl.gallery/com.tcl.gallery.singlepick.SinglePickActivity}
08-14 15:32:56.466  3092  4313 D IdleScreen: activityIdleScreen: android.app.ContextImpl@1a7f348 mNotifyNeeded: false idleIntent: Intent { act=android.intent.action.PICK typ=image/* cmp=com.tcl.gallery/.singlepick.SinglePickActivity }
08-14 15:32:56.469  3092 24496 D IdleScreen: activityIdleScreen: android.app.ContextImpl@1a7f348 mNotifyNeeded: false idleIntent: Intent { act=android.intent.action.PICK typ=image/* cmp=com.tcl.gallery/.app.PermissionActivity }
08-14 15:32:56.768  3092  3565 D NetdConnector: RCV <- {600 Iface linkstate wlan0 up}
08-14 15:32:56.981  3092  4240 I ActivityManager: START u0 {act=android.intent.action.PICK typ=image/* cmp=com.tcl.gallery/.view.album.AlbumDetailActivity (has extras)} from uid 10111
08-14 15:32:56.996  3092  4240 V WindowManager: Set focused app to: AppWindowToken{a5a3f37 token=Token{ad91436 ActivityRecord{8b031d1 u0 com.tcl.gallery/.view.album.AlbumDetailActivity t599}}} old focus=AppWindowToken{f6d1e6b token=Token{2c3dfba ActivityRecord{fe97fdc u0 com.tcl.gallery/.singlepick.SinglePickActivity t599}}} moveFocusNow=true
08-14 15:32:56.997  3092  4240 V WindowManager: Changing focus from Window{bc03d86 u0 com.tcl.gallery/com.tcl.gallery.singlepick.SinglePickActivity} to null Callers=com.android.server.wm.WindowManagerService.setFocusedApp:2772 com.android.server.am.ActivityManagerService.setResumedActivityUncheckLocked:3314 com.android.server.am.ActivityStack.setResumedActivityLocked:2284 com.android.server.am.ActivityStack.minimalResumeActivityLocked:1093 
08-14 15:32:56.997  3092  4240 D WindowManager: Input focus has changed to null
08-14 15:32:56.998  3092  3338 I WindowManager: Focus moving from Window{bc03d86 u0 com.tcl.gallery/com.tcl.gallery.singlepick.SinglePickActivity} to null
08-14 15:32:57.016  2686  2686 I AttrNameManager: <<<<<<<<<mService = android.app.IAttrNameManager$Stub$Proxy@9d5aa0c
08-14 15:32:57.046  3092  4313 I WindowManager: Relayout Window{d1a3dc2 u0 com.tcl.gallery/com.tcl.gallery.view.album.AlbumDetailActivity}: oldVis=4 newVis=0 focusMayChange = true
08-14 15:32:57.050  3092  4313 V WindowManager: Changing focus from null to Window{d1a3dc2 u0 com.tcl.gallery/com.tcl.gallery.view.album.AlbumDetailActivity} Callers=com.android.server.wm.WindowManagerService.relayoutWindow:2200 com.android.server.wm.Session.relayout:239 android.view.IWindowSession$Stub.onTransact:286 com.android.server.wm.Session.onTransact:163 
08-14 15:32:57.050  3092  4313 D WindowManager: Input focus has changed to Window{d1a3dc2 u0 com.tcl.gallery/com.tcl.gallery.view.album.AlbumDetailActivity}
08-14 15:32:57.054  3092  3338 I WindowManager: Focus moving from null to Window{d1a3dc2 u0 com.tcl.gallery/com.tcl.gallery.view.album.AlbumDetailActivity}
08-14 15:32:57.218  3092  4240 D IdleScreen: activityIdleScreen: android.app.ContextImpl@1a7f348 mNotifyNeeded: false idleIntent: Intent { act=android.intent.action.PICK typ=image/* cmp=com.tcl.gallery/.view.album.AlbumDetailActivity (has extras) }
08-14 15:32:57.466  3092  3419 D NetdConnector: SND -> {1067 bandwidth gettetherstats}
08-14 15:32:57.467  3092  3565 D NetdConnector: RCV <- {200 1067 Tethering stats list completed}
08-14 15:32:57.472  3092  3419 I NetworkStatsRecorder: recordSnapshotLocked: ident[[{type=WIFI, subType=COMBINED, networkId="HG532e-ZSD2MB", metered=false}]]
08-14 15:32:57.472  3092  3419 W NetworkStatsRecorder: unknown interfaces [lo], ignoring those stats
08-14 15:32:57.473  3092  3419 I NetworkStatsRecorder: recordSnapshotLocked: ident[[{type=WIFI, subType=COMBINED, networkId="HG532e-ZSD2MB", metered=false}]]
08-14 15:32:57.473  3092  3419 W NetworkStatsRecorder: unknown interfaces [lo], ignoring those stats
08-14 15:32:57.473  3092  3419 D NetworkStatsRecorder: vpnArray:[Lcom.android.internal.net.VpnInfo;@4ecf6e6
08-14 15:32:57.473  3092  3419 W NetworkStatsRecorder: unknown interfaces [lo], ignoring those stats
08-14 15:32:57.473  3092  3419 D NetworkStatsRecorder: vpnArray:[Lcom.android.internal.net.VpnInfo;@4ecf6e6
08-14 15:32:57.473  3092  3419 W NetworkStatsRecorder: unknown interfaces [lo], ignoring those stats
08-14 15:32:57.476  3092  3419 D NetworkStatsRecorder: loadLocked() reading from disk for uid
08-14 15:32:57.485  3092  3419 D NetdConnector: SND -> {1068 bandwidth gettetherstats}
08-14 15:32:57.486  3092  3565 D NetdConnector: RCV <- {200 1068 Tethering stats list completed}
08-14 15:32:57.490  3092  3419 W NetworkStatsRecorder: unknown interfaces [lo], ignoring those stats
08-14 15:32:57.491  3092  3419 W NetworkStatsRecorder: unknown interfaces [lo], ignoring those stats
08-14 15:32:57.491  3092  3419 D NetworkStatsRecorder: vpnArray:[Lcom.android.internal.net.VpnInfo;@8036427
08-14 15:32:57.491  3092  3419 W NetworkStatsRecorder: unknown interfaces [lo], ignoring those stats
08-14 15:32:57.491  3092  3419 D NetworkStatsRecorder: vpnArray:[Lcom.android.internal.net.VpnInfo;@8036427
08-14 15:32:57.492  3092  3419 W NetworkStatsRecorder: unknown interfaces [lo], ignoring those stats
08-14 15:32:57.839  3092  4240 V WindowManager: Set focused app to: AppWindowToken{f6d1e6b token=Token{2c3dfba ActivityRecord{fe97fdc u0 com.tcl.gallery/.singlepick.SinglePickActivity t599}}} old focus=AppWindowToken{a5a3f37 token=Token{ad91436 ActivityRecord{8b031d1 u0 com.tcl.gallery/.view.album.AlbumDetailActivity t599}}} moveFocusNow=true
08-14 15:32:57.840  3092  4240 V WindowManager: Changing focus from Window{d1a3dc2 u0 com.tcl.gallery/com.tcl.gallery.view.album.AlbumDetailActivity} to null Callers=com.android.server.wm.WindowManagerService.setFocusedApp:2772 com.android.server.am.ActivityManagerService.setResumedActivityUncheckLocked:3314 com.android.server.am.ActivityStack.setResumedActivityLocked:2284 com.android.server.am.ActivityStack.resumeTopActivityInnerLocked:2599 
08-14 15:32:57.840  3092  4240 D WindowManager: Input focus has changed to null
08-14 15:32:57.844  3092  3338 I WindowManager: Focus moving from Window{d1a3dc2 u0 com.tcl.gallery/com.tcl.gallery.view.album.AlbumDetailActivity} to null
08-14 15:32:57.859  3092 24496 V WindowManager: Set focused app to: AppWindowToken{eeaec44 token=Token{b2d4957 ActivityRecord{98772d6 u0 com.tcl.gallery/.app.PermissionActivity t599}}} old focus=AppWindowToken{f6d1e6b token=Token{2c3dfba ActivityRecord{fe97fdc u0 com.tcl.gallery/.singlepick.SinglePickActivity t599}}} moveFocusNow=true
08-14 15:32:57.879  3092 24496 V WindowManager: Set focused app to: AppWindowToken{91db0d4 token=Token{c121e0e ActivityRecord{d525c09 u0 com.android.tcl.tensorflowlite/com.android.tcl.tensorflow.RecognizeTensorFlow t599}}} old focus=AppWindowToken{eeaec44 token=Token{b2d4957 ActivityRecord{98772d6 u0 com.tcl.gallery/.app.PermissionActivity t599}}} moveFocusNow=true
08-14 15:32:57.880  3092  3419 D DuraSpeed/DSPolicyBase: [setCurrentLauncher] = com.tct.launcher
08-14 15:32:57.881  3092  3419 D DuraSpeed/DuraSpeedInternalManager: switchState currentPackage = com.android.tcl.tensorflowlite, event =1004
08-14 15:32:57.881  3092 24496 V SettingsProvider: name : tct_nav_top_pkg_info appId : 1000
08-14 15:32:57.885  3092  3419 D NetdConnector: SND -> {1069 bandwidth gettetherstats}
08-14 15:32:57.886  3092  3565 D NetdConnector: RCV <- {200 1069 Tethering stats list completed}
08-14 15:32:57.890  3092  3419 W NetworkStatsRecorder: unknown interfaces [lo], ignoring those stats
08-14 15:32:57.890  3092  3419 W NetworkStatsRecorder: unknown interfaces [lo], ignoring those stats
08-14 15:32:57.891  3092  3419 D NetworkStatsRecorder: vpnArray:[Lcom.android.internal.net.VpnInfo;@949fcbe
08-14 15:32:57.892  3092  3419 W NetworkStatsRecorder: unknown interfaces [lo], ignoring those stats
08-14 15:32:57.892  3092  3419 D NetworkStatsRecorder: vpnArray:[Lcom.android.internal.net.VpnInfo;@949fcbe
08-14 15:32:57.892  3092  3419 W NetworkStatsRecorder: unknown interfaces [lo], ignoring those stats
08-14 15:32:57.896  3092  4240 V SettingsProvider: name : nav_bar_pin appId : 10056
08-14 15:32:57.898  3092  4240 V SettingsProvider: Package name : com.android.systemui privateFlags : 4200
08-14 15:32:57.900  3092  3419 D NetdConnector: SND -> {1070 bandwidth gettetherstats}
08-14 15:32:57.901  3092  3565 D NetdConnector: RCV <- {200 1070 Tethering stats list completed}
08-14 15:32:57.906  3092  3419 W NetworkStatsRecorder: unknown interfaces [lo], ignoring those stats
08-14 15:32:57.907  3092  3419 W NetworkStatsRecorder: unknown interfaces [lo], ignoring those stats
08-14 15:32:57.907  3092  3419 D NetworkStatsRecorder: vpnArray:[Lcom.android.internal.net.VpnInfo;@6b56235
08-14 15:32:57.907  3092  3419 W NetworkStatsRecorder: unknown interfaces [lo], ignoring those stats
08-14 15:32:57.908  3092  3419 D NetworkStatsRecorder: vpnArray:[Lcom.android.internal.net.VpnInfo;@6b56235
08-14 15:32:57.908  3092  3419 W NetworkStatsRecorder: unknown interfaces [lo], ignoring those stats
08-14 15:32:57.922  3092  3419 D DuraSpeed/DSPolicyFactory: Application = com.android.tcl.tensorflowlite (24MB), FreeMemory = 758MB
08-14 15:32:57.922  3092  3419 D DuraSpeed/DuraSpeedInternalManager: skip doSuppression
08-14 15:32:57.922  3092  3419 D DuraSpeed/DuraSpeedInternalManager: switchState end
08-14 15:32:57.943  3092  4264 I WindowManager: Relayout Window{6356acc u0 com.android.tcl.tensorflowlite/com.android.tcl.tensorflow.RecognizeTensorFlow}: oldVis=4 newVis=0 focusMayChange = true
08-14 15:32:57.946  3092  4264 V WindowManager: Changing focus from null to Window{6356acc u0 com.android.tcl.tensorflowlite/com.android.tcl.tensorflow.RecognizeTensorFlow} Callers=com.android.server.wm.WindowManagerService.relayoutWindow:2200 com.android.server.wm.Session.relayout:239 android.view.IWindowSession$Stub.onTransact:286 com.android.server.wm.Session.onTransact:163 
08-14 15:32:57.946  3092  4264 D WindowManager: Input focus has changed to Window{6356acc u0 com.android.tcl.tensorflowlite/com.android.tcl.tensorflow.RecognizeTensorFlow}
08-14 15:32:57.950  3092  3338 I WindowManager: Focus moving from null to Window{6356acc u0 com.android.tcl.tensorflowlite/com.android.tcl.tensorflow.RecognizeTensorFlow}
08-14 15:32:58.031  3092  4240 D IdleScreen: activityIdleScreen: android.app.ContextImpl@1a7f348 mNotifyNeeded: false idleIntent: Intent { act=android.intent.action.MAIN cat=[android.intent.category.LAUNCHER] flg=0x10000000 cmp=com.android.tcl.tensorflowlite/com.android.tcl.tensorflow.RecognizeTensorFlow }
08-14 15:32:59.763  3092  4240 I ActivityManager: START u0 {act=android.intent.action.PICK typ=image/* cmp=com.tcl.gallery/.app.PermissionActivity} from uid 10144
08-14 15:32:59.803  3092  3419 D DuraSpeed/DSPolicyBase: [setCurrentLauncher] = com.tct.launcher
08-14 15:32:59.803  3092  3419 D DuraSpeed/DuraSpeedInternalManager: switchState currentPackage = com.tcl.gallery, event =1004
08-14 15:32:59.804  3092  4240 V SettingsProvider: name : tct_nav_top_pkg_info appId : 1000
08-14 15:32:59.806  3092  3419 D NetdConnector: SND -> {1071 bandwidth gettetherstats}
08-14 15:32:59.807  3092  3565 D NetdConnector: RCV <- {200 1071 Tethering stats list completed}
08-14 15:32:59.808  3092  4240 V WindowManager: Set focused app to: AppWindowToken{442a5 token=Token{690689c ActivityRecord{434200f u0 com.tcl.gallery/.app.PermissionActivity t599}}} old focus=AppWindowToken{91db0d4 token=Token{c121e0e ActivityRecord{d525c09 u0 com.android.tcl.tensorflowlite/com.android.tcl.tensorflow.RecognizeTensorFlow t599}}} moveFocusNow=true
08-14 15:32:59.809  3092  4240 V WindowManager: Changing focus from Window{6356acc u0 com.android.tcl.tensorflowlite/com.android.tcl.tensorflow.RecognizeTensorFlow} to null Callers=com.android.server.wm.WindowManagerService.setFocusedApp:2772 com.android.server.am.ActivityManagerService.setResumedActivityUncheckLocked:3314 com.android.server.am.ActivityStack.setResumedActivityLocked:2284 com.android.server.am.ActivityStack.minimalResumeActivityLocked:1093 
08-14 15:32:59.809  3092  4240 D WindowManager: Input focus has changed to null
08-14 15:32:59.811  3092  3338 I WindowManager: Focus moving from Window{6356acc u0 com.android.tcl.tensorflowlite/com.android.tcl.tensorflow.RecognizeTensorFlow} to null
08-14 15:32:59.811  3092  3419 I NetworkStatsRecorder: recordSnapshotLocked: ident[[{type=WIFI, subType=COMBINED, networkId="HG532e-ZSD2MB", metered=false}]]
08-14 15:32:59.812  3092  3419 W NetworkStatsRecorder: unknown interfaces [lo], ignoring those stats
08-14 15:32:59.812  3092  3419 I NetworkStatsRecorder: recordSnapshotLocked: ident[[{type=WIFI, subType=COMBINED, networkId="HG532e-ZSD2MB", metered=false}]]
08-14 15:32:59.812  3092  3419 W NetworkStatsRecorder: unknown interfaces [lo], ignoring those stats
08-14 15:32:59.812  3092  3419 D NetworkStatsRecorder: vpnArray:[Lcom.android.internal.net.VpnInfo;@ebcd67a
08-14 15:32:59.812  3092  3419 W NetworkStatsRecorder: unknown interfaces [lo], ignoring those stats
08-14 15:32:59.812  3092  3419 D NetworkStatsRecorder: vpnArray:[Lcom.android.internal.net.VpnInfo;@ebcd67a
08-14 15:32:59.812  3092  3419 W NetworkStatsRecorder: unknown interfaces [lo], ignoring those stats
08-14 15:32:59.823  3092  4313 V SettingsProvider: name : nav_bar_pin appId : 10056
08-14 15:32:59.825  3092  4313 V SettingsProvider: Package name : com.android.systemui privateFlags : 4200
08-14 15:32:59.827  3092  3419 D NetdConnector: SND -> {1072 bandwidth gettetherstats}
08-14 15:32:59.828  3092  3565 D NetdConnector: RCV <- {200 1072 Tethering stats list completed}
08-14 15:32:59.833  2686  2686 I AttrNameManager: <<<<<<<<<mService = android.app.IAttrNameManager$Stub$Proxy@e18d73
08-14 15:32:59.833  3092  3419 W NetworkStatsRecorder: unknown interfaces [lo], ignoring those stats
08-14 15:32:59.834  3092  3419 W NetworkStatsRecorder: unknown interfaces [lo], ignoring those stats
08-14 15:32:59.834  3092  3419 D NetworkStatsRecorder: vpnArray:[Lcom.android.internal.net.VpnInfo;@231e046
08-14 15:32:59.834  3092  3419 W NetworkStatsRecorder: unknown interfaces [lo], ignoring those stats
08-14 15:32:59.834  3092  3419 D NetworkStatsRecorder: vpnArray:[Lcom.android.internal.net.VpnInfo;@231e046
08-14 15:32:59.834  3092  3419 W NetworkStatsRecorder: unknown interfaces [lo], ignoring those stats
08-14 15:32:59.846  3092  3419 D DuraSpeed/DSPolicyFactory: Application = com.tcl.gallery (19MB), FreeMemory = 755MB
08-14 15:32:59.846  3092  3419 D DuraSpeed/DuraSpeedInternalManager: skip doSuppression
08-14 15:32:59.846  3092  3419 D DuraSpeed/DuraSpeedInternalManager: switchState end
08-14 15:32:59.856  3092 24496 I ActivityManager: START u0 {act=android.intent.action.PICK typ=image/* cmp=com.tcl.gallery/.singlepick.SinglePickActivity} from uid 10111
08-14 15:32:59.869  3092  4313 I WindowManager: Relayout Window{3872f34 u0 com.tcl.gallery/com.tcl.gallery.app.PermissionActivity}: oldVis=4 newVis=0 focusMayChange = true
08-14 15:32:59.871  3092  4313 V WindowManager: Changing focus from null to Window{3872f34 u0 com.tcl.gallery/com.tcl.gallery.app.PermissionActivity} Callers=com.android.server.wm.WindowManagerService.relayoutWindow:2200 com.android.server.wm.Session.relayout:239 android.view.IWindowSession$Stub.onTransact:286 com.android.server.wm.Session.onTransact:163 
08-14 15:32:59.871  3092  4313 D WindowManager: Input focus has changed to Window{3872f34 u0 com.tcl.gallery/com.tcl.gallery.app.PermissionActivity}
08-14 15:32:59.891  3092  3338 I WindowManager: Focus moving from null to Window{3872f34 u0 com.tcl.gallery/com.tcl.gallery.app.PermissionActivity}
08-14 15:32:59.899  3092  4264 V WindowManager: Set focused app to: AppWindowToken{8a6b7a3 token=Token{f9bbad2 ActivityRecord{729215d u0 com.tcl.gallery/.singlepick.SinglePickActivity t599}}} old focus=AppWindowToken{442a5 token=Token{690689c ActivityRecord{434200f u0 com.tcl.gallery/.app.PermissionActivity t599}}} moveFocusNow=true
08-14 15:32:59.900  3092  4264 V WindowManager: Changing focus from Window{3872f34 u0 com.tcl.gallery/com.tcl.gallery.app.PermissionActivity} to null Callers=com.android.server.wm.WindowManagerService.setFocusedApp:2772 com.android.server.am.ActivityManagerService.setResumedActivityUncheckLocked:3314 com.android.server.am.ActivityStack.setResumedActivityLocked:2284 com.android.server.am.ActivityStack.minimalResumeActivityLocked:1093 
08-14 15:32:59.900  3092  4264 D WindowManager: Input focus has changed to null
08-14 15:32:59.902  3092  3338 I WindowManager: Focus moving from Window{3872f34 u0 com.tcl.gallery/com.tcl.gallery.app.PermissionActivity} to null
08-14 15:32:59.934  2686  2686 I AttrNameManager: <<<<<<<<<mService = android.app.IAttrNameManager$Stub$Proxy@b2dca90
08-14 15:32:59.956  3092  4264 I WindowManager: Relayout Window{e56b21e u0 com.tcl.gallery/com.tcl.gallery.singlepick.SinglePickActivity}: oldVis=4 newVis=0 focusMayChange = true
08-14 15:32:59.960  3092  4264 V WindowManager: Changing focus from null to Window{e56b21e u0 com.tcl.gallery/com.tcl.gallery.singlepick.SinglePickActivity} Callers=com.android.server.wm.WindowManagerService.relayoutWindow:2200 com.android.server.wm.Session.relayout:239 android.view.IWindowSession$Stub.onTransact:286 com.android.server.wm.Session.onTransact:163 
08-14 15:32:59.960  3092  4264 D WindowManager: Input focus has changed to Window{e56b21e u0 com.tcl.gallery/com.tcl.gallery.singlepick.SinglePickActivity}
08-14 15:32:59.965  3092  3338 I WindowManager: Focus moving from null to Window{e56b21e u0 com.tcl.gallery/com.tcl.gallery.singlepick.SinglePickActivity}
08-14 15:33:00.000  3092  3541 V AlarmManager: Checking for alarms... rtc=1534231980000, elapsed=17076500
08-14 15:33:00.000  3092  3541 V AlarmManager: Triggering alarm #0: Alarm{aeb3d4f type 3 when 17076500 android}
08-14 15:33:00.001  3092  3541 D DataShapingService: [isDataShapingWhitelistApp] packageName: android
08-14 15:33:00.001  3092  3541 D DataShapingUtils: [isDataShapingWhitelistApp] packageName: android, mWhitelist: []
08-14 15:33:00.001  3092  3541 D DataShapingService: [openLteDataUpLinkGate] isForce: false
08-14 15:33:00.002  3092  3541 D DataShapingService: Alarm manager openLteDataUpLinkGate: false
08-14 15:33:00.002  3092  3541 I DataShapingService: openLteGateSuccess = false
08-14 15:33:00.002  3092  3541 V AlarmManager: sending alarm Alarm{aeb3d4f type 3 when 17076500 android}
08-14 15:33:00.062  3092  3105 D IdleScreen: activityIdleScreen: android.app.ContextImpl@1a7f348 mNotifyNeeded: false idleIntent: Intent { act=android.intent.action.PICK typ=image/* cmp=com.tcl.gallery/.singlepick.SinglePickActivity }
08-14 15:33:00.065  3092  4240 D IdleScreen: activityIdleScreen: android.app.ContextImpl@1a7f348 mNotifyNeeded: false idleIntent: Intent { act=android.intent.action.PICK typ=image/* cmp=com.tcl.gallery/.app.PermissionActivity }
08-14 15:33:00.713  3092  4313 I ActivityManager: START u0 {act=android.intent.action.PICK typ=image/* cmp=com.tcl.gallery/.moments.select.SelectMomentMediaItemActivity} from uid 10111
08-14 15:33:00.726  3092  3105 V WindowManager: Set focused app to: AppWindowToken{ca2d1ef token=Token{721dece ActivityRecord{b39a7c9 u0 com.tcl.gallery/.moments.select.SelectMomentMediaItemActivity t599}}} old focus=AppWindowToken{8a6b7a3 token=Token{f9bbad2 ActivityRecord{729215d u0 com.tcl.gallery/.singlepick.SinglePickActivity t599}}} moveFocusNow=true
08-14 15:33:00.727  3092  3105 V WindowManager: Changing focus from Window{e56b21e u0 com.tcl.gallery/com.tcl.gallery.singlepick.SinglePickActivity} to null Callers=com.android.server.wm.WindowManagerService.setFocusedApp:2772 com.android.server.am.ActivityManagerService.setResumedActivityUncheckLocked:3314 com.android.server.am.ActivityStack.setResumedActivityLocked:2284 com.android.server.am.ActivityStack.minimalResumeActivityLocked:1093 
08-14 15:33:00.727  3092  3105 D WindowManager: Input focus has changed to null
08-14 15:33:00.729  3092  3338 I WindowManager: Focus moving from Window{e56b21e u0 com.tcl.gallery/com.tcl.gallery.singlepick.SinglePickActivity} to null
08-14 15:33:00.745  2686  2686 I AttrNameManager: <<<<<<<<<mService = android.app.IAttrNameManager$Stub$Proxy@c880123
08-14 15:33:00.768  3092  4313 I WindowManager: Relayout Window{a0119da u0 com.tcl.gallery/com.tcl.gallery.moments.select.SelectMomentMediaItemActivity}: oldVis=4 newVis=0 focusMayChange = true
08-14 15:33:00.772  3092  4313 V WindowManager: Changing focus from null to Window{a0119da u0 com.tcl.gallery/com.tcl.gallery.moments.select.SelectMomentMediaItemActivity} Callers=com.android.server.wm.WindowManagerService.relayoutWindow:2200 com.android.server.wm.Session.relayout:239 android.view.IWindowSession$Stub.onTransact:286 com.android.server.wm.Session.onTransact:163 
08-14 15:33:00.772  3092  4313 D WindowManager: Input focus has changed to Window{a0119da u0 com.tcl.gallery/com.tcl.gallery.moments.select.SelectMomentMediaItemActivity}
08-14 15:33:00.776  3092  3338 I WindowManager: Focus moving from null to Window{a0119da u0 com.tcl.gallery/com.tcl.gallery.moments.select.SelectMomentMediaItemActivity}
08-14 15:33:00.909  3092  4240 D IdleScreen: activityIdleScreen: android.app.ContextImpl@1a7f348 mNotifyNeeded: false idleIntent: Intent { act=android.intent.action.PICK typ=image/* cmp=com.tcl.gallery/.moments.select.SelectMomentMediaItemActivity }
08-14 15:33:01.737  3092  4313 V WindowManager: Set focused app to: AppWindowToken{8a6b7a3 token=Token{f9bbad2 ActivityRecord{729215d u0 com.tcl.gallery/.singlepick.SinglePickActivity t599}}} old focus=AppWindowToken{ca2d1ef token=Token{721dece ActivityRecord{b39a7c9 u0 com.tcl.gallery/.moments.select.SelectMomentMediaItemActivity t599}}} moveFocusNow=true
08-14 15:33:01.738  3092  4313 V WindowManager: Changing focus from Window{a0119da u0 com.tcl.gallery/com.tcl.gallery.moments.select.SelectMomentMediaItemActivity} to null Callers=com.android.server.wm.WindowManagerService.setFocusedApp:2772 com.android.server.am.ActivityManagerService.setResumedActivityUncheckLocked:3314 com.android.server.am.ActivityStack.setResumedActivityLocked:2284 com.android.server.am.ActivityStack.resumeTopActivityInnerLocked:2599 
08-14 15:33:01.738  3092  4313 D WindowManager: Input focus has changed to null
08-14 15:33:01.742  3092  3338 I WindowManager: Focus moving from Window{a0119da u0 com.tcl.gallery/com.tcl.gallery.moments.select.SelectMomentMediaItemActivity} to null
08-14 15:33:01.757  3092 24496 V WindowManager: Set focused app to: AppWindowToken{442a5 token=Token{690689c ActivityRecord{434200f u0 com.tcl.gallery/.app.PermissionActivity t599}}} old focus=AppWindowToken{8a6b7a3 token=Token{f9bbad2 ActivityRecord{729215d u0 com.tcl.gallery/.singlepick.SinglePickActivity t599}}} moveFocusNow=true
08-14 15:33:01.777  3092  4313 V WindowManager: Set focused app to: AppWindowToken{91db0d4 token=Token{c121e0e ActivityRecord{d525c09 u0 com.android.tcl.tensorflowlite/com.android.tcl.tensorflow.RecognizeTensorFlow t599}}} old focus=AppWindowToken{442a5 token=Token{690689c ActivityRecord{434200f u0 com.tcl.gallery/.app.PermissionActivity t599}}} moveFocusNow=true
08-14 15:33:01.779  3092  3419 D DuraSpeed/DSPolicyBase: [setCurrentLauncher] = com.tct.launcher
08-14 15:33:01.779  3092  3419 D DuraSpeed/DuraSpeedInternalManager: switchState currentPackage = com.android.tcl.tensorflowlite, event =1004
08-14 15:33:01.780  3092  4313 V SettingsProvider: name : tct_nav_top_pkg_info appId : 1000
08-14 15:33:01.783  3092  3419 D NetdConnector: SND -> {1073 bandwidth gettetherstats}
08-14 15:33:01.784  3092  3565 D NetdConnector: RCV <- {200 1073 Tethering stats list completed}
08-14 15:33:01.789  3092  3419 I NetworkStatsRecorder: recordSnapshotLocked: ident[[{type=WIFI, subType=COMBINED, networkId="HG532e-ZSD2MB", metered=false}]]
08-14 15:33:01.791  3092  3419 W NetworkStatsRecorder: unknown interfaces [lo], ignoring those stats
08-14 15:33:01.791  3092  3419 I NetworkStatsRecorder: recordSnapshotLocked: ident[[{type=WIFI, subType=COMBINED, networkId="HG532e-ZSD2MB", metered=false}]]
08-14 15:33:01.791  3092  3419 W NetworkStatsRecorder: unknown interfaces [lo], ignoring those stats
08-14 15:33:01.791  3092  3419 D NetworkStatsRecorder: vpnArray:[Lcom.android.internal.net.VpnInfo;@db13271
08-14 15:33:01.791  3092  3419 I NetworkStatsRecorder: recordSnapshotLocked: ident[[{type=WIFI, subType=COMBINED, networkId="HG532e-ZSD2MB", metered=false}]]
08-14 15:33:01.792  3092  3419 I NetworkStatsRecorder: recordSnapshotLocked: ident[[{type=WIFI, subType=COMBINED, networkId="HG532e-ZSD2MB", metered=false}]]
08-14 15:33:01.792  3092  3419 W NetworkStatsRecorder: unknown interfaces [lo], ignoring those stats
08-14 15:33:01.792  3092  3419 D NetworkStatsRecorder: vpnArray:[Lcom.android.internal.net.VpnInfo;@db13271
08-14 15:33:01.792  3092  3419 I NetworkStatsRecorder: recordSnapshotLocked: ident[[{type=WIFI, subType=COMBINED, networkId="HG532e-ZSD2MB", metered=false}]]
08-14 15:33:01.793  3092  3419 W NetworkStatsRecorder: unknown interfaces [lo], ignoring those stats
08-14 15:33:01.794  3092  4264 V SettingsProvider: name : nav_bar_pin appId : 10056
08-14 15:33:01.796  3092  4264 V SettingsProvider: Package name : com.android.systemui privateFlags : 4200
08-14 15:33:01.801  3092  3419 D NetdConnector: SND -> {1074 bandwidth gettetherstats}
08-14 15:33:01.802  3092  3565 D NetdConnector: RCV <- {200 1074 Tethering stats list completed}
08-14 15:33:01.807  3092  3419 W NetworkStatsRecorder: unknown interfaces [lo], ignoring those stats
08-14 15:33:01.807  3092  3419 W NetworkStatsRecorder: unknown interfaces [lo], ignoring those stats
08-14 15:33:01.808  3092  3419 D NetworkStatsRecorder: vpnArray:[Lcom.android.internal.net.VpnInfo;@763c0d7
08-14 15:33:01.808  3092  3419 W NetworkStatsRecorder: unknown interfaces [lo], ignoring those stats
08-14 15:33:01.808  3092  3419 D NetworkStatsRecorder: vpnArray:[Lcom.android.internal.net.VpnInfo;@763c0d7
08-14 15:33:01.808  3092  3419 W NetworkStatsRecorder: unknown interfaces [lo], ignoring those stats
08-14 15:33:01.821  3092  3419 D DuraSpeed/DSPolicyFactory: Application = com.android.tcl.tensorflowlite (24MB), FreeMemory = 753MB
08-14 15:33:01.821  3092  3419 D DuraSpeed/DuraSpeedInternalManager: skip doSuppression
08-14 15:33:01.822  3092  3419 D DuraSpeed/DuraSpeedInternalManager: switchState end
08-14 15:33:01.836  3092  4313 I WindowManager: Relayout Window{6356acc u0 com.android.tcl.tensorflowlite/com.android.tcl.tensorflow.RecognizeTensorFlow}: oldVis=4 newVis=0 focusMayChange = true
08-14 15:33:01.839  3092  4313 V WindowManager: Changing focus from null to Window{6356acc u0 com.android.tcl.tensorflowlite/com.android.tcl.tensorflow.RecognizeTensorFlow} Callers=com.android.server.wm.WindowManagerService.relayoutWindow:2200 com.android.server.wm.Session.relayout:239 android.view.IWindowSession$Stub.onTransact:286 com.android.server.wm.Session.onTransact:163 
08-14 15:33:01.839  3092  4313 D WindowManager: Input focus has changed to Window{6356acc u0 com.android.tcl.tensorflowlite/com.android.tcl.tensorflow.RecognizeTensorFlow}
08-14 15:33:01.846  3092  3338 I WindowManager: Focus moving from null to Window{6356acc u0 com.android.tcl.tensorflowlite/com.android.tcl.tensorflow.RecognizeTensorFlow}
08-14 15:33:01.921  3092  3105 D IdleScreen: activityIdleScreen: android.app.ContextImpl@1a7f348 mNotifyNeeded: false idleIntent: Intent { act=android.intent.action.MAIN cat=[android.intent.category.LAUNCHER] flg=0x10000000 cmp=com.android.tcl.tensorflowlite/com.android.tcl.tensorflow.RecognizeTensorFlow }
08-14 15:33:03.611  3092  3105 I ActivityManager: START u0 {act=android.intent.action.PICK typ=image/* cmp=com.tcl.gallery/.app.PermissionActivity} from uid 10144
08-14 15:33:03.648  3092  3419 D DuraSpeed/DSPolicyBase: [setCurrentLauncher] = com.tct.launcher
08-14 15:33:03.649  3092  3419 D DuraSpeed/DuraSpeedInternalManager: switchState currentPackage = com.tcl.gallery, event =1004
08-14 15:33:03.650  3092  3105 V SettingsProvider: name : tct_nav_top_pkg_info appId : 1000
08-14 15:33:03.653  3092  3419 D NetdConnector: SND -> {1075 bandwidth gettetherstats}
08-14 15:33:03.654  3092  3565 D NetdConnector: RCV <- {200 1075 Tethering stats list completed}
08-14 15:33:03.654  3092  3105 V WindowManager: Set focused app to: AppWindowToken{ac1fdeb token=Token{7ea8d3a ActivityRecord{68f9c65 u0 com.tcl.gallery/.app.PermissionActivity t599}}} old focus=AppWindowToken{91db0d4 token=Token{c121e0e ActivityRecord{d525c09 u0 com.android.tcl.tensorflowlite/com.android.tcl.tensorflow.RecognizeTensorFlow t599}}} moveFocusNow=true
08-14 15:33:03.655  3092  3105 V WindowManager: Changing focus from Window{6356acc u0 com.android.tcl.tensorflowlite/com.android.tcl.tensorflow.RecognizeTensorFlow} to null Callers=com.android.server.wm.WindowManagerService.setFocusedApp:2772 com.android.server.am.ActivityManagerService.setResumedActivityUncheckLocked:3314 com.android.server.am.ActivityStack.setResumedActivityLocked:2284 com.android.server.am.ActivityStack.minimalResumeActivityLocked:1093 
08-14 15:33:03.655  3092  3105 D WindowManager: Input focus has changed to null
